ARM Linker, 4.1 [Build 481] [Standard]

==============================================================================

Section Cross References

    main.o(.text) refers to printfa.o(i.__0printf) for __2printf
    startup_venus.o(RESET) refers to startup_venus.o(.bss) for __initial_sp
    startup_venus.o(RESET) refers to startup_venus.o(.text) for Reset_Handler
    startup_venus.o(RESET) refers to wm_rtos.o(.emb_text) for SVC_Handler
    startup_venus.o(RESET) refers to wm_rtos.o(.text) for OS_CPU_SysTickHandler
    startup_venus.o(RESET) refers to wm_driver.o(.text) for SDIO_RX_IRQHandler
    startup_venus.o(RESET) refers to tls_wl_core.o(.text) for tls_wl_mac_isr
    startup_venus.o(RESET) refers to wm_common.o(.text) for RSA_IRQHandler
    startup_venus.o(.text) refers to wm_driver.o(.text) for Uart0Init
    startup_venus.o(.text) refers to entry.o(.ARM.Collect$$$$00000000) for __main
    retarget.o(.text) refers to strlen.o(.text) for strlen
    retarget.o(.text) refers to retarget.o(.bss) for .bss
    wm_main.o(.text) refers to wm_driver.o(.text) for tls_sys_clk_get
    wm_main.o(.text) refers to misc.o(.text) for NVIC_PriorityGroupConfig
    wm_main.o(.text) refers to wm_common.o(.text) for tls_crypto_init
    wm_main.o(.text) refers to tls_wl_core.o(.text) for tls_wifi_mem_cfg
    wm_main.o(.text) refers to wpa_supplicant.o(.text) for wpa_supplicant_init
    wm_main.o(.text) refers to lwip2.0.3.o(.text) for tls_ethernet_init
    wm_main.o(.text) refers to tls_sys.o(.text) for tls_sys_init
    wm_main.o(.text) refers to wm_cmd.o(.text) for tls_hostif_init
    wm_main.o(.text) refers to wm_http_compile.o(.text) for http_client_task_init
    wm_main.o(.text) refers to main.o(.text) for UserMain
    wm_main.o(.text) refers to wm_rtos.o(.text) for tls_os_time_delay
    wm_main.o(.text) refers to wm_rtos.o(.constdata) for HZ
    wm_main.o(.text) refers to tls_wl_core.o(.bss) for tx_gain_group
    wm_main.o(.text) refers to wm_main.o(.data) for .data
    wm_main.o(.text) refers to wm_main.o(.bss) for .bss
    tls_sys.o(.text) refers to wm_common.o(.text) for mem_alloc_debug
    tls_sys.o(.text) refers to memmove.o(.text) for __aeabi_memcpy
    tls_sys.o(.text) refers to wm_wifi_api.o(.text) for tls_wifi_softap_create
    tls_sys.o(.text) refers to wm_rtos.o(.text) for tls_os_queue_receive
    tls_sys.o(.text) refers to lwip2.0.3.o(.text) for tls_netif2_set_up
    tls_sys.o(.text) refers to tls_sys.o(.data) for .data
    tls_sys.o(.text) refers to tls_sys.o(.bss) for .bss
    wm_driver.o(.text) refers to wm_rtos.o(.text) for tls_os_sem_release
    wm_driver.o(.text) refers to wm_driver.o(.constdata) for .constdata
    wm_driver.o(.text) refers to wm_driver.o(.bss) for .bss
    wm_driver.o(.text) refers to wm_common.o(.text) for mem_free_debug
    wm_driver.o(.text) refers to memmove.o(.text) for __aeabi_memcpy
    wm_driver.o(.text) refers to misc.o(.text) for NVIC_Configration
    wm_driver.o(.text) refers to memseta.o(.text) for __aeabi_memclr4
    wm_driver.o(.text) refers to printfa.o(i.__0printf) for __2printf
    wm_driver.o(.text) refers to wm_driver.o(.data) for .data
    wm_driver.o(.text) refers to memcmp.o(.text) for memcmp
    wm_driver.o(.data) refers to wm_driver.o(.text) for tls_spifls_drv_read
    wm_common.o(.text) refers to _scanf_int.o(.text) for _scanf_int
    wm_common.o(.text) refers to _scanf_str.o(.text) for _scanf_string
    wm_common.o(.text) refers to wm_rtos.o(.text) for tls_get_isr_count
    wm_common.o(.text) refers to mallocr.o(i.__free$realloc) for free
    wm_common.o(.text) refers to printfa.o(i.__0printf) for __2printf
    wm_common.o(.text) refers to mallocr.o(i.__malloc$realloc) for malloc
    wm_common.o(.text) refers to wm_driver.o(.text) for tls_watchdog_clr
    wm_common.o(.text) refers to memmove.o(.text) for __aeabi_memcpy
    wm_common.o(.text) refers to wm_wifi_oneshot.o(.text) for tls_wifi_set_oneshot_flag
    wm_common.o(.text) refers to wm_wifi_api.o(.text) for tls_wifi_auto_connect_flag
    wm_common.o(.text) refers to wm_common.o(.data) for .data
    wm_common.o(.text) refers to strcpy.o(.text) for strcpy
    wm_common.o(.text) refers to strlen.o(.text) for strlen
    wm_common.o(.text) refers to strncpy.o(.text) for strncpy
    wm_common.o(.text) refers to memseta.o(.text) for __aeabi_memclr4
    wm_common.o(.text) refers to rand.o(.text) for rand
    wm_common.o(.text) refers to wm_common.o(.bss) for .bss
    wm_common.o(.text) refers to wm_rtos.o(.constdata) for HZ
    wm_common.o(.text) refers to wm_common.o(.constdata) for .constdata
    wm_common.o(.text) refers to printfa.o(i.__0sprintf) for __2sprintf
    wm_common.o(.text) refers to atoi.o(.text) for atoi
    wm_common.o(.text) refers to __0sscanf.o(.text) for __0sscanf
    wm_common.o(.text) refers to libtommath.o(.text) for mp_reverse
    wm_common.o(.text) refers to wm_matrixssl_compile.o(.text) for _psError
    wm_common.o(.text) refers to sha256.o(.text) for sha256_done
[...]
    wpa_sm_deauthenticate                    0x0804f0e5   Thumb Code    42  wpas_glue.o(.text)
    wpa_sm_ether_send                        0x0804f10f   Thumb Code    24  wpas_glue.o(.text)
    wpa_sm_set_key                           0x0804f127   Thumb Code    70  wpas_glue.o(.text)
    wpa_sm_disassociate                      0x0804f16d   Thumb Code    42  wpas_glue.o(.text)
    wpa_sm_cancel_auth_timeout               0x0804f197   Thumb Code    10  wpas_glue.o(.text)
    wpa_supplicant_get_state                 0x0804f1a1   Thumb Code     6  wpas_glue.o(.text)
    wpa_supplicant_init_eapol                0x0804f1a7   Thumb Code     4  wpas_glue.o(.text)
    ieee80211_bss_put                        0x0804f1c3   Thumb Code     8  tls_wl_bss.o(.text)
    ieee80211_bss_del                        0x0804f1cb   Thumb Code   130  tls_wl_bss.o(.text)
    ieee80211_bss_flush                      0x0804f24d   Thumb Code    54  tls_wl_bss.o(.text)
    ieee80211_bss_flush_by_age               0x0804f283   Thumb Code    88  tls_wl_bss.o(.text)
    ieee80211_bss_timeout                    0x0804f2db   Thumb Code     8  tls_wl_bss.o(.text)
    ieee80211_bss_list_init                  0x0804f2e3   Thumb Code    74  tls_wl_bss.o(.text)
    ieee80211_bss_add                        0x0804f32d   Thumb Code    84  tls_wl_bss.o(.text)
    ieee80211_bss_get                        0x0804f381   Thumb Code    70  tls_wl_bss.o(.text)
    ieee80211_bss_info_update                0x0804f3c7   Thumb Code   970  tls_wl_bss.o(.text)
    find_ie                                  0x0804f791   Thumb Code    46  tls_wl_bss.o(.text)
    ieee80211_get_match_bss                  0x0804f7bf   Thumb Code    94  tls_wl_bss.o(.text)
    tls_wl_bss_mgmt_task                     0x0804f81d   Thumb Code    32  tls_wl_bss.o(.text)
    mic_block                                0x0804f895   Thumb Code    60  tls_wl_key.o(.text)
    ieee80211_wep_init                       0x0804f8d1   Thumb Code    30  tls_wl_key.o(.text)
    ieee80211_key_alloc                      0x0804f8ef   Thumb Code   216  tls_wl_key.o(.text)
    ieee80211_key_link                       0x0804fa4f   Thumb Code   106  tls_wl_key.o(.text)
    ieee80211_key_free                       0x0804fab9   Thumb Code    42  tls_wl_key.o(.text)
    ieee80211_add_key                        0x0804fae3   Thumb Code    52  tls_wl_key.o(.text)
    ieee80211_del_key                        0x0804fb17   Thumb Code    80  tls_wl_key.o(.text)
    ieee80211_free_keys                      0x0804fb67   Thumb Code    50  tls_wl_key.o(.text)
    tls_wl_get_mgmt_txbuf                    0x0804fbd5   Thumb Code    70  tls_wl_mgmt.o(.text)
    ieee80211_send_probe_req                 0x0804fce3   Thumb Code   452  tls_wl_mgmt.o(.text)
    ieee80211_send_auth                      0x0804fea7   Thumb Code   346  tls_wl_mgmt.o(.text)
    ieee80211_bss_get_ie                     0x08050001   Thumb Code    60  tls_wl_mgmt.o(.text)
    ieee80211_send_assoc                     0x0805003d   Thumb Code   880  tls_wl_mgmt.o(.text)
    ieee80211_send_probe_rsp                 0x080503ad   Thumb Code   138  tls_wl_mgmt.o(.text)
    ieee80211_send_deauth_disassoc           0x08050437   Thumb Code   242  tls_wl_mgmt.o(.text)
    ieee80211_send_nullfunc                  0x08050529   Thumb Code   212  tls_wl_mgmt.o(.text)
    ieee80211_send_pspoll                    0x080505fd   Thumb Code   150  tls_wl_mgmt.o(.text)
    ieee80211_send_mgmt                      0x08050693   Thumb Code   176  tls_wl_mgmt.o(.text)
    ieee80211_send_mgmt_by_rate              0x08050743   Thumb Code   152  tls_wl_mgmt.o(.text)
    ieee80211_set_disassoc                   0x08050aff   Thumb Code   142  tls_wl_mlme.o(.text)
    ieee80211_ht_cap_ie_to_sta_ht_cap        0x08050b8d   Thumb Code   112  tls_wl_mlme.o(.text)
    ieee80211_sta_rx_notify                  0x08050ef3   Thumb Code    14  tls_wl_mlme.o(.text)
    ieee80211_rx_mgmt_beacon_proc_dtim       0x08050f4f   Thumb Code   352  tls_wl_mlme.o(.text)
    disable_rd                               0x08051195   Thumb Code    42  tls_wl_mlme.o(.text)
    ieee80211_send_delba                     0x080511bf   Thumb Code   266  tls_wl_mlme.o(.text)
    __ieee80211_stop_rx_ba_session           0x080512c9   Thumb Code    44  tls_wl_mlme.o(.text)
    ieee80211_stop_tx_ba_cb                  0x080512f5   Thumb Code    38  tls_wl_mlme.o(.text)
    ___ieee80211_stop_tx_ba_session          0x0805131b   Thumb Code    50  tls_wl_mlme.o(.text)
    __ieee80211_stop_tx_ba_session           0x0805134d   Thumb Code    18  tls_wl_mlme.o(.text)
    ieee80211_sta_tear_down_BA_sessions      0x0805135f   Thumb Code    36  tls_wl_mlme.o(.text)
    ieee80211_enable_ht                      0x08051383   Thumb Code   206  tls_wl_mlme.o(.text)
    ieee80211_stop_tx_ba_session             0x08051599   Thumb Code    34  tls_wl_mlme.o(.text)
    ieee80211_process_addba_request          0x080515bb   Thumb Code    38  tls_wl_mlme.o(.text)
    ieee80211_process_addba_resp             0x080515e1   Thumb Code     2  tls_wl_mlme.o(.text)
    ieee80211_process_delba                  0x080515e3   Thumb Code    34  tls_wl_mlme.o(.text)
    ieee80211_process_chanswitch             0x08051605   Thumb Code    48  tls_wl_mlme.o(.text)
    ieee80211_sta_rx_mgmt                    0x080519a5   Thumb Code    76  tls_wl_mlme.o(.text)
    ieee80211_sta_req_auth                   0x080519f1   Thumb Code    68  tls_wl_mlme.o(.text)
    ieee80211_sta_commit                     0x08051a35   Thumb Code    50  tls_wl_mlme.o(.text)
    ieee80211_sta_set_ssid                   0x08051a67   Thumb Code    80  tls_wl_mlme.o(.text)
    ieee80211_sta_config_auth                0x08051ab7   Thumb Code   268  tls_wl_mlme.o(.text)
    ieee80211_sta_timer                      0x08051bc3   Thumb Code    26  tls_wl_mlme.o(.text)
    tls_wl_mlme_init                         0x08051bdd   Thumb Code    46  tls_wl_mlme.o(.text)
    tls_wl_mlme_task                         0x08051c0b   Thumb Code   204  tls_wl_mlme.o(.text)
    tls_wl_mlme_cleanup                      0x08051cd7   Thumb Code    28  tls_wl_mlme.o(.text)
    tls_wl_delay                             0x08052059   Thumb Code    20  tls_wl_phy.o(.text)
    tls_wl_bbp_init                          0x0805206d   Thumb Code    98  tls_wl_phy.o(.text)
    tls_wl_rc_get_max_rate_code              0x080520e1   Thumb Code   282  tls_wl_rc.o(.text)
    rate_supported                           0x080521fb   Thumb Code    18  tls_wl_rc.o(.text)
    hw_set_tx_rate_and_power                 0x0805220d   Thumb Code    56  tls_wl_rc.o(.text)
    hw_set_tx_rate_and_power2                0x08052245   Thumb Code    14  tls_wl_rc.o(.text)
    rc_get_rate_table                        0x08052253   Thumb Code     4  tls_wl_rc.o(.text)
    ieee80211_rate_control_init              0x080524dd   Thumb Code   250  tls_wl_rc.o(.text)
    rate_control_send_low                    0x080525d7   Thumb Code   116  tls_wl_rc.o(.text)
    ieee80211_set_rate                       0x08052a3f   Thumb Code   162  tls_wl_rc.o(.text)
    tls_wl_rc_init                           0x08052ae1   Thumb Code   132  tls_wl_rc.o(.text)
    tls_wl_rx_mem_init                       0x08052c31   Thumb Code    42  tls_wl_rx.o(.text)
    tls_wl_rx_init                           0x08052c5b   Thumb Code   172  tls_wl_rx.o(.text)
    tls_wl_free_rxbuf                        0x08052d07   Thumb Code   100  tls_wl_rx.o(.text)
    ieee80211_rx_defragment                  0x08052d6b   Thumb Code   226  tls_wl_rx.o(.text)
    ieee80211_deliver_frame                  0x08053135   Thumb Code   300  tls_wl_rx.o(.text)
    tls_wl_rx_task                           0x08053a81   Thumb Code   610  tls_wl_rx.o(.text)
    alloc_scan_req                           0x08053fe9   Thumb Code   348  tls_wl_scan.o(.text)
    ieee80211_start_scan                     0x08054145   Thumb Code    66  tls_wl_scan.o(.text)
    ieee80211_scan_completed                 0x08054187   Thumb Code    96  tls_wl_scan.o(.text)
    ieee80211_request_scan                   0x080541e7   Thumb Code    62  tls_wl_scan.o(.text)
    tls_wl_scan_task                         0x08054225   Thumb Code   228  tls_wl_scan.o(.text)
    sta_info_get                             0x0805430d   Thumb Code    76  tls_wl_sta_info.o(.text)
    sta_info_put                             0x0805436d   Thumb Code     8  tls_wl_sta_info.o(.text)
    sta_info_add_with_mode                   0x08054375   Thumb Code   162  tls_wl_sta_info.o(.text)
    sta_info_free                            0x08054417   Thumb Code   208  tls_wl_sta_info.o(.text)
    sta_info_flush                           0x080544e7   Thumb Code    62  tls_wl_sta_info.o(.text)
    sta_info_init                            0x08054525   Thumb Code    30  tls_wl_sta_info.o(.text)
    kref_set                                 0x08054549   Thumb Code     4  tls_wl_util.o(.text)
    kref_init                                0x0805454d   Thumb Code     6  tls_wl_util.o(.text)
    kref_get                                 0x08054553   Thumb Code    22  tls_wl_util.o(.text)
    kref_put                                 0x08054569   Thumb Code    34  tls_wl_util.o(.text)
    ieee80211_sta_get_rates                  0x0805458b   Thumb Code    98  tls_wl_util.o(.text)
    ieee80211_get_bssid                      0x080545ed   Thumb Code   114  tls_wl_util.o(.text)
    ieee80211_channel_to_frequency           0x0805465f   Thumb Code    32  tls_wl_util.o(.text)
    ieee80211_frequency_to_channel           0x0805467f   Thumb Code    38  tls_wl_util.o(.text)
    ieee80211_get_channel                    0x080546a5   Thumb Code    48  tls_wl_util.o(.text)
    ieee802_11_parse_elems                   0x080546d5   Thumb Code   360  tls_wl_util.o(.text)
    ieee80211_set_freq                       0x0805483d   Thumb Code    64  tls_wl_util.o(.text)
    ieee80211_hdrlen                         0x0805487d   Thumb Code    66  tls_wl_util.o(.text)
    ieee80211_ssid_txt                       0x080548bf   Thumb Code    52  tls_wl_util.o(.text)
    ieee80211_beacon_get                     0x080548f3   Thumb Code    78  tls_wl_util.o(.text)
    ieee80211_get_tim_ie                     0x08054941   Thumb Code    34  tls_wl_util.o(.text)
    ieee80211_get_ds_ie                      0x08054963   Thumb Code    30  tls_wl_util.o(.text)
    ieee80211_get_vendor_ie                  0x08054981   Thumb Code    56  tls_wl_util.o(.text)
    IQ_mismatch_power_cal                    0x080549ed   Thumb Code    68  tls_rf_tx_iq.o(.text)
    IQ_mismatch_correlation_method           0x08054a31   Thumb Code  1420  tls_rf_tx_iq.o(.text)
    IQ_mismatch_phase_adjust_fft             0x08054fbd   Thumb Code  1254  tls_rf_tx_iq.o(.text)
    IQ_Mismatch_method                       0x080554a3   Thumb Code   262  tls_rf_tx_iq.o(.text)
    tx_iqmismatch                            0x080555a9   Thumb Code    22  tls_rf_tx_iq.o(.text)
    prepare_IQ_data                          0x080555f9   Thumb Code    98  tx_lo_cal.o(.text)
    prepare_IQ_data_fft                      0x0805565b   Thumb Code    78  tx_lo_cal.o(.text)
    data_acquire_once                        0x080556a9   Thumb Code    44  tx_lo_cal.o(.text)
    read_IQ_data                             0x080556d5   Thumb Code   130  tx_lo_cal.o(.text)
    rf_data_sample_fft_cal                   0x08055757   Thumb Code    40  tx_lo_cal.o(.text)
    rf_data_sample_fft_cal_t                 0x0805577f   Thumb Code    40  tx_lo_cal.o(.text)
    rf_data_sample_correlation_cal           0x080557a7   Thumb Code   304  tx_lo_cal.o(.text)
    LO_Leakage_correlation                   0x080558d7   Thumb Code  1762  tx_lo_cal.o(.text)
    LO_leakage_fft                           0x08055fb9   Thumb Code  1538  tx_lo_cal.o(.text)
    LO_leakage_func_method                   0x080565bb   Thumb Code   352  tx_lo_cal.o(.text)
    rf_loleakage_cal                         0x0805671b   Thumb Code    32  tx_lo_cal.o(.text)
    aes_unwrap                               0x08056751   Thumb Code   186  aes_unwrap.o(.text)
    mlme_deletekeys_request                  0x0805680b   Thumb Code    12  ap_mlme.o(.text)
    mlme_authenticate_indication             0x08056817   Thumb Code    16  ap_mlme.o(.text)
    mlme_deauthenticate_indication           0x08056827   Thumb Code     2  ap_mlme.o(.text)
    mlme_associate_indication                0x08056829   Thumb Code    10  ap_mlme.o(.text)
    mlme_reassociate_indication              0x08056833   Thumb Code    10  ap_mlme.o(.text)
    mlme_disassociate_indication             0x0805683d   Thumb Code     2  ap_mlme.o(.text)
    mlme_michaelmicfailure_indication        0x0805683f   Thumb Code     2  ap_mlme.o(.text)
    hostapd_eid_wmm                          0x0805687b   Thumb Code   158  beacon.o(.text)
    hostapd_eid_wmm_valid                    0x08056919   Thumb Code    18  beacon.o(.text)
    handle_probe_req                         0x08056955   Thumb Code   344  beacon.o(.text)
    ieee802_11_set_beacon                    0x08056aad   Thumb Code   586  beacon.o(.text)
    wpa_ssid_txt                             0x08056d09   Thumb Code    52  common.o(.text)
    hex2byte                                 0x08056d3d   Thumb Code    42  common.o(.text)
    hexstr2bin                               0x08056d67   Thumb Code    48  common.o(.text)
    inc_byte_array                           0x08056d97   Thumb Code    22  common.o(.text)
    wpa_get_ntp_timestamp                    0x08056dad   Thumb Code    48  common.o(.text)
    wpa_auth_for_each_sta                    0x08056e69   Thumb Code    36  wpa_auth.o(.text)
    wpa_auth_logger                          0x08056e8d   Thumb Code     2  wpa_auth.o(.text)
    __wpa_send_eapol                         0x08056efb   Thumb Code   714  wpa_auth.o(.text)
    wpa_remove_ptk                           0x0805799b   Thumb Code    58  wpa_auth.o(.text)
    wpa_init                                 0x08057dcd   Thumb Code   170  wpa_auth.o(.text)
    wpa_init_keys                            0x08057e77   Thumb Code    28  wpa_auth.o(.text)
    wpa_deinit                               0x08057e93   Thumb Code    56  wpa_auth.o(.text)
    wpa_reconfig                             0x08057ecb   Thumb Code    70  wpa_auth.o(.text)
    wpa_auth_sta_init                        0x08057f11   Thumb Code    46  wpa_auth.o(.text)
    wpa_auth_sta_associated                  0x08057f3f   Thumb Code    88  wpa_auth.o(.text)
    wpa_auth_sta_no_wpa                      0x08057f97   Thumb Code    12  wpa_auth.o(.text)
    wpa_auth_sta_deinit                      0x08057fa3   Thumb Code   104  wpa_auth.o(.text)
    wpa_receive                              0x0805800b   Thumb Code   698  wpa_auth.o(.text)
    wpa_auth_sm_event                        0x080582c5   Thumb Code   128  wpa_auth.o(.text)
    wpa_gtk_rekey                            0x08058345   Thumb Code    42  wpa_auth.o(.text)
    wpa_auth_countermeasures_start           0x0805836f   Thumb Code    12  wpa_auth.o(.text)
    wpa_auth_pairwise_set                    0x0805837b   Thumb Code    16  wpa_auth.o(.text)
    wpa_auth_get_pairwise                    0x0805838b   Thumb Code     6  wpa_auth.o(.text)
    wpa_auth_sta_key_mgmt                    0x08058391   Thumb Code    14  wpa_auth.o(.text)
    wpa_auth_sta_wpa_version                 0x0805839f   Thumb Code    10  wpa_auth.o(.text)
    wpa_auth_sta_clear_pmksa                 0x080583a9   Thumb Code    26  wpa_auth.o(.text)
    wpa_auth_sta_get_pmksa                   0x080583c3   Thumb Code    10  wpa_auth.o(.text)
    wpa_auth_sta_local_mic_failure_report    0x080583cd   Thumb Code    16  wpa_auth.o(.text)
    wpa_auth_get_wpa_ie                      0x080583dd   Thumb Code    14  wpa_auth.o(.text)
    hostapd_deinit_wpa                       0x08058509   Thumb Code    30  wpa_auth_glue.o(.text)
    hostapd_setup_wpa                        0x08058527   Thumb Code    98  wpa_auth_glue.o(.text)
    wpa_write_rsn_ie                         0x080586b1   Thumb Code   362  wpa_auth_ie.o(.text)
    wpa_auth_gen_wpa_ie                      0x0805881b   Thumb Code   110  wpa_auth_ie.o(.text)
    wpa_add_kde                              0x08058889   Thumb Code    72  wpa_auth_ie.o(.text)
    wpa_validate_wpa_ie                      0x080588d1   Thumb Code   536  wpa_auth_ie.o(.text)
    wpa_parse_kde_ies                        0x08058ae9   Thumb Code   114  wpa_auth_ie.o(.text)
    wpa_auth_uses_mfp                        0x08058b5b   Thumb Code    14  wpa_auth_ie.o(.text)
    wpa_eapol_key_mic                        0x08058c15   Thumb Code    62  wpa_common.o(.text)
    rsn_pmkid                                0x08058c53   Thumb Code    54  wpa_common.o(.text)
    wpa_pmk_to_ptk                           0x08058c89   Thumb Code   154  wpa_common.o(.text)
    wpa_cipher_txt                           0x08058d23   Thumb Code    56  wpa_common.o(.text)
    wpa_compare_rsn_ie                       0x08058d5b   Thumb Code    32  wpa_common.o(.text)
    wpa_parse_wpa_ie_rsn                     0x08058de5   Thumb Code   334  wpa_common.o(.text)
    wpa_parse_wpa_ie_wpa                     0x08058f9d   Thumb Code   422  wpa_common.o(.text)
    hex2digit                                0x08059143   Thumb Code    42  wpa_common.o(.text)
    hostapd_drv_sta_remove                   0x08059171   Thumb Code     8  hostapd_wpa_driver.o(.text)
    hostapd_set_sta_flags                    0x08059179   Thumb Code     4  hostapd_wpa_driver.o(.text)
    hostapd_sta_flags_to_drv                 0x0805917d   Thumb Code    36  hostapd_wpa_driver.o(.text)
    hostapd_drv_sta_add                      0x080591a1   Thumb Code    76  hostapd_wpa_driver.o(.text)
    hostapd_drv_send_mlme                    0x080591ed   Thumb Code     8  hostapd_wpa_driver.o(.text)
    hostapd_drv_set_ap                       0x080591f5   Thumb Code   194  hostapd_wpa_driver.o(.text)
    hostapd_drv_sta_set_flags                0x080592b7   Thumb Code     4  hostapd_wpa_driver.o(.text)
    hostapd_drv_set_key                      0x080592bb   Thumb Code    38  hostapd_wpa_driver.o(.text)
    hostapd_get_seqnum                       0x080592e1   Thumb Code     4  hostapd_wpa_driver.o(.text)
    hostapd_drv_set_countermeasures          0x080592e5   Thumb Code     4  hostapd_wpa_driver.o(.text)
    hostapd_drv_hapd_send_eapol              0x080592e9   Thumb Code    24  hostapd_wpa_driver.o(.text)
    hostapd_set_freq                         0x08059301   Thumb Code    34  hostapd_wpa_driver.o(.text)
    hostapd_sta_set_flags                    0x08059323   Thumb Code     4  hostapd_wpa_driver.o(.text)
    hostapd_drv_get_inact_sec                0x08059327   Thumb Code     8  hostapd_wpa_driver.o(.text)
    hostapd_set_authorized                   0x0805932f   Thumb Code    14  hostapd_wpa_driver.o(.text)
    hostapd_drv_sta_flush                    0x0805933d   Thumb Code    10  hostapd_wpa_driver.o(.text)
    hostapd_drv_sta_deauth                   0x08059347   Thumb Code    22  hostapd_wpa_driver.o(.text)
    hostapd_drv_sta_disassoc                 0x0805935d   Thumb Code    22  hostapd_wpa_driver.o(.text)
    hostapd_if_add                           0x08059373   Thumb Code     4  hostapd_wpa_driver.o(.text)
    hostapd_set_tx_queue_params              0x08059377   Thumb Code    22  hostapd_wpa_driver.o(.text)
    fftr2_dit_new                            0x080593b5   Thumb Code   190  tls_rf_fft.o(.text)
    ReverseBits                              0x08059473   Thumb Code    30  tls_rf_fft.o(.text)
    NumberOfBitsNeeded                       0x08059491   Thumb Code    20  tls_rf_fft.o(.text)
    bit_rev                                  0x080594a5   Thumb Code    86  tls_rf_fft.o(.text)
    fft                                      0x080594fb   Thumb Code    20  tls_rf_fft.o(.text)
    aes_wrap                                 0x0805951d   Thumb Code   168  aes_wrap.o(.text)
    __aeabi_uldivmod                         0x080595c5   Thumb Code   102  uldiv.o(.text)
    __aeabi_ldivmod                          0x0805962b   Thumb Code    90  ldiv.o(.text)
    __rt_ctype_table                         0x08059685   Thumb Code     4  ctype_o.o(.text)
    isspace                                  0x0805968d   Thumb Code    18  isspace_o.o(.text)
    toupper                                  0x0805969f   Thumb Code    12  toupper.o(.text)
    tolower                                  0x080596ab   Thumb Code    12  tolower.o(.text)
    rand                                     0x080596b9   Thumb Code    20  rand.o(.text)
    srand                                    0x080596cd   Thumb Code     6  rand.o(.text)
    ____aeabi_memcpy8$ret$move               0x080596dd   Thumb Code     0  memmove.o(.text)
    ___aeabi_memmove4$ret                    0x080596dd   Thumb Code     0  memmove.o(.text)
    ___aeabi_memmove8$ret                    0x080596dd   Thumb Code     0  memmove.o(.text)
    __aeabi_memcpy                           0x080596dd   Thumb Code    66  memmove.o(.text)
    __aeabi_memcpy4                          0x080596dd   Thumb Code     0  memmove.o(.text)
    __aeabi_memmove                          0x080596dd   Thumb Code     0  memmove.o(.text)
    memcpy                                   0x080596dd   Thumb Code     0  memmove.o(.text)
    memmove                                  0x080596dd   Thumb Code     0  memmove.o(.text)
    __aeabi_memset                           0x0805971f   Thumb Code    14  memseta.o(.text)
    __aeabi_memset4                          0x0805971f   Thumb Code     0  memseta.o(.text)
    __aeabi_memset8                          0x0805971f   Thumb Code     0  memseta.o(.text)
    __aeabi_memclr                           0x0805972d   Thumb Code     4  memseta.o(.text)
    __aeabi_memclr4                          0x0805972d   Thumb Code     0  memseta.o(.text)
    __aeabi_memclr8                          0x0805972d   Thumb Code     0  memseta.o(.text)
    memset                                   0x08059731   Thumb Code    20  memseta.o(.text)
    strcat                                   0x08059745   Thumb Code    28  strcat.o(.text)
    strstr                                   0x08059761   Thumb Code    44  strstr.o(.text)
    strncpy                                  0x0805978d   Thumb Code    24  strncpy.o(.text)
    strchr                                   0x080597a5   Thumb Code    18  strchr.o(.text)
    strlen                                   0x080597b7   Thumb Code    16  strlen.o(.text)
    strcmp                                   0x080597c7   Thumb Code    28  strcmp.o(.text)
    memchr                                   0x080597e3   Thumb Code    20  memchr.o(.text)
    memcmp                                   0x080597f7   Thumb Code    26  memcmp.o(.text)
    strcpy                                   0x08059811   Thumb Code    18  strcpy.o(.text)
    strncmp                                  0x08059823   Thumb Code    30  strncmp.o(.text)
    strcasecmp                               0x08059841   Thumb Code    42  strcasecmp.o(.text)
    __0sscanf                                0x0805986d   Thumb Code    48  __0sscanf.o(.text)
    _scanf_int                               0x080598a5   Thumb Code   334  _scanf_int.o(.text)
    _scanf_string                            0x080599f3   Thumb Code   216  _scanf_str.o(.text)
    atoi                                     0x08059acb   Thumb Code    26  atoi.o(.text)
    atol                                     0x08059ae5   Thumb Code    26  atol.o(.text)
    __aeabi_dadd                             0x08059aff   Thumb Code   318  dadd.o(.text)
    __aeabi_dsub                             0x08059c3d   Thumb Code     6  dadd.o(.text)
    __aeabi_drsub                            0x08059c43   Thumb Code     6  dadd.o(.text)
    __aeabi_dmul                             0x08059c49   Thumb Code   226  dmul.o(.text)
    __aeabi_ddiv                             0x08059d2b   Thumb Code   222  ddiv.o(.text)
    __ARM_scalbn                             0x08059e09   Thumb Code    46  dscalb.o(.text)
    scalbn                                   0x08059e09   Thumb Code     0  dscalb.o(.text)
    __aeabi_i2d                              0x08059e37   Thumb Code    34  dflti.o(.text)
    __aeabi_ui2d                             0x08059e59   Thumb Code    26  dfltui.o(.text)
    __aeabi_d2iz                             0x08059e73   Thumb Code    62  dfixi.o(.text)
    __aeabi_d2ulz                            0x08059eb1   Thumb Code    48  dfixul.o(.text)
    __aeabi_cdrcmple                         0x08059ee1   Thumb Code    38  cdrcmple.o(.text)
    __aeabi_uidiv                            0x08059f09   Thumb Code     0  uidiv.o(.text)
    __aeabi_uidivmod                         0x08059f09   Thumb Code    44  uidiv.o(.text)
    __aeabi_llsl                             0x08059f35   Thumb Code    30  llshl.o(.text)
    _ll_shift_l                              0x08059f35   Thumb Code     0  llshl.o(.text)
    __aeabi_llsr                             0x08059f53   Thumb Code    32  llushr.o(.text)
    _ll_ushift_r                             0x08059f53   Thumb Code     0  llushr.o(.text)
    __aeabi_lasr                             0x08059f73   Thumb Code    36  llsshr.o(.text)
    _ll_sshift_r                             0x08059f73   Thumb Code     0  llsshr.o(.text)
    _chval                                   0x08059f97   Thumb Code    32  _chval.o(.text)
    __vfscanf_char                           0x08059fc5   Thumb Code    22  scanf_char.o(.text)
    _sgetc                                   0x08059fe5   Thumb Code    30  _sgetc.o(.text)
    _sbackspace                              0x0805a003   Thumb Code    34  _sgetc.o(.text)
    strtol                                   0x0805a025   Thumb Code   112  strtol.o(.text)
    __I$use$fp                               0x0805a095   Thumb Code     0  iusefp.o(.text)
    _double_round                            0x0805a095   Thumb Code    26  depilogue.o(.text)
    _double_epilogue                         0x0805a0af   Thumb Code   168  depilogue.o(.text)
    __scatterload                            0x0805a159   Thumb Code    28  init.o(.text)
    __scatterload_rt2                        0x0805a159   Thumb Code     0  init.o(.text)
    __vfscanf                                0x0805a17d   Thumb Code   818  _scanf.o(.text)
    _strtoul                                 0x0805a4b5   Thumb Code   156  _strtoul.o(.text)
    __decompress                             0x0805a551   Thumb Code     0  __dczerorl2.o(.text)
    __decompress1                            0x0805a551   Thumb Code    92  __dczerorl2.o(.text)
    __0printf                                0x0805a5ad   Thumb Code    22  printfa.o(i.__0printf)
    __1printf                                0x0805a5ad   Thumb Code     0  printfa.o(i.__0printf)
    __2printf                                0x0805a5ad   Thumb Code     0  printfa.o(i.__0printf)
    __c89printf                              0x0805a5ad   Thumb Code     0  printfa.o(i.__0printf)
    printf                                   0x0805a5ad   Thumb Code     0  printfa.o(i.__0printf)
    __0snprintf                              0x0805a5cd   Thumb Code    36  printfa.o(i.__0snprintf)
    __1snprintf                              0x0805a5cd   Thumb Code     0  printfa.o(i.__0snprintf)
    __2snprintf                              0x0805a5cd   Thumb Code     0  printfa.o(i.__0snprintf)
    __c89snprintf                            0x0805a5cd   Thumb Code     0  printfa.o(i.__0snprintf)
    snprintf                                 0x0805a5cd   Thumb Code     0  printfa.o(i.__0snprintf)
    __0sprintf                               0x0805a5f5   Thumb Code    34  printfa.o(i.__0sprintf)
    __1sprintf                               0x0805a5f5   Thumb Code     0  printfa.o(i.__0sprintf)
    __2sprintf                               0x0805a5f5   Thumb Code     0  printfa.o(i.__0sprintf)
    __c89sprintf                             0x0805a5f5   Thumb Code     0  printfa.o(i.__0sprintf)
    sprintf                                  0x0805a5f5   Thumb Code     0  printfa.o(i.__0sprintf)
    __aeabi_errno_addr                       0x0805a61d   Thumb Code     4  errno.o(i.__aeabi_errno_addr)
    __rt_errno_addr                          0x0805a61d   Thumb Code     0  errno.o(i.__aeabi_errno_addr)
    free                                     0x0805a625   Thumb Code    88  mallocr.o(i.__free$realloc)
    malloc                                   0x0805a681   Thumb Code    64  mallocr.o(i.__malloc$realloc)
    __scatterload_copy                       0x0805a6d1   Thumb Code    14  handlers.o(i.__scatterload_copy)
    __scatterload_null                       0x0805a6df   Thumb Code     2  handlers.o(i.__scatterload_null)
    __scatterload_zeroinit                   0x0805a6e1   Thumb Code    14  handlers.o(i.__scatterload_zeroinit)
    realloc                                  0x0805afd5   Thumb Code   108  mallocr.o(i.realloc)
    FirmWareVer                              0x0805b044   Data           4  wm_main.o(.constdata)
    HwVer                                    0x0805b048   Data           6  wm_main.o(.constdata)
    baud_rates                               0x0805b050   Data          68  wm_driver.o(.constdata)
    lsd_dst_addr                             0x0805bbd2   Data           3  wm_oneshot_lsd.o(.constdata)
    lsd_crc_table                            0x0805bbd5   Data         256  wm_oneshot_lsd.o(.constdata)
    SysCreatedDate                           0x0805bcd8   Data          12  wm_cmd.o(.constdata)
    SysCreatedTime                           0x0805bce4   Data           9  wm_cmd.o(.constdata)
    HZ                                       0x0805be98   Data           4  wm_rtos.o(.constdata)
    memp_RAW_PCB                             0x0805bf04   Data           2  lwip2.0.3.o(.constdata)
    memp_UDP_PCB                             0x0805bf06   Data           2  lwip2.0.3.o(.constdata)
    memp_TCP_PCB                             0x0805bf08   Data           2  lwip2.0.3.o(.constdata)
    memp_TCP_PCB_LISTEN                      0x0805bf0a   Data           2  lwip2.0.3.o(.constdata)
    memp_TCP_SEG                             0x0805bf0c   Data           2  lwip2.0.3.o(.constdata)
    memp_REASSDATA                           0x0805bf0e   Data           2  lwip2.0.3.o(.constdata)
    memp_FRAG_PBUF                           0x0805bf10   Data           2  lwip2.0.3.o(.constdata)
    memp_NETBUF                              0x0805bf12   Data           2  lwip2.0.3.o(.constdata)
    memp_NETCONN                             0x0805bf14   Data           2  lwip2.0.3.o(.constdata)
    memp_TCPIP_MSG_API                       0x0805bf16   Data           2  lwip2.0.3.o(.constdata)
    memp_TCPIP_MSG_INPKT                     0x0805bf18   Data           2  lwip2.0.3.o(.constdata)
    memp_IGMP_GROUP                          0x0805bf1a   Data           2  lwip2.0.3.o(.constdata)
    memp_SYS_TIMEOUT                         0x0805bf1c   Data           2  lwip2.0.3.o(.constdata)
    memp_NETDB                               0x0805bf1e   Data           2  lwip2.0.3.o(.constdata)
    memp_PBUF                                0x0805bf20   Data           2  lwip2.0.3.o(.constdata)
    memp_PBUF_POOL                           0x0805bf22   Data           2  lwip2.0.3.o(.constdata)
    ip_addr_any                              0x0805bf24   Data           4  lwip2.0.3.o(.constdata)
    ip_addr_broadcast                        0x0805bf28   Data           4  lwip2.0.3.o(.constdata)
    ethbroadcast                             0x0805bf2c   Data           6  lwip2.0.3.o(.constdata)
    ethzero                                  0x0805bf32   Data           6  lwip2.0.3.o(.constdata)
    memp_pools                               0x0805bf48   Data          64  lwip2.0.3.o(.constdata)
    tcp_pcb_lists                            0x0805bfc4   Data          16  lwip2.0.3.o(.constdata)
    lwip_cyclic_timers                       0x0805bfd4   Data          56  lwip2.0.3.o(.constdata)
    file_404_html                            0x0805dce0   Data          16  fs.o(.constdata)
    file_hedbasic_html                       0x0805dcf0   Data          16  fs.o(.constdata)
    file_hedfirmware_html                    0x0805dd00   Data          16  fs.o(.constdata)
    file_index_html                          0x0805dd10   Data          16  fs.o(.constdata)
    file_jump_html                           0x0805dd20   Data          16  fs.o(.constdata)
    file_style_css                           0x0805dd30   Data          16  fs.o(.constdata)
    g_psDefaultFilenames                     0x0805dd40   Data          16  httpd.o(.constdata)
    web_id_tbl                               0x0805ddc0   Data         528  web.o(.constdata)
    hed_rf_txgainmap                         0x0805f3dc   Data          64  tls_wl_rf.o(.constdata)
    central_freq                             0x0805f41c   Data         120  tls_wl_rf.o(.constdata)
    bbp_value                                0x0805f5ac   Data          80  tls_wl_phy.o(.constdata)
    __ctype_table                            0x0805fe02   Data         129  ctype_o.o(.constdata)
    Region$$Table$$Base                      0x08060430   Number         0  anon$$obj.o(Region$$Table)
    Region$$Table$$Limit                     0x08060450   Number         0  anon$$obj.o(Region$$Table)
    __stdout                                 0x20000000   Data           4  retarget.o(.data)
    libc_sem                                 0x20000004   Data           4  wm_main.o(.data)
    adc_irq_flag                             0x2000000d   Data           1  wm_driver.o(.data)
    tst_flag                                 0x2000000e   Data           1  wm_driver.o(.data)
    intr_counter                             0x2000000f   Data           1  wm_driver.o(.data)
    crypto_complete                          0x200000b9   Data           1  wm_common.o(.data)
    memory_manager_initialized               0x200000ba   Data           1  wm_common.o(.data)
    updp_mode                                0x200000bb   Data           1  wm_common.o(.data)
    mem_sem                                  0x200000cc   Data           4  wm_common.o(.data)
    guconeshotflag                           0x200000fc   Data           1  wm_wifi_oneshot.o(.data)
    gucssidokflag                            0x200000fd   Data           1  wm_wifi_oneshot.o(.data)
    gucbssidokflag                           0x200000fe   Data           1  wm_wifi_oneshot.o(.data)
    gucpwdokflag                             0x200000ff   Data           1  wm_wifi_oneshot.o(.data)
    guchandshakeflag                         0x20000101   Data           1  wm_wifi_oneshot.o(.data)
    oneshottime                              0x2000010c   Data           4  wm_wifi_oneshot.o(.data)
    oneshot_msg_q                            0x20000114   Data           4  wm_wifi_oneshot.o(.data)
    oneshotCpuClk                            0x20000118   Data           4  wm_wifi_oneshot.o(.data)
    skt_descp                                0x20000134   Data           4  wm_wifi_oneshot.o(.data)
    sock_rx                                  0x20000138   Data           4  wm_wifi_oneshot.o(.data)
    is_airkiss                               0x20000174   Data           1  wm_oneshot_airkiss.o(.data)
    lsd_state                                0x20000188   Data           1  wm_oneshot_lsd.o(.data)
    lsd_head_bw20                            0x20000189   Data           1  wm_oneshot_lsd.o(.data)
    lsd_sync_cnt                             0x2000018a   Data           1  wm_oneshot_lsd.o(.data)
    lsd_data_cnt                             0x2000018b   Data           1  wm_oneshot_lsd.o(.data)
    lsd_temp_lock                            0x2000018c   Data           1  wm_oneshot_lsd.o(.data)
    lsd_crc_value                            0x2000018d   Data           1  wm_oneshot_lsd.o(.data)
    lsd_last_num                             0x2000018e   Data           2  wm_oneshot_lsd.o(.data)
    lsd_data_datum                           0x20000190   Data           2  wm_oneshot_lsd.o(.data)
    lsd_head_cnt                             0x20000192   Data           2  wm_oneshot_lsd.o(.data)
    lsd_byte_cnt                             0x20000194   Data           2  wm_oneshot_lsd.o(.data)
    lsd_printf                               0x20000198   Data           4  wm_oneshot_lsd.o(.data)
    lsd_last_seq                             0x2000019c   Data           4  wm_oneshot_lsd.o(.data)
    lsd_src_mac                              0x200001a4   Data           6  wm_oneshot_lsd.o(.data)
    gfwupdatemode                            0x200001ac   Data           1  wm_cmd.o(.data)
    default_socket                           0x200001ad   Data           1  wm_cmd.o(.data)
    pSession_flag                            0x200001ae   Data           1  wm_cmd.o(.data)
    gulCalFlag                               0x200001af   Data           1  wm_cmd.o(.data)
    RSTTIMER                                 0x200001b4   Data           4  wm_cmd.o(.data)
    set_uart0_mode_callback                  0x200001c4   Data           4  wm_cmd.o(.data)
    get_uart1_port_callback                  0x200001c8   Data           4  wm_cmd.o(.data)
    set_uart1_mode_callback                  0x200001cc   Data           4  wm_cmd.o(.data)
    set_uart1_sock_param_callback            0x200001d0   Data           4  wm_cmd.o(.data)
    g_hspi                                   0x200001d4   Data           8  wm_cmd.o(.data)
    wl_task_param_hostif                     0x200001dc   Data          20  wm_cmd.o(.data)
    os_cnter                                 0x200008e0   Data           4  wm_rtos.o(.data)
    pxCurrentTCB                             0x200008e4   Data           4  wm_rtos.o(.data)
    pxCurrentCoRoutine                       0x2000092c   Data           4  wm_rtos.o(.data)
    pbuf_free_ooseq_pending                  0x20000984   Data           1  lwip2.0.3.o(.data)
    tcp_active_pcbs_changed                  0x20000985   Data           1  lwip2.0.3.o(.data)
    lwip_task_priopity_stack                 0x2000098c   Data           1  lwip2.0.3.o(.data)
    netconn_aborted                          0x2000098d   Data           1  lwip2.0.3.o(.data)
    current_src_ip                           0x200009a8   Data           4  lwip2.0.3.o(.data)
    sndbuf_len                               0x200009ac   Data           4  lwip2.0.3.o(.data)
    netif_list                               0x200009d4   Data           4  lwip2.0.3.o(.data)
    netif_default                            0x200009d8   Data           4  lwip2.0.3.o(.data)
    tcp_ticks                                0x200009e0   Data           4  lwip2.0.3.o(.data)
    tcp_bound_pcbs                           0x200009e4   Data           4  lwip2.0.3.o(.data)
    tcp_listen_pcbs                          0x200009e8   Data           4  lwip2.0.3.o(.data)
    tcp_active_pcbs                          0x200009ec   Data           4  lwip2.0.3.o(.data)
    tcp_tw_pcbs                              0x200009f0   Data           4  lwip2.0.3.o(.data)
    tcp_input_pcb                            0x20000a08   Data           4  lwip2.0.3.o(.data)
    udp_pcbs                                 0x20000a0c   Data           4  lwip2.0.3.o(.data)
    h_errno                                  0x20000a38   Data           4  lwip2.0.3.o(.data)
    g_pCGIs                                  0x20000b8c   Data           4  httpd.o(.data)
    g_iNumCGIs                               0x20000b90   Data           4  httpd.o(.data)
    gwebcfgmode                              0x20000ba1   Data           1  web.o(.data)
    Res                                      0x20000ba4   Data          16  web.o(.data)
    Cgi                                      0x20000bb4   Data          64  web.o(.data)
    ap_iface                                 0x20000bf4   Data           4  ap.o(.data)
    wpa_s                                    0x20000c0c   Data           4  wpa_supplicant.o(.data)
    supplicant_event_ops                     0x20000c18   Data          68  wpa_supplicant.o(.data)
    pfunstandby                              0x20000c60   Data           4  tls_wl_core.o(.data)
    SEC_TXBUF_NUM                            0x20000c64   Data           4  tls_wl_core.o(.data)
    SEC_RXBUF_NUM                            0x20000c68   Data           4  tls_wl_core.o(.data)
    SEC_TX_DESC_NUM                          0x20000c6c   Data           4  tls_wl_core.o(.data)
    wif                                      0x20000c70   Data           4  tls_wl_core.o(.data)
    BEACON_BUF_ADDR                          0x20000c74   Data           4  tls_wl_core.o(.data)
    BEACON_BUF_END_ADDR                      0x20000c78   Data           4  tls_wl_core.o(.data)
    SEC_TXBUF_BASE_ADDR                      0x20000c7c   Data           4  tls_wl_core.o(.data)
    SEC_TXBUF_TOTAL_SIZE                     0x20000c80   Data           4  tls_wl_core.o(.data)
    SEC_TX_DESC_BASE_ADDR                    0x20000c84   Data           4  tls_wl_core.o(.data)
    SEC_TX_DESC_TOTAL_SIZE                   0x20000c88   Data           4  tls_wl_core.o(.data)
    SEC_TX_FRM_HDR_BASE_ADDR                 0x20000c8c   Data           4  tls_wl_core.o(.data)
    SEC_TX_FRM_HDR_TOTAL_SIZE                0x20000c90   Data           4  tls_wl_core.o(.data)
    MGMT_TX_FRM_HDR_BASE_ADDR                0x20000c94   Data           4  tls_wl_core.o(.data)
    MGMT_TXBUF_TOTAL_SIZE                    0x20000c98   Data           4  tls_wl_core.o(.data)
    MGMT_TX_DESC_BASE_ADDR                   0x20000c9c   Data           4  tls_wl_core.o(.data)
    MGMT_TX_DESC_TOTAL_SIZE                  0x20000ca0   Data           4  tls_wl_core.o(.data)
    SEC_RXBUF_BASE_ADDR                      0x20000ca4   Data           4  tls_wl_core.o(.data)
    SEC_RXBUF_TOTAL_SIZE                     0x20000ca8   Data           4  tls_wl_core.o(.data)
    SEC_RX_DESC_BASE_ADDR                    0x20000cac   Data           4  tls_wl_core.o(.data)
    SEC_RX_DESC_TOTAL_SIZE                   0x20000cb0   Data           4  tls_wl_core.o(.data)
    MAC_TXBUF_BASE_ADDR                      0x20000cb4   Data           4  tls_wl_core.o(.data)
    MAC_MAX_BUF_SIZE                         0x20000cb8   Data           4  tls_wl_core.o(.data)
    MAC_MAX_TXBUF_CNT                        0x20000cbc   Data           4  tls_wl_core.o(.data)
    MAC_MAX_RXBUF_CNT                        0x20000cc0   Data           4  tls_wl_core.o(.data)
    MAC_RXBUF_BASE_ADDR                      0x20000cc4   Data           4  tls_wl_core.o(.data)
    MAC_RXBUF_END_ADDR                       0x20000cc8   Data           4  tls_wl_core.o(.data)
    MAC_TX_WB_BD_BUFFER_ADDR                 0x20000ccc   Data           4  tls_wl_core.o(.data)
    MAC_TX_WB_BD_BUFFER_END_ADDR             0x20000cd0   Data           4  tls_wl_core.o(.data)
    wl_region                                0x20000cd4   Data          24  tls_wl_hw.o(.data)
    band_2GHz                                0x20000cec   Data          44  tls_wl_hw.o(.data)
    sleepmode                                0x20000e20   Data           1  tls_wl_if.o(.data)
    hed_rf_current_channel                   0x20000e38   Data           4  tls_wl_rf.o(.data)
    hed_rf_chan_type                         0x20000e3c   Data           4  tls_wl_rf.o(.data)
    rf_set_chan_common_data_20m              0x20000e40   Data         120  tls_wl_rf.o(.data)
    rf_chan24g_20m                           0x20000eb8   Data         120  tls_wl_rf.o(.data)
    cos_1M                                   0x20000f30   Data         156  tls_wl_rf.o(.data)
    cos_2M                                   0x20000fcc   Data          80  tls_wl_rf.o(.data)
    cos_5M                                   0x2000101c   Data          32  tls_wl_rf.o(.data)
    cos_10M                                  0x2000103c   Data          16  tls_wl_rf.o(.data)
    litept_tx_flag                           0x2000104c   Data           4  tls_wl_tx.o(.data)
    g_wl_txbuf                               0x20001050   Data           4  tls_wl_tx.o(.data)
    rfc1042_header                           0x20001054   Data           6  tls_wl_tx.o(.data)
    bridge_tunnel_header                     0x2000105a   Data           6  tls_wl_tx.o(.data)
    g_wifi_data_recv_callback                0x20001060   Data           4  wm_wifi_api.o(.data)
    g_wifi_data_ext_recv_callback            0x20001064   Data           4  wm_wifi_api.o(.data)
    g_ltpt_testmode                          0x2000108c   Data           4  litepoint.o(.data)
    rndmem                                   0x20001090   Data           4  litepoint.o(.data)
    g_ltpt_rxinfo                            0x20001098   Data           4  litepoint.o(.data)
    g_ltpt_txinfo                            0x2000109c   Data           4  litepoint.o(.data)
    rateArray                                0x200010a0   Data         116  litepoint.o(.data)
    f_bss                                    0x20001114   Data           4  tls_wl_bss.o(.data)
    g_wl_rxbuf                               0x20001434   Data           4  tls_wl_rx.o(.data)
    angel                                    0x2000143c   Data        2404  tls_rf_tx_iq.o(.data)
    _set_chan_common_iqmismatch_20mrf        0x20001da0   Data          88  tls_rf_tx_iq.o(.data)
    sample_num                               0x20001df8   Data           4  tx_lo_cal.o(.data)
    tx_rx                                    0x20001dfc   Data           4  tx_lo_cal.o(.data)
    _set_chan_common_data_20mrf              0x20001e00   Data          88  tx_lo_cal.o(.data)
    sin16                                    0x20001e58   Data          64  tx_lo_cal.o(.data)
    cos16                                    0x20001e98   Data          64  tx_lo_cal.o(.data)
    cos132                                   0x20001ed8   Data          64  tx_lo_cal.o(.data)
    sin132                                   0x20001f18   Data          64  tx_lo_cal.o(.data)
    FFT_Data                                 0x20001f58   Data           4  tls_rf_fft.o(.data)
    tempRev                                  0x20001f5c   Data           4  tls_rf_fft.o(.data)
    __microlib_freelist                      0x20001f68   Data           4  mvars.o(.data)
    __microlib_freelist_initialised          0x20001f6c   Data           4  mvars.o(.data)
    __initial_sp                             0x20002370   Data           0  startup_venus.o(.bss)
    TaskStartStk                             0x200024f0   Data        4800  wm_main.o(.bss)
    uart_port                                0x20003d58   Data         420  wm_driver.o(.bss)
    intr_handler_vect                        0x200040fc   Data         164  wm_driver.o(.bss)
    g_slave_hspi                             0x200041b4   Data          24  wm_driver.o(.bss)
    gftParam                                 0x200041cc   Data         128  wm_driver.o(.bss)
    gst_adc                                  0x200042ec   Data          20  wm_driver.o(.bss)
    sc_io                                    0x20004334   Data          20  wm_driver.o(.bss)
    imgheader                                0x20004748   Data         112  wm_common.o(.bss)
    wl_msg                                   0x200047d8   Data         180  wm_common.o(.bss)
    next_timeout                             0x2000488c   Data          36  wm_common.o(.bss)
    user_default_param                       0x20004f14   Data         808  wm_common.o(.bss)
    gucssidData                              0x2000556c   Data          33  wm_wifi_oneshot.o(.bss)
    gucpwdData                               0x2000558d   Data          65  wm_wifi_oneshot.o(.bss)
    lsd_head                                 0x2000703c   Data          16  wm_oneshot_lsd.o(.bss)
    lsd_byte                                 0x2000704c   Data          16  wm_oneshot_lsd.o(.bss)
    lsd_data                                 0x2000705c   Data         512  wm_oneshot_lsd.o(.bss)
    lsd_param                                0x2000725c   Data         236  wm_oneshot_lsd.o(.bss)
    socket_cfg                               0x20007348   Data          48  wm_cmd.o(.bss)
    g_hostif                                 0x20007378   Data          44  wm_cmd.o(.bss)
    sockrecvmit                              0x200073a4   Data          80  wm_cmd.o(.bss)
    skt_desc_def                             0x200073f4   Data          80  wm_cmd.o(.bss)
    skt_desc                                 0x20007444   Data          80  wm_cmd.o(.bss)
    uart_st                                  0x20007494   Data          96  wm_cmd.o(.bss)
    ricmd_buffer                             0x200074f4   Data         208  wm_cmd.o(.bss)
    hostif_stk                               0x200075c4   Data        2000  wm_cmd.o(.bss)
    conn_op_completed                        0x2000b3ac   Data          80  lwip2.0.3.o(.bss)
    p_net_conn                               0x2000b524   Data          80  lwip2.0.3.o(.bss)
    lwip_stats                               0x2000ba48   Data         214  lwip2.0.3.o(.bss)
    ip_data                                  0x2000bb30   Data          24  lwip2.0.3.o(.bss)
    dhcp_rx_options_val                      0x2000bb5c   Data          40  lwip2.0.3.o(.bss)
    dhcp_rx_options_given                    0x2000bb84   Data          10  lwip2.0.3.o(.bss)
    lwip_task_stk                            0x2000bc80   Data        2048  lwip2.0.3.o(.bss)
    socket_ipv4_multicast_memberships        0x2000c48c   Data          96  lwip2.0.3.o(.bss)
    fs_memory                                0x2000db54   Data         240  fs.o(.bss)
    supplicant_task_stk                      0x2000dcd8   Data        8192  wpa_supplicant.o(.bss)
    supplicant_timer_task_stk                0x2000fcd8   Data         512  wpa_supplicant.o(.bss)
    tx_gain_group                            0x2000fed8   Data          84  tls_wl_core.o(.bss)
    scan_task_stk                            0x2000ff2c   Data         800  tls_wl_core.o(.bss)
    mlme_task_stk                            0x2001024c   Data        1200  tls_wl_core.o(.bss)
    rx_task_stk                              0x200106fc   Data        1600  tls_wl_core.o(.bss)
    bss_mgmt_task_stk                        0x20010d3c   Data         512  tls_wl_core.o(.bss)
    g_wl_mgmt_txbuf                          0x20010f3c   Data         216  tls_wl_tx.o(.bss)
    gauiqpwr                                 0x200114c0   Data        2048  tls_rf_tx_iq.o(.bss)
    gauleakagepwrI                           0x20011cc0   Data         512  tx_lo_cal.o(.bss)
    gauleakagepwrq                           0x20011ec0   Data         512  tx_lo_cal.o(.bss)
    __heap_base                              0x200120e8   Data           0  startup_venus.o(HEAP)
    __heap_limit                             0x2002c0e8   Data           0  startup_venus.o(HEAP)



==============================================================================

Memory Map of the image

  Image Entry point : 0x080101ed

  Load Region LR_IROM1 (Base: 0x08010100, Size: 0x000522c0, Max: 0x00080000, ABSOLUTE, COMPRESSED[0x000512dc])

    Execution Region ER_IROM1 (Base: 0x08010100, Size: 0x00050350, Max: 0x00080000, ABSOLUTE)

    Base Addr    Size         Type   Attr      Idx    E Section Name        Object

    0x08010100   0x000000ec   Data   RO          132    RESET               startup_venus.o
    0x080101ec   0x00000000   Code   RO         7456  * .ARM.Collect$$$$00000000  mc_w.l(entry.o)(mc_w.l)
    0x080101ec   0x00000004   Code   RO         7917    .ARM.Collect$$$$00000001  mc_w.l(entry2.o)(mc_w.l)
    0x080101f0   0x00000004   Code   RO         7920    .ARM.Collect$$$$00000004  mc_w.l(entry5.o)(mc_w.l)
    0x080101f4   0x00000008   Code   RO         7921    .ARM.Collect$$$$00000007  mc_w.l(entry7.o)(mc_w.l)
    0x080101fc   0x00000004   Code   RO         7918    .ARM.Collect$$$$00002712  mc_w.l(entry2.o)(mc_w.l)
    0x08010200   0x00000096   Code   RO         1742    .emb_text           wm_rtos.o
    0x08010296   0x00000002   PAD
    0x08010298   0x00000018   Code   RO            1    .text               main.o
    0x080102b0   0x00000028   Code   RO          133    .text               startup_venus.o
    0x080102d8   0x0000053e   Code   RO          138    .text               retarget.o
    0x08010816   0x00000002   PAD
    0x08010818   0x000000d0   Code   RO          178    .text               misc.o
    0x080108e8   0x0000019c   Code   RO          197    .text               wm_main.o
    0x08010a84   0x000003a0   Code   RO          372    .text               tls_sys.o
    0x08010e24   0x00005c64   Code   RO          407    .text               wm_driver.o
    0x08016a88   0x00006558   Code   RO          663    .text               wm_common.o
    0x0801cfe0   0x000008b8   Code   RO         1300    .text               dhcp_server.o
    0x0801d898   0x00000324   Code   RO         1451    .text               dns_server.o
    0x0801dbbc   0x0000134c   Code   RO         1475    .text               wm_wifi_oneshot.o
    0x0801ef08   0x0000021c   Code   RO         1523    .text               wm_oneshot_airkiss.o
    0x0801f124   0x00000824   Code   RO         1556    .text               wm_oneshot_lsd.o
    0x0801f948   0x00006dc8   Code   RO         1591    .text               wm_cmd.o
    0x08026710   0x00001d4c   Code   RO         1743    .text               wm_rtos.o
    0x0802845c   0x0000c1a0   Code   RO         1831    .text               lwip2.0.3.o
    0x080345fc   0x000019e8   Code   RO         3042    .text               wm_http_compile.o
    0x08035fe4   0x0000057c   Code   RO         3125    .text               ping.o
    0x08036560   0x00006686   Code   RO         3165    .text               wm_matrixssl_compile.o
    0x0803cbe6   0x00000002   PAD
    0x0803cbe8   0x000002ec   Code   RO         4234    .text               wm_http_fwup.o
    0x0803ced4   0x0000016c   Code   RO         4269    .text               wm_socket_fwup.o
    0x0803d040   0x00000228   Code   RO         4293    .text               fs.o
    0x0803d268   0x000008ec   Code   RO         4343    .text               httpd.o
    0x0803db54   0x00000520   Code   RO         4380    .text               web.o
    0x0803e074   0x000009c0   Code   RO         4419    .text               libairkiss_log.lib(airkiss_log.o)(libairkiss_log.lib)
    0x0803ea34   0x000008b4   Code   RO         4422    .text               wlan.lib(aesMatrix.o)(wlan.lib)
    0x0803f2e8   0x00000880   Code   RO         4448    .text               wlan.lib(ap.o)(wlan.lib)
    0x0803fb68   0x0000095c   Code   RO         4594    .text               wlan.lib(md5.o)(wlan.lib)
    0x080404c4   0x00000180   Code   RO         4674    .text               wlan.lib(random.o)(wlan.lib)
    0x08040644   0x00000116   Code   RO         4712    .text               wlan.lib(rc4.o)(wlan.lib)
    0x0804075a   0x0000017e   Code   RO         4753    .text               wlan.lib(sha1.o)(wlan.lib)
    0x080408d8   0x000012b8   Code   RO         4775    .text               wlan.lib(sha1_internal.o)(wlan.lib)
    0x08041b90   0x00000478   Code   RO         4818    .text               wlan.lib(sha256.o)(wlan.lib)
    0x08042008   0x00001628   Code   RO         4836    .text               wlan.lib(wpa_supplicant.o)(wlan.lib)
    0x08043630   0x000009c4   Code   RO         4985    .text               wlan.lib(tls_wl_core.o)(wlan.lib)
    0x08043ff4   0x00000cd4   Code   RO         5086    .text               wlan.lib(tls_wl_hw.o)(wlan.lib)
    0x08044cc8   0x00000be8   Code   RO         5146    .text               wlan.lib(tls_wl_if.o)(wlan.lib)
    0x080458b0   0x00000874   Code   RO         5200    .text               wlan.lib(tls_wl_rf.o)(wlan.lib)
    0x08046124   0x000012d4   Code   RO         5242    .text               wlan.lib(tls_wl_tx.o)(wlan.lib)
    0x080473f8   0x0000132c   Code   RO         5319    .text               wlan.lib(wm_wifi_api.o)(wlan.lib)
    0x08048724   0x00000868   Code   RO         5523    .text               wlan.lib(wm_wifi_oneshot_api.o)(wlan.lib)
    0x08048f8c   0x00000540   Code   RO         5562    .text               wlan.lib(litepoint.o)(wlan.lib)
    0x080494cc   0x0000154c   Code   RO         5654    .text               wlan.lib(libtommath.o)(wlan.lib)
    0x0804aa18   0x00000272   Code   RO         5680    .text               wlan.lib(bss.o)(wlan.lib)
    0x0804ac8a   0x00000002   PAD
    0x0804ac8c   0x00000f9c   Code   RO         5735    .text               wlan.lib(events.o)(wlan.lib)
    0x0804bc28   0x00000324   Code   RO         5819    .text               wlan.lib(hostapd.o)(wlan.lib)
    0x0804bf4c   0x00000094   Code   RO         5882    .text               wlan.lib(ieee802_1x.o)(wlan.lib)
    0x0804bfe0   0x00000a0e   Code   RO         5940    .text               wlan.lib(ieee802_11.o)(wlan.lib)
    0x0804c9ee   0x000002a2   Code   RO         5998    .text               wlan.lib(ieee802_11_common.o)(wlan.lib)
    0x0804cc90   0x0000006c   Code   RO         6038    .text               wlan.lib(os_internal.o)(wlan.lib)
    0x0804ccfc   0x000001ec   Code   RO         6054    .text               wlan.lib(scan.o)(wlan.lib)
    0x0804cee8   0x000000f8   Code   RO         6107    .text               wlan.lib(sha1-pbkdf2.o)(wlan.lib)
    0x0804cfe0   0x000005ac   Code   RO         6126    .text               wlan.lib(hostapd_sta_info.o)(wlan.lib)
    0x0804d58c   0x000000f0   Code   RO         6179    .text               wlan.lib(tkip_countermeasures.o)(wlan.lib)
    0x0804d67c   0x0000104a   Code   RO         6231    .text               wlan.lib(wpa.o)(wlan.lib)
    0x0804e6c6   0x0000047a   Code   RO         6299    .text               wlan.lib(wpa_driver.o)(wlan.lib)
    0x0804eb40   0x000003f4   Code   RO         6349    .text               wlan.lib(wpa_ie.o)(wlan.lib)
    0x0804ef34   0x00000142   Code   RO         6395    .text               wlan.lib(wpabuf.o)(wlan.lib)
    0x0804f076   0x00000134   Code   RO         6415    .text               wlan.lib(wpas_glue.o)(wlan.lib)
    0x0804f1aa   0x00000002   PAD
    0x0804f1ac   0x000006e8   Code   RO         6479    .text               wlan.lib(tls_wl_bss.o)(wlan.lib)
    0x0804f894   0x0000033e   Code   RO         6536    .text               wlan.lib(tls_wl_key.o)(wlan.lib)
    0x0804fbd2   0x00000002   PAD
    0x0804fbd4   0x00000cbc   Code   RO         6571    .text               wlan.lib(tls_wl_mgmt.o)(wlan.lib)
    0x08050890   0x000017c8   Code   RO         6608    .text               wlan.lib(tls_wl_mlme.o)(wlan.lib)
    0x08052058   0x00000088   Code   RO         6661    .text               wlan.lib(tls_wl_phy.o)(wlan.lib)
    0x080520e0   0x00000b18   Code   RO         6701    .text               wlan.lib(tls_wl_rc.o)(wlan.lib)
    0x08052bf8   0x000013f0   Code   RO         6741    .text               wlan.lib(tls_wl_rx.o)(wlan.lib)
    0x08053fe8   0x00000324   Code   RO         6806    .text               wlan.lib(tls_wl_scan.o)(wlan.lib)
    0x0805430c   0x0000023c   Code   RO         6841    .text               wlan.lib(tls_wl_sta_info.o)(wlan.lib)
    0x08054548   0x000004a4   Code   RO         6868    .text               wlan.lib(tls_wl_util.o)(wlan.lib)
    0x080549ec   0x00000c0c   Code   RO         6904    .text               wlan.lib(tls_rf_tx_iq.o)(wlan.lib)
    0x080555f8   0x00001158   Code   RO         6936    .text               wlan.lib(tx_lo_cal.o)(wlan.lib)
    0x08056750   0x000000ba   Code   RO         6967    .text               wlan.lib(aes_unwrap.o)(wlan.lib)
    0x0805680a   0x00000036   Code   RO         7028    .text               wlan.lib(ap_mlme.o)(wlan.lib)
    0x08056840   0x000004c8   Code   RO         7063    .text               wlan.lib(beacon.o)(wlan.lib)
    0x08056d08   0x0000010c   Code   RO         7121    .text               wlan.lib(common.o)(wlan.lib)
    0x08056e14   0x000016f4   Code   RO         7142    .text               wlan.lib(wpa_auth.o)(wlan.lib)
    0x08058508   0x00000080   Code   RO         7208    .text               wlan.lib(wpa_auth_glue.o)(wlan.lib)
    0x08058588   0x0000068c   Code   RO         7257    .text               wlan.lib(wpa_auth_ie.o)(wlan.lib)
    0x08058c14   0x0000055c   Code   RO         7297    .text               wlan.lib(wpa_common.o)(wlan.lib)
    0x08059170   0x00000244   Code   RO         7325    .text               wlan.lib(hostapd_wpa_driver.o)(wlan.lib)
    0x080593b4   0x00000168   Code   RO         7380    .text               wlan.lib(tls_rf_fft.o)(wlan.lib)
    0x0805951c   0x000000a8   Code   RO         7422    .text               wlan.lib(aes_wrap.o)(wlan.lib)
    0x080595c4   0x00000066   Code   RO         7459    .text               mc_w.l(uldiv.o)(mc_w.l)
    0x0805962a   0x0000005a   Code   RO         7461    .text               mc_w.l(ldiv.o)(mc_w.l)
    0x08059684   0x00000008   Code   RO         7463    .text               mc_w.l(ctype_o.o)(mc_w.l)
    0x0805968c   0x00000012   Code   RO         7485    .text               mc_w.l(isspace_o.o)(mc_w.l)
    0x0805969e   0x0000000c   Code   RO         7491    .text               mc_w.l(toupper.o)(mc_w.l)
    0x080596aa   0x0000000c   Code   RO         7493    .text               mc_w.l(tolower.o)(mc_w.l)
    0x080596b6   0x00000002   PAD
    0x080596b8   0x00000024   Code   RO         7495    .text               mc_w.l(rand.o)(mc_w.l)
    0x080596dc   0x00000042   Code   RO         7508    .text               mc_w.l(memmove.o)(mc_w.l)
    0x0805971e   0x00000026   Code   RO         7514    .text               mc_w.l(memseta.o)(mc_w.l)
    0x08059744   0x0000001c   Code   RO         7516    .text               mc_w.l(strcat.o)(mc_w.l)
    0x08059760   0x0000002c   Code   RO         7518    .text               mc_w.l(strstr.o)(mc_w.l)
    0x0805978c   0x00000018   Code   RO         7520    .text               mc_w.l(strncpy.o)(mc_w.l)
    0x080597a4   0x00000012   Code   RO         7522    .text               mc_w.l(strchr.o)(mc_w.l)
    0x080597b6   0x00000010   Code   RO         7524    .text               mc_w.l(strlen.o)(mc_w.l)
    0x080597c6   0x0000001c   Code   RO         7526    .text               mc_w.l(strcmp.o)(mc_w.l)
    0x080597e2   0x00000014   Code   RO         7528    .text               mc_w.l(memchr.o)(mc_w.l)
    0x080597f6   0x0000001a   Code   RO         7530    .text               mc_w.l(memcmp.o)(mc_w.l)
    0x08059810   0x00000012   Code   RO         7534    .text               mc_w.l(strcpy.o)(mc_w.l)
    0x08059822   0x0000001e   Code   RO         7536    .text               mc_w.l(strncmp.o)(mc_w.l)
    0x08059840   0x0000002a   Code   RO         7554    .text               mc_w.l(strcasecmp.o)(mc_w.l)
    0x0805986a   0x00000002   PAD
    0x0805986c   0x00000038   Code   RO         7852    .text               mc_w.l(__0sscanf.o)(mc_w.l)
    0x080598a4   0x0000014e   Code   RO         7856    .text               mc_w.l(_scanf_int.o)(mc_w.l)
    0x080599f2   0x000000d8   Code   RO         7858    .text               mc_w.l(_scanf_str.o)(mc_w.l)
    0x08059aca   0x0000001a   Code   RO         7862    .text               mc_w.l(atoi.o)(mc_w.l)
    0x08059ae4   0x0000001a   Code   RO         7864    .text               mc_w.l(atol.o)(mc_w.l)
    0x08059afe   0x0000014a   Code   RO         7876    .text               mf_w.l(dadd.o)(mf_w.l)
    0x08059c48   0x000000e2   Code   RO         7878    .text               mf_w.l(dmul.o)(mf_w.l)
    0x08059d2a   0x000000de   Code   RO         7880    .text               mf_w.l(ddiv.o)(mf_w.l)
    0x08059e08   0x0000002e   Code   RO         7882    .text               mf_w.l(dscalb.o)(mf_w.l)
    0x08059e36   0x00000022   Code   RO         7886    .text               mf_w.l(dflti.o)(mf_w.l)
    0x08059e58   0x0000001a   Code   RO         7888    .text               mf_w.l(dfltui.o)(mf_w.l)
    0x08059e72   0x0000003e   Code   RO         7892    .text               mf_w.l(dfixi.o)(mf_w.l)
    0x08059eb0   0x00000030   Code   RO         7894    .text               mf_w.l(dfixul.o)(mf_w.l)
    0x08059ee0   0x00000028   Code   RO         7900    .text               mf_w.l(cdrcmple.o)(mf_w.l)
    0x08059f08   0x0000002c   Code   RO         7922    .text               mc_w.l(uidiv.o)(mc_w.l)
    0x08059f34   0x0000001e   Code   RO         7924    .text               mc_w.l(llshl.o)(mc_w.l)
    0x08059f52   0x00000020   Code   RO         7926    .text               mc_w.l(llushr.o)(mc_w.l)
    0x08059f72   0x00000024   Code   RO         7928    .text               mc_w.l(llsshr.o)(mc_w.l)
    0x08059f96   0x00000020   Code   RO         7935    .text               mc_w.l(_chval.o)(mc_w.l)
    0x08059fb6   0x00000002   PAD
    0x08059fb8   0x0000002c   Code   RO         7937    .text               mc_w.l(scanf_char.o)(mc_w.l)
    0x08059fe4   0x00000040   Code   RO         7939    .text               mc_w.l(_sgetc.o)(mc_w.l)
    0x0805a024   0x00000070   Code   RO         7943    .text               mc_w.l(strtol.o)(mc_w.l)
    0x0805a094   0x00000000   Code   RO         7947    .text               mc_w.l(iusefp.o)(mc_w.l)
    0x0805a094   0x000000c2   Code   RO         7950    .text               mf_w.l(depilogue.o)(mf_w.l)
    0x0805a156   0x00000002   PAD
    0x0805a158   0x00000024   Code   RO         7954    .text               mc_w.l(init.o)(mc_w.l)
    0x0805a17c   0x00000338   Code   RO         7958    .text               mc_w.l(_scanf.o)(mc_w.l)
    0x0805a4b4   0x0000009c   Code   RO         7960    .text               mc_w.l(_strtoul.o)(mc_w.l)
    0x0805a550   0x0000005c   Code   RO         7977    .text               mc_w.l(__dczerorl2.o)(mc_w.l)
    0x0805a5ac   0x00000020   Code   RO         7789    i.__0printf         mc_w.l(printfa.o)(mc_w.l)
    0x0805a5cc   0x00000028   Code   RO         7790    i.__0snprintf       mc_w.l(printfa.o)(mc_w.l)
    0x0805a5f4   0x00000028   Code   RO         7791    i.__0sprintf        mc_w.l(printfa.o)(mc_w.l)
    0x0805a61c   0x00000008   Code   RO         7845    i.__aeabi_errno_addr  mc_w.l(errno.o)(mc_w.l)
    0x0805a624   0x0000005c   Code   RO         7821    i.__free$realloc    mc_w.l(mallocr.o)(mc_w.l)
    0x0805a680   0x00000050   Code   RO         7822    i.__malloc$realloc  mc_w.l(mallocr.o)(mc_w.l)
    0x0805a6d0   0x0000000e   Code   RO         7971    i.__scatterload_copy  mc_w.l(handlers.o)(mc_w.l)
    0x0805a6de   0x00000002   Code   RO         7972    i.__scatterload_null  mc_w.l(handlers.o)(mc_w.l)
    0x0805a6e0   0x0000000e   Code   RO         7973    i.__scatterload_zeroinit  mc_w.l(handlers.o)(mc_w.l)
    0x0805a6ee   0x00000002   PAD
    0x0805a6f0   0x00000154   Code   RO         7796    i._fp_digits        mc_w.l(printfa.o)(mc_w.l)
    0x0805a844   0x000006d4   Code   RO         7797    i._printf_core      mc_w.l(printfa.o)(mc_w.l)
    0x0805af18   0x00000026   Code   RO         7798    i._printf_post_padding  mc_w.l(printfa.o)(mc_w.l)
    0x0805af3e   0x0000002e   Code   RO         7799    i._printf_pre_padding  mc_w.l(printfa.o)(mc_w.l)
    0x0805af6c   0x00000016   Code   RO         7800    i._snputc           mc_w.l(printfa.o)(mc_w.l)
    0x0805af82   0x0000000a   Code   RO         7801    i._sputc            mc_w.l(printfa.o)(mc_w.l)
    0x0805af8c   0x00000048   Code   RO         7823    i.internal_alloc    mc_w.l(mallocr.o)(mc_w.l)
    0x0805afd4   0x00000070   Code   RO         7824    i.realloc           mc_w.l(mallocr.o)(mc_w.l)
    0x0805b044   0x00000004   Data   RO          199    .constdata          wm_main.o
    0x0805b048   0x00000006   Data   RO          200    .constdata          wm_main.o
    0x0805b04e   0x00000002   PAD
    0x0805b050   0x00000044   Data   RO          410    .constdata          wm_driver.o
    0x0805b094   0x00000ad8   Data   RO          666    .constdata          wm_common.o
    0x0805bb6c   0x00000066   Data   RO         1525    .constdata          wm_oneshot_airkiss.o
    0x0805bbd2   0x00000103   Data   RO         1558    .constdata          wm_oneshot_lsd.o
    0x0805bcd5   0x00000003   PAD
    0x0805bcd8   0x000001bd   Data   RO         1594    .constdata          wm_cmd.o
    0x0805be95   0x00000003   PAD
    0x0805be98   0x00000004   Data   RO         1745    .constdata          wm_rtos.o
    0x0805be9c   0x00000067   Data   RO         1746    .constdata          wm_rtos.o
    0x0805bf03   0x00000001   PAD
    0x0805bf04   0x00000002   Data   RO         1834    .constdata          lwip2.0.3.o
    0x0805bf06   0x00000002   Data   RO         1835    .constdata          lwip2.0.3.o
    0x0805bf08   0x00000002   Data   RO         1836    .constdata          lwip2.0.3.o
    0x0805bf0a   0x00000002   Data   RO         1837    .constdata          lwip2.0.3.o
    0x0805bf0c   0x00000002   Data   RO         1838    .constdata          lwip2.0.3.o
    0x0805bf0e   0x00000002   Data   RO         1839    .constdata          lwip2.0.3.o
    0x0805bf10   0x00000002   Data   RO         1840    .constdata          lwip2.0.3.o
    0x0805bf12   0x00000002   Data   RO         1841    .constdata          lwip2.0.3.o
    0x0805bf14   0x00000002   Data   RO         1842    .constdata          lwip2.0.3.o
    0x0805bf16   0x00000002   Data   RO         1843    .constdata          lwip2.0.3.o
    0x0805bf18   0x00000002   Data   RO         1844    .constdata          lwip2.0.3.o
    0x0805bf1a   0x00000002   Data   RO         1845    .constdata          lwip2.0.3.o
    0x0805bf1c   0x00000002   Data   RO         1846    .constdata          lwip2.0.3.o
    0x0805bf1e   0x00000002   Data   RO         1847    .constdata          lwip2.0.3.o
    0x0805bf20   0x00000002   Data   RO         1848    .constdata          lwip2.0.3.o
    0x0805bf22   0x00000002   Data   RO         1849    .constdata          lwip2.0.3.o
    0x0805bf24   0x00000184   Data   RO         1850    .constdata          lwip2.0.3.o
    0x0805c0a8   0x00000010   Data   RO         3044    .constdata          wm_http_compile.o
    0x0805c0b8   0x0000006a   Data   RO         3168    .constdata          wm_matrixssl_compile.o
    0x0805c122   0x00000077   Data   RO         4295    .constdata          fs.o
    0x0805c199   0x00001062   Data   RO         4296    .constdata          fs.o
    0x0805d1fb   0x000006f4   Data   RO         4297    .constdata          fs.o
    0x0805d8ef   0x000001cd   Data   RO         4298    .constdata          fs.o
    0x0805dabc   0x0000006c   Data   RO         4299    .constdata          fs.o
    0x0805db28   0x000001b6   Data   RO         4300    .constdata          fs.o
    0x0805dcde   0x00000002   PAD
    0x0805dce0   0x00000010   Data   RO         4301    .constdata          fs.o
    0x0805dcf0   0x00000010   Data   RO         4302    .constdata          fs.o
    0x0805dd00   0x00000010   Data   RO         4303    .constdata          fs.o
    0x0805dd10   0x00000010   Data   RO         4304    .constdata          fs.o
    0x0805dd20   0x00000010   Data   RO         4305    .constdata          fs.o
    0x0805dd30   0x00000010   Data   RO         4306    .constdata          fs.o
    0x0805dd40   0x0000007f   Data   RO         4345    .constdata          httpd.o
    0x0805ddbf   0x00000001   PAD
    0x0805ddc0   0x00000210   Data   RO         4381    .constdata          web.o
    0x0805dfd0   0x00000222   Data   RO         4420    .constdata          libairkiss_log.lib(airkiss_log.o)(libairkiss_log.lib)
    0x0805e1f2   0x00000002   PAD
    0x0805e1f4   0x00001038   Data   RO         4423    .constdata          wlan.lib(aesMatrix.o)(wlan.lib)
    0x0805f22c   0x00000090   Data   RO         4449    .constdata          wlan.lib(ap.o)(wlan.lib)
    0x0805f2bc   0x00000020   Data   RO         4676    .constdata          wlan.lib(random.o)(wlan.lib)
    0x0805f2dc   0x00000100   Data   RO         4819    .constdata          wlan.lib(sha256.o)(wlan.lib)
    0x0805f3dc   0x00000040   Data   RO         5201    .constdata          wlan.lib(tls_wl_rf.o)(wlan.lib)
    0x0805f41c   0x00000078   Data   RO         5202    .constdata          wlan.lib(tls_wl_rf.o)(wlan.lib)
    0x0805f494   0x00000068   Data   RO         5820    .constdata          wlan.lib(hostapd.o)(wlan.lib)
    0x0805f4fc   0x000000b0   Data   RO         6232    .constdata          wlan.lib(wpa.o)(wlan.lib)
    0x0805f5ac   0x00000050   Data   RO         6662    .constdata          wlan.lib(tls_wl_phy.o)(wlan.lib)
    0x0805f5fc   0x00000006   Data   RO         6742    .constdata          wlan.lib(tls_wl_rx.o)(wlan.lib)
    0x0805f602   0x00000800   Data   RO         7381    .constdata          wlan.lib(tls_rf_fft.o)(wlan.lib)
    0x0805fe02   0x00000081   Data   RO         7464    .constdata          mc_w.l(ctype_o.o)(mc_w.l)
    0x0805fe83   0x00000001   PAD
    0x0805fe84   0x00000004   Data   RO         7465    .constdata          mc_w.l(ctype_o.o)(mc_w.l)
    0x0805fe88   0x0000026f   Data   RO         1595    .conststring        wm_cmd.o
    0x080600f7   0x00000068   Data   RO         1852    .conststring        lwip2.0.3.o
    0x0806015f   0x0000003f   Data   RO         3169    .conststring        wm_matrixssl_compile.o
    0x0806019e   0x00000048   Data   RO         4347    .conststring        httpd.o
    0x080601e6   0x000001f1   Data   RO         4382    .conststring        web.o
    0x080603d7   0x0000000f   Data   RO         4383    .conststring        web.o
    0x080603e6   0x00000049   Data   RO         5147    .conststring        wlan.lib(tls_wl_if.o)(wlan.lib)
    0x0806042f   0x00000001   PAD
    0x08060430   0x00000020   Data   RO         7969    Region$$Table       anon$$obj.o


    Execution Region RW_IRAM1 (Base: 0x20000000, Size: 0x0002c0e8, Max: 0x00038000, ABSOLUTE, COMPRESSED[0x00000f8c])

    Base Addr    Size         Type   Attr      Idx    E Section Name        Object

    0x20000000   0x00000004   Data   RW          140    .data               retarget.o
    0x20000004   0x00000004   Data   RW          201    .data               wm_main.o
    0x20000008   0x00000004   Data   RW          374    .data               tls_sys.o
    0x2000000c   0x000000a8   Data   RW          413    .data               wm_driver.o
    0x200000b4   0x00000004   PAD
    0x200000b8   0x00000042   Data   RW          667    .data               wm_common.o
    0x200000fa   0x00000002   PAD
    0x200000fc   0x00000075   Data   RW         1477    .data               wm_wifi_oneshot.o
    0x20000171   0x00000003   PAD
    0x20000174   0x00000012   Data   RW         1526    .data               wm_oneshot_airkiss.o
    0x20000186   0x00000002   PAD
    0x20000188   0x00000022   Data   RW         1559    .data               wm_oneshot_lsd.o
    0x200001aa   0x00000002   PAD
    0x200001ac   0x00000734   Data   RW         1596    .data               wm_cmd.o
    0x200008e0   0x000000a0   Data   RW         1747    .data               wm_rtos.o
    0x20000980   0x000000ec   Data   RW         1853    .data               lwip2.0.3.o
    0x20000a6c   0x00000004   Data   RW         3045    .data               wm_http_compile.o
    0x20000a70   0x00000018   Data   RW         3127    .data               ping.o
    0x20000a88   0x000000f4   Data   RW         3170    .data               wm_matrixssl_compile.o
    0x20000b7c   0x00000010   Data   RW         4270    .data               wm_socket_fwup.o
    0x20000b8c   0x00000014   Data   RW         4348    .data               httpd.o
    0x20000ba0   0x00000014   Data   RW         4384    .data               web.o
    0x20000bb4   0x00000040   Data   RW         4385    .data               web.o
    0x20000bf4   0x00000004   Data   RW         4450    .data               wlan.lib(ap.o)(wlan.lib)
    0x20000bf8   0x00000014   Data   RW         4677    .data               wlan.lib(random.o)(wlan.lib)
    0x20000c0c   0x00000050   Data   RW         4839    .data               wlan.lib(wpa_supplicant.o)(wlan.lib)
    0x20000c5c   0x00000078   Data   RW         4988    .data               wlan.lib(tls_wl_core.o)(wlan.lib)
    0x20000cd4   0x00000044   Data   RW         5087    .data               wlan.lib(tls_wl_hw.o)(wlan.lib)
    0x20000d18   0x00000060   Data   RW         5088    .data               wlan.lib(tls_wl_hw.o)(wlan.lib)
    0x20000d78   0x000000a8   Data   RW         5089    .data               wlan.lib(tls_wl_hw.o)(wlan.lib)
    0x20000e20   0x00000018   Data   RW         5148    .data               wlan.lib(tls_wl_if.o)(wlan.lib)
    0x20000e38   0x00000214   Data   RW         5203    .data               wlan.lib(tls_wl_rf.o)(wlan.lib)
    0x2000104c   0x00000014   Data   RW         5244    .data               wlan.lib(tls_wl_tx.o)(wlan.lib)
    0x20001060   0x00000010   Data   RW         5320    .data               wlan.lib(wm_wifi_api.o)(wlan.lib)
    0x20001070   0x0000001c   Data   RW         5525    .data               wlan.lib(wm_wifi_oneshot_api.o)(wlan.lib)
    0x2000108c   0x00000088   Data   RW         5563    .data               wlan.lib(litepoint.o)(wlan.lib)
    0x20001114   0x00000004   Data   RW         6480    .data               wlan.lib(tls_wl_bss.o)(wlan.lib)
    0x20001118   0x0000031c   Data   RW         6702    .data               wlan.lib(tls_wl_rc.o)(wlan.lib)
    0x20001434   0x00000008   Data   RW         6743    .data               wlan.lib(tls_wl_rx.o)(wlan.lib)
    0x2000143c   0x000009bc   Data   RW         6906    .data               wlan.lib(tls_rf_tx_iq.o)(wlan.lib)
    0x20001df8   0x00000160   Data   RW         6938    .data               wlan.lib(tx_lo_cal.o)(wlan.lib)
    0x20001f58   0x00000004   Data   RW         7382    .data               wlan.lib(tls_rf_fft.o)(wlan.lib)
    0x20001f5c   0x00000004   Data   RW         7383    .data               wlan.lib(tls_rf_fft.o)(wlan.lib)
    0x20001f60   0x00000004   Data   RW         7496    .data               mc_w.l(rand.o)(mc_w.l)
    0x20001f64   0x00000004   Data   RW         7848    .data               mc_w.l(errno.o)(mc_w.l)
    0x20001f68   0x00000004   Data   RW         7933    .data               mc_w.l(mvars.o)(mc_w.l)
    0x20001f6c   0x00000004   Data   RW         7934    .data               mc_w.l(mvars.o)(mc_w.l)
    0x20001f70   0x00000400   Zero   RW          130    .bss                startup_venus.o
    0x20002370   0x00000180   Zero   RW          139    .bss                retarget.o
    0x200024f0   0x000012c0   Zero   RW          198    .bss                wm_main.o
    0x200037b0   0x00000400   Zero   RW          373    .bss                tls_sys.o
    0x20003bb0   0x00000798   Zero   RW          408    .bss                wm_driver.o
    0x20004348   0x00000ef4   Zero   RW          664    .bss                wm_common.o
    0x2000523c   0x00000308   Zero   RW         1301    .bss                dhcp_server.o
    0x20005544   0x00000028   Zero   RW         1452    .bss                dns_server.o
    0x2000556c   0x000019e8   Zero   RW         1476    .bss                wm_wifi_oneshot.o
    0x20006f54   0x000000e8   Zero   RW         1524    .bss                wm_oneshot_airkiss.o
    0x2000703c   0x0000030c   Zero   RW         1557    .bss                wm_oneshot_lsd.o
    0x20007348   0x0000027c   Zero   RW         1592    .bss                wm_cmd.o
    0x200075c4   0x000007d0   Zero   RW         1593    .bss                wm_cmd.o
    0x20007d94   0x00000004   PAD
    0x20007d98   0x00003614   Zero   RW         1744    .bss                wm_rtos.o
    0x2000b3ac   0x000011e0   Zero   RW         1832    .bss                lwip2.0.3.o
    0x2000c58c   0x00000400   Zero   RW         3043    .bss                wm_http_compile.o
    0x2000c98c   0x00000448   Zero   RW         3126    .bss                ping.o
    0x2000cdd4   0x00000d80   Zero   RW         3166    .bss                wm_matrixssl_compile.o
    0x2000db54   0x000000f0   Zero   RW         4294    .bss                fs.o
    0x2000dc44   0x00000094   Zero   RW         4675    .bss                wlan.lib(random.o)(wlan.lib)
    0x2000dcd8   0x00002200   Zero   RW         4837    .bss                wlan.lib(wpa_supplicant.o)(wlan.lib)
    0x2000fed8   0x00001064   Zero   RW         4986    .bss                wlan.lib(tls_wl_core.o)(wlan.lib)
    0x20010f3c   0x000000d8   Zero   RW         5243    .bss                wlan.lib(tls_wl_tx.o)(wlan.lib)
    0x20011014   0x00000488   Zero   RW         5524    .bss                wlan.lib(wm_wifi_oneshot_api.o)(wlan.lib)
    0x2001149c   0x00000021   Zero   RW         6869    .bss                wlan.lib(tls_wl_util.o)(wlan.lib)
    0x200114bd   0x00000003   PAD
    0x200114c0   0x00000800   Zero   RW         6905    .bss                wlan.lib(tls_rf_tx_iq.o)(wlan.lib)
    0x20011cc0   0x00000400   Zero   RW         6937    .bss                wlan.lib(tx_lo_cal.o)(wlan.lib)
    0x200120c0   0x00000021   Zero   RW         7122    .bss                wlan.lib(common.o)(wlan.lib)
    0x200120e1   0x00000007   PAD
    0x200120e8   0x0001a000   Zero   RW          131    HEAP                startup_venus.o


==============================================================================

Image component sizes


      Code (inc. data)   RO Data    RW Data    ZI Data      Debug   Object Name

      2232         46          0          0        776          0   dhcp_server.o
       804         10          0          0         40          0   dns_server.o
       552         10       7196          0        240          0   fs.o
      2284        204        199         20          0          0   httpd.o
     49568        924        524        236       4576          0   lwip2.0.3.o
        24         18          0          0          0          0   main.o
       208         16          0          0          0          0   misc.o
      1404        424          0         24       1096          0   ping.o
      1342         10          0          4        384          0   retarget.o
        40          8        236          0     107520          0   startup_venus.o
       928         42          0          4       1024          0   tls_sys.o
      1312        220       1040         84          0          0   web.o
     28104       2136       1068       1844       2636          0   wm_cmd.o
     25944       2542       2776         66       3828          0   wm_common.o
     23652        938         68        168       1944          0   wm_driver.o
      6632        504         16          4       1024          0   wm_http_compile.o
       748        194          0          0          0          0   wm_http_fwup.o
       412         36         10          4       4800          0   wm_main.o
     26246       1224        169        244       3456          0   wm_matrixssl_compile.o
       540         80        102         18        232          0   wm_oneshot_airkiss.o
      2084        346        259         34        780          0   wm_oneshot_lsd.o
      7650        334        107        160      13844          0   wm_rtos.o
       364         36          0         16          0          0   wm_socket_fwup.o
         0          0          0          0          0          0   wm_uart_demo.o
      4940        356          0        117       6632          0   wm_wifi_oneshot.o

    ----------------------------------------------------------------------
    188020      10658      13814       3060     154836          0   Object Totals
         0          0         32          0          0          0   (incl. Generated)
         6          0         12         13          4          3   (incl. Padding)

    ----------------------------------------------------------------------

      Code (inc. data)   RO Data    RW Data    ZI Data      Debug   Library Member Name

      2496        528        546          0          0          0   airkiss_log.o
        56          8          0          0          0          0   __0sscanf.o
        92          0          0          0          0          0   __dczerorl2.o
        32          0          0          0          0          0   _chval.o
       824          6          0          0          0          0   _scanf.o
       334          0          0          0          0          0   _scanf_int.o
       216          0          0          0          0          0   _scanf_str.o
        64          0          0          0          0          0   _sgetc.o
       156          0          0          0          0          0   _strtoul.o
        26          0          0          0          0          0   atoi.o
        26          0          0          0          0          0   atol.o
         8          4        133          0          0          0   ctype_o.o
         0          0          0          0          0          0   entry.o
         8          4          0          0          0          0   entry2.o
         4          0          0          0          0          0   entry5.o
         8          4          0          0          0          0   entry7.o
         8          4          0          4          0          0   errno.o
        30          0          0          0          0          0   handlers.o
        36          8          0          0          0          0   init.o
        18          0          0          0          0          0   isspace_o.o
         0          0          0          0          0          0   iusefp.o
        90          0          0          0          0          0   ldiv.o
        30          0          0          0          0          0   llshl.o
        36          0          0          0          0          0   llsshr.o
        32          0          0          0          0          0   llushr.o
       356         28          0          0          0          0   mallocr.o
        20          0          0          0          0          0   memchr.o
        26          0          0          0          0          0   memcmp.o
        66          0          0          0          0          0   memmove.o
        38          0          0          0          0          0   memseta.o
         0          0          0          8          0          0   mvars.o
      2316        102          0          0          0          0   printfa.o
        36         10          0          4          0          0   rand.o
        44         10          0          0          0          0   scanf_char.o
        42          0          0          0          0          0   strcasecmp.o
        28          0          0          0          0          0   strcat.o
        18          0          0          0          0          0   strchr.o
        28          0          0          0          0          0   strcmp.o
        18          0          0          0          0          0   strcpy.o
        16          0          0          0          0          0   strlen.o
        30          0          0          0          0          0   strncmp.o
        24          0          0          0          0          0   strncpy.o
        44          0          0          0          0          0   strstr.o
       112          0          0          0          0          0   strtol.o
        12          0          0          0          0          0   tolower.o
        12          0          0          0          0          0   toupper.o
        44          0          0          0          0          0   uidiv.o
       102          0          0          0          0          0   uldiv.o
        40          2          0          0          0          0   cdrcmple.o
       330          0          0          0          0          0   dadd.o
       222          0          0          0          0          0   ddiv.o
       194          0          0          0          0          0   depilogue.o
        62          0          0          0          0          0   dfixi.o
        48          0          0          0          0          0   dfixul.o
        34          0          0          0          0          0   dflti.o
        26          0          0          0          0          0   dfltui.o
       226          0          0          0          0          0   dmul.o
        46          0          0          0          0          0   dscalb.o
      2228         28       4152          0          0          0   aesMatrix.o
       186          0          0          0          0          0   aes_unwrap.o
       168          0          0          0          0          0   aes_wrap.o
      2176         36        144          4          0          0   ap.o
        54          0          0          0          0          0   ap_mlme.o
      1224          0          0          0          0          0   beacon.o
       626          0          0          0          0          0   bss.o
       268         14          0          0         33          0   common.o
      3996         24          0          0          0          0   events.o
       804          4        104          0          0          0   hostapd.o
      1452         16          0          0          0          0   hostapd_sta_info.o
       580          0          0          0          0          0   hostapd_wpa_driver.o
      2574          0          0          0          0          0   ieee802_11.o
       674          0          0          0          0          0   ieee802_11_common.o
       148          0          0          0          0          0   ieee802_1x.o
      5452          0          0          0          0          0   libtommath.o
      1344         54          0        136          0          0   litepoint.o
      2396        262          0          0          0          0   md5.o
       108          0          0          0          0          0   os_internal.o
       384         14         32         20        148          0   random.o
       278          0          0          0          0          0   rc4.o
       492          4          0          0          0          0   scan.o
       248          0          0          0          0          0   sha1-pbkdf2.o
       382          0          0          0          0          0   sha1.o
      4792         42          0          0          0          0   sha1_internal.o
      1144         36        256          0          0          0   sha256.o
       240         10          0          0          0          0   tkip_countermeasures.o
       360         14       2048          8          0          0   tls_rf_fft.o
      3084        104          0       2492       2048          0   tls_rf_tx_iq.o
      1768         18          0          4          0          0   tls_wl_bss.o
      2500         96          0        120       4196          0   tls_wl_core.o
      3284        166          0        332          0          0   tls_wl_hw.o
      3048         48         73         24          0          0   tls_wl_if.o
       830          0          0          0          0          0   tls_wl_key.o
      3260         20          0          0          0          0   tls_wl_mgmt.o
      6088         86          0          0          0          0   tls_wl_mlme.o
       136         18         80          0          0          0   tls_wl_phy.o
      2840         38          0        796          0          0   tls_wl_rc.o
      2164        152        184        532          0          0   tls_wl_rf.o
      5104         72          6          8          0          0   tls_wl_rx.o
       804          4          0          0          0          0   tls_wl_scan.o
       572          6          0          0          0          0   tls_wl_sta_info.o
      4820         86          0         20        216          0   tls_wl_tx.o
      1188         26          0          0         33          0   tls_wl_util.o
      4440        154          0        352       1024          0   tx_lo_cal.o
      4908        102          0         16          0          0   wm_wifi_api.o
      2152         40          0         28       1160          0   wm_wifi_oneshot_api.o
      4170        110        176          0          0          0   wpa.o
      5876        160          0          0          0          0   wpa_auth.o
       128          0          0          0          0          0   wpa_auth_glue.o
      1676         12          0          0          0          0   wpa_auth_ie.o
      1372         86          0          0          0          0   wpa_common.o
      1146          0          0          0          0          0   wpa_driver.o
      1012         10          0          0          0          0   wpa_ie.o
      5672        230          0         80       8704          0   wpa_supplicant.o
       322          0          0          0          0          0   wpabuf.o
       308          0          0          0          0          0   wpas_glue.o

    ----------------------------------------------------------------------
    118756       3120       7938       4988      17572          0   Library Totals
        16          0          4          0         10          0   (incl. Padding)

    ----------------------------------------------------------------------

      Code (inc. data)   RO Data    RW Data    ZI Data      Debug   Library Name

      2496        528        546          0          0        416   libairkiss_log.lib
      5566        188        133         16          0       4084   mc_w.l
      1228          2          0          0          0        976   mf_w.l
    109450       2402       7255       4972      17562    2253213   wlan.lib

    ----------------------------------------------------------------------
    118756       3120       7938       4988      17572          0   Library Totals

    ----------------------------------------------------------------------

==============================================================================


      Code (inc. data)   RO Data    RW Data    ZI Data      Debug   

    306776      13778      21752       8048     172408    3824192   Grand Totals
    306776      13778      21752       3980     172408    3824192   ELF Image Totals (compressed)
    306776      13778      21752       3980          0          0   ROM Totals

==============================================================================

    Total RO  Size (Code + RO Data)               328528 ( 320.83kB)
    Total RW  Size (RW Data + ZI Data)            180456 ( 176.23kB)
    Total ROM Size (Code + RO Data + RW Data)     332508 ( 324.71kB)

==============================================================================

