ARM Linker, 4.1 [Build 481] [Standard]

==============================================================================

Section Cross References

    main.o(.text) refers to printfa.o(i.__0printf) for __2printf
    startup_venus.o(RESET) refers to startup_venus.o(.bss) for __initial_sp
    startup_venus.o(RESET) refers to startup_venus.o(.text) for Reset_Handler
    startup_venus.o(RESET) refers to wm_rtos.o(.emb_text) for SVC_Handler
    startup_venus.o(RESET) refers to wm_rtos.o(.text) for OS_CPU_SysTickHandler
    startup_venus.o(RESET) refers to wm_driver.o(.text) for SDIO_RX_IRQHandler
    startup_venus.o(RESET) refers to tls_wl_core.o(.text) for tls_wl_mac_isr
    startup_venus.o(RESET) refers to wm_common.o(.text) for RSA_IRQHandler
    startup_venus.o(.text) refers to wm_driver.o(.text) for Uart0Init
    startup_venus.o(.text) refers to entry.o(.ARM.Collect$$$$00000000) for __main
    retarget.o(.text) refers to strlen.o(.text) for strlen
    retarget.o(.text) refers to retarget.o(.bss) for .bss
    wm_main.o(.text) refers to wm_driver.o(.text) for tls_sys_clk_get
    wm_main.o(.text) refers to misc.o(.text) for NVIC_PriorityGroupConfig
    wm_main.o(.text) refers to wm_common.o(.text) for tls_crypto_init
    wm_main.o(.text) refers to tls_wl_core.o(.text) for tls_wifi_mem_cfg
    wm_main.o(.text) refers to wpa_supplicant.o(.text) for wpa_supplicant_init
    wm_main.o(.text) refers to lwip2.0.3.o(.text) for tls_ethernet_init
    wm_main.o(.text) refers to tls_sys.o(.text) for tls_sys_init
    wm_main.o(.text) refers to wm_cmd.o(.text) for tls_hostif_init
    wm_main.o(.text) refers to wm_http_compile.o(.text) for http_client_task_init
    wm_main.o(.text) refers to main.o(.text) for UserMain
    wm_main.o(.text) refers to wm_rtos.o(.text) for tls_os_time_delay
    wm_main.o(.text) refers to wm_rtos.o(.constdata) for HZ
    wm_main.o(.text) refers to tls_wl_core.o(.bss) for tx_gain_group
    wm_main.o(.text) refers to wm_main.o(.data) for .data
    wm_main.o(.text) refers to wm_main.o(.bss) for .bss
    tls_sys.o(.text) refers to wm_common.o(.text) for mem_alloc_debug
    tls_sys.o(.text) refers to memmove.o(.text) for __aeabi_memcpy
    tls_sys.o(.text) refers to wm_wifi_api.o(.text) for tls_wifi_softap_create
    tls_sys.o(.text) refers to wm_rtos.o(.text) for tls_os_queue_receive
    tls_sys.o(.text) refers to lwip2.0.3.o(.text) for tls_netif2_set_up
    tls_sys.o(.text) refers to tls_sys.o(.data) for .data
    tls_sys.o(.text) refers to tls_sys.o(.bss) for .bss
    wm_driver.o(.text) refers to wm_rtos.o(.text) for tls_os_sem_release
    wm_driver.o(.text) refers to wm_driver.o(.constdata) for .constdata
    wm_driver.o(.text) refers to wm_driver.o(.bss) for .bss
    wm_driver.o(.text) refers to wm_common.o(.text) for mem_free_debug
    wm_driver.o(.text) refers to memmove.o(.text) for __aeabi_memcpy
    wm_driver.o(.text) refers to misc.o(.text) for NVIC_Configration
    wm_driver.o(.text) refers to memseta.o(.text) for __aeabi_memclr4
    wm_driver.o(.text) refers to printfa.o(i.__0printf) for __2printf
    wm_driver.o(.text) refers to wm_driver.o(.data) for .data
    wm_driver.o(.text) refers to memcmp.o(.text) for memcmp
    wm_driver.o(.data) refers to wm_driver.o(.text) for tls_spifls_drv_read
    wm_common.o(.text) refers to _scanf_int.o(.text) for _scanf_int
    wm_common.o(.text) refers to _scanf_str.o(.text) for _scanf_string
    wm_common.o(.text) refers to wm_driver.o(.text) for tls_fls_read
    wm_common.o(.text) refers to wm_rtos.o(.text) for tls_os_queue_receive
    wm_common.o(.text) refers to memmove.o(.text) for __aeabi_memcpy
    wm_common.o(.text) refers to wm_common.o(.data) for .data
    wm_common.o(.text) refers to wm_common.o(.bss) for .bss
    wm_common.o(.text) refers to wm_driver.o(.data) for flashtotalsize
    wm_common.o(.text) refers to wm_wifi_oneshot.o(.text) for tls_wifi_set_oneshot_flag
    wm_common.o(.text) refers to wm_wifi_api.o(.text) for tls_wifi_auto_connect_flag
    wm_common.o(.text) refers to printfa.o(i.__0printf) for __2printf
    wm_common.o(.text) refers to mallocr.o(i.__malloc$realloc) for malloc
    wm_common.o(.text) refers to mallocr.o(i.__free$realloc) for free
    wm_common.o(.text) refers to memseta.o(.text) for __aeabi_memclr4
    wm_common.o(.text) refers to rand.o(.text) for rand
    wm_common.o(.text) refers to strcpy.o(.text) for strcpy
    wm_common.o(.text) refers to strlen.o(.text) for strlen
    wm_common.o(.text) refers to strncpy.o(.text) for strncpy
    wm_common.o(.text) refers to wm_rtos.o(.constdata) for HZ
    wm_common.o(.text) refers to wm_common.o(.constdata) for .constdata
    wm_common.o(.text) refers to printfa.o(i.__0sprintf) for __2sprintf
    wm_common.o(.text) refers to atoi.o(.text) for atoi
    wm_common.o(.text) refers to __0sscanf.o(.text) for __0sscanf
    wm_common.o(.text) refers to libtommath.o(.text) for mp_reverse
    wm_common.o(.text) refers to wm_matrixssl_compile.o(.text) for _psError
[...]
    ieee80211_get_match_bss                  0x0804feb3   Thumb Code    94  tls_wl_bss.o(.text)
    tls_wl_bss_mgmt_task                     0x0804ff11   Thumb Code    32  tls_wl_bss.o(.text)
    mic_block                                0x0804ff89   Thumb Code    60  tls_wl_key.o(.text)
    ieee80211_wep_init                       0x0804ffc5   Thumb Code    30  tls_wl_key.o(.text)
    ieee80211_key_alloc                      0x0804ffe3   Thumb Code   216  tls_wl_key.o(.text)
    ieee80211_key_link                       0x08050143   Thumb Code   106  tls_wl_key.o(.text)
    ieee80211_key_free                       0x080501ad   Thumb Code    42  tls_wl_key.o(.text)
    ieee80211_add_key                        0x080501d7   Thumb Code    52  tls_wl_key.o(.text)
    ieee80211_del_key                        0x0805020b   Thumb Code    80  tls_wl_key.o(.text)
    ieee80211_free_keys                      0x0805025b   Thumb Code    50  tls_wl_key.o(.text)
    tls_wl_get_mgmt_txbuf                    0x080502c9   Thumb Code    76  tls_wl_mgmt.o(.text)
    ieee80211_send_probe_req                 0x080503db   Thumb Code   448  tls_wl_mgmt.o(.text)
    ieee80211_send_auth                      0x0805059b   Thumb Code   342  tls_wl_mgmt.o(.text)
    ieee80211_bss_get_ie                     0x080506f1   Thumb Code    50  tls_wl_mgmt.o(.text)
    ieee80211_send_assoc                     0x08050723   Thumb Code   886  tls_wl_mgmt.o(.text)
    ieee80211_send_probe_rsp                 0x08050a99   Thumb Code   134  tls_wl_mgmt.o(.text)
    ieee80211_send_deauth_disassoc           0x08050b1f   Thumb Code   238  tls_wl_mgmt.o(.text)
    ieee80211_send_nullfunc                  0x08050c0d   Thumb Code   208  tls_wl_mgmt.o(.text)
    ieee80211_send_pspoll                    0x08050cdd   Thumb Code   146  tls_wl_mgmt.o(.text)
    ieee80211_send_mgmt                      0x08050d6f   Thumb Code   174  tls_wl_mgmt.o(.text)
    ieee80211_send_mgmt_by_rate              0x08050e1d   Thumb Code   148  tls_wl_mgmt.o(.text)
    ieee80211_set_disassoc                   0x080511bb   Thumb Code   142  tls_wl_mlme.o(.text)
    ieee80211_ht_cap_ie_to_sta_ht_cap        0x08051249   Thumb Code   112  tls_wl_mlme.o(.text)
    ieee80211_sta_rx_notify                  0x080515af   Thumb Code    14  tls_wl_mlme.o(.text)
    ieee80211_rx_mgmt_beacon_proc_dtim       0x0805160b   Thumb Code   352  tls_wl_mlme.o(.text)
    disable_rd                               0x08051851   Thumb Code    42  tls_wl_mlme.o(.text)
    ieee80211_send_delba                     0x0805187b   Thumb Code   268  tls_wl_mlme.o(.text)
    __ieee80211_stop_rx_ba_session           0x08051987   Thumb Code    44  tls_wl_mlme.o(.text)
    ieee80211_stop_tx_ba_cb                  0x080519b3   Thumb Code    38  tls_wl_mlme.o(.text)
    ___ieee80211_stop_tx_ba_session          0x080519d9   Thumb Code    50  tls_wl_mlme.o(.text)
    __ieee80211_stop_tx_ba_session           0x08051a0b   Thumb Code    18  tls_wl_mlme.o(.text)
    ieee80211_sta_tear_down_BA_sessions      0x08051a1d   Thumb Code    36  tls_wl_mlme.o(.text)
    ieee80211_enable_ht                      0x08051a41   Thumb Code   206  tls_wl_mlme.o(.text)
    ieee80211_stop_tx_ba_session             0x08051c55   Thumb Code    34  tls_wl_mlme.o(.text)
    ieee80211_process_addba_request          0x08051c77   Thumb Code    38  tls_wl_mlme.o(.text)
    ieee80211_process_addba_resp             0x08051c9d   Thumb Code     2  tls_wl_mlme.o(.text)
    ieee80211_process_delba                  0x08051c9f   Thumb Code    34  tls_wl_mlme.o(.text)
    ieee80211_process_chanswitch             0x08051cc1   Thumb Code    48  tls_wl_mlme.o(.text)
    ieee80211_sta_rx_mgmt                    0x08052061   Thumb Code    78  tls_wl_mlme.o(.text)
    ieee80211_sta_req_auth                   0x080520af   Thumb Code    68  tls_wl_mlme.o(.text)
    ieee80211_sta_commit                     0x080520f3   Thumb Code    50  tls_wl_mlme.o(.text)
    ieee80211_sta_set_ssid                   0x08052125   Thumb Code    80  tls_wl_mlme.o(.text)
    ieee80211_sta_config_auth                0x08052175   Thumb Code   268  tls_wl_mlme.o(.text)
    ieee80211_sta_timer                      0x08052281   Thumb Code    26  tls_wl_mlme.o(.text)
    tls_wl_mlme_init                         0x0805229b   Thumb Code    46  tls_wl_mlme.o(.text)
    tls_wl_mlme_task                         0x080522c9   Thumb Code   204  tls_wl_mlme.o(.text)
    tls_wl_mlme_cleanup                      0x08052395   Thumb Code    28  tls_wl_mlme.o(.text)
    tls_wl_delay                             0x08052705   Thumb Code    20  tls_wl_phy.o(.text)
    tls_wl_bbp_init                          0x08052719   Thumb Code    98  tls_wl_phy.o(.text)
    tls_wl_rc_get_max_rate_code              0x0805278d   Thumb Code   282  tls_wl_rc.o(.text)
    rate_supported                           0x080528a7   Thumb Code    18  tls_wl_rc.o(.text)
    hw_set_tx_rate_and_power                 0x080528b9   Thumb Code    56  tls_wl_rc.o(.text)
    hw_set_tx_rate_and_power2                0x080528f1   Thumb Code    14  tls_wl_rc.o(.text)
    rc_get_rate_table                        0x080528ff   Thumb Code     4  tls_wl_rc.o(.text)
    ieee80211_rate_control_init              0x08052b89   Thumb Code   250  tls_wl_rc.o(.text)
    rate_control_send_low                    0x08052c83   Thumb Code   116  tls_wl_rc.o(.text)
    ieee80211_set_rate                       0x080530eb   Thumb Code   162  tls_wl_rc.o(.text)
    tls_wl_rc_init                           0x0805318d   Thumb Code   132  tls_wl_rc.o(.text)
    tls_wl_rx_mem_init                       0x080532dd   Thumb Code    42  tls_wl_rx.o(.text)
    tls_wl_rx_init                           0x08053307   Thumb Code   172  tls_wl_rx.o(.text)
    tls_wl_free_rxbuf                        0x080533b3   Thumb Code   100  tls_wl_rx.o(.text)
    ieee80211_rx_defragment                  0x08053417   Thumb Code   226  tls_wl_rx.o(.text)
    ieee80211_deliver_frame                  0x080537e1   Thumb Code   300  tls_wl_rx.o(.text)
    tls_wl_rx_task                           0x0805412d   Thumb Code   610  tls_wl_rx.o(.text)
    alloc_scan_req                           0x08054695   Thumb Code   328  tls_wl_scan.o(.text)
    ieee80211_start_scan                     0x080547dd   Thumb Code    66  tls_wl_scan.o(.text)
    ieee80211_scan_completed                 0x0805481f   Thumb Code    96  tls_wl_scan.o(.text)
    ieee80211_request_scan                   0x0805487f   Thumb Code    62  tls_wl_scan.o(.text)
    tls_wl_scan_task                         0x080548bd   Thumb Code   228  tls_wl_scan.o(.text)
    sta_info_get                             0x080549a5   Thumb Code    76  tls_wl_sta_info.o(.text)
    sta_info_put                             0x08054a05   Thumb Code     8  tls_wl_sta_info.o(.text)
    sta_info_add_with_mode                   0x08054a0d   Thumb Code   162  tls_wl_sta_info.o(.text)
    sta_info_free                            0x08054aaf   Thumb Code   208  tls_wl_sta_info.o(.text)
    sta_info_flush                           0x08054b7f   Thumb Code    62  tls_wl_sta_info.o(.text)
    sta_info_init                            0x08054bbd   Thumb Code    30  tls_wl_sta_info.o(.text)
    kref_set                                 0x08054be1   Thumb Code     4  tls_wl_util.o(.text)
    kref_init                                0x08054be5   Thumb Code     6  tls_wl_util.o(.text)
    kref_get                                 0x08054beb   Thumb Code    22  tls_wl_util.o(.text)
    kref_put                                 0x08054c01   Thumb Code    34  tls_wl_util.o(.text)
    ieee80211_sta_get_rates                  0x08054c23   Thumb Code    98  tls_wl_util.o(.text)
    ieee80211_get_bssid                      0x08054c85   Thumb Code   114  tls_wl_util.o(.text)
    ieee80211_channel_to_frequency           0x08054cf7   Thumb Code    32  tls_wl_util.o(.text)
    ieee80211_frequency_to_channel           0x08054d17   Thumb Code    38  tls_wl_util.o(.text)
    ieee80211_get_channel                    0x08054d3d   Thumb Code    48  tls_wl_util.o(.text)
    ieee802_11_parse_elems                   0x08054d6d   Thumb Code   360  tls_wl_util.o(.text)
    ieee80211_set_freq                       0x08054ed5   Thumb Code    64  tls_wl_util.o(.text)
    ieee80211_hdrlen                         0x08054f15   Thumb Code    66  tls_wl_util.o(.text)
    ieee80211_ssid_txt                       0x08054f57   Thumb Code    52  tls_wl_util.o(.text)
    ieee80211_beacon_get                     0x08054f8b   Thumb Code    78  tls_wl_util.o(.text)
    ieee80211_get_tim_ie                     0x08054fd9   Thumb Code    34  tls_wl_util.o(.text)
    ieee80211_get_ds_ie                      0x08054ffb   Thumb Code    30  tls_wl_util.o(.text)
    ieee80211_get_vendor_ie                  0x08055019   Thumb Code    56  tls_wl_util.o(.text)
    IQ_mismatch_power_cal                    0x08055085   Thumb Code    68  tls_rf_tx_iq.o(.text)
    IQ_mismatch_correlation_method           0x080550c9   Thumb Code  1420  tls_rf_tx_iq.o(.text)
    IQ_mismatch_phase_adjust_fft             0x08055655   Thumb Code  1254  tls_rf_tx_iq.o(.text)
    IQ_Mismatch_method                       0x08055b3b   Thumb Code   262  tls_rf_tx_iq.o(.text)
    tx_iqmismatch                            0x08055c41   Thumb Code    22  tls_rf_tx_iq.o(.text)
    prepare_IQ_data                          0x08055c91   Thumb Code    98  tx_lo_cal.o(.text)
    prepare_IQ_data_fft                      0x08055cf3   Thumb Code    78  tx_lo_cal.o(.text)
    data_acquire_once                        0x08055d41   Thumb Code    44  tx_lo_cal.o(.text)
    read_IQ_data                             0x08055d6d   Thumb Code   130  tx_lo_cal.o(.text)
    rf_data_sample_fft_cal                   0x08055def   Thumb Code    40  tx_lo_cal.o(.text)
    rf_data_sample_fft_cal_t                 0x08055e17   Thumb Code    40  tx_lo_cal.o(.text)
    rf_data_sample_correlation_cal           0x08055e3f   Thumb Code   304  tx_lo_cal.o(.text)
    LO_Leakage_correlation                   0x08055f6f   Thumb Code  1762  tx_lo_cal.o(.text)
    LO_leakage_fft                           0x08056651   Thumb Code  1538  tx_lo_cal.o(.text)
    LO_leakage_func_method                   0x08056c53   Thumb Code   352  tx_lo_cal.o(.text)
    rf_loleakage_cal                         0x08056db3   Thumb Code    32  tx_lo_cal.o(.text)
    aes_unwrap                               0x08056de9   Thumb Code   186  aes_unwrap.o(.text)
    mlme_deletekeys_request                  0x08056ea3   Thumb Code    12  ap_mlme.o(.text)
    mlme_authenticate_indication             0x08056eaf   Thumb Code    16  ap_mlme.o(.text)
    mlme_deauthenticate_indication           0x08056ebf   Thumb Code     2  ap_mlme.o(.text)
    mlme_associate_indication                0x08056ec1   Thumb Code    10  ap_mlme.o(.text)
    mlme_reassociate_indication              0x08056ecb   Thumb Code    10  ap_mlme.o(.text)
    mlme_disassociate_indication             0x08056ed5   Thumb Code     2  ap_mlme.o(.text)
    mlme_michaelmicfailure_indication        0x08056ed7   Thumb Code     2  ap_mlme.o(.text)
    hostapd_eid_wmm                          0x08056f13   Thumb Code   158  beacon.o(.text)
    hostapd_eid_wmm_valid                    0x08056fb1   Thumb Code    18  beacon.o(.text)
    handle_probe_req                         0x08056fed   Thumb Code   344  beacon.o(.text)
    ieee802_11_set_beacon                    0x08057145   Thumb Code   586  beacon.o(.text)
    wpa_ssid_txt                             0x080573a1   Thumb Code    52  common.o(.text)
    hex2byte                                 0x080573d5   Thumb Code    42  common.o(.text)
    hexstr2bin                               0x080573ff   Thumb Code    48  common.o(.text)
    inc_byte_array                           0x0805742f   Thumb Code    22  common.o(.text)
    wpa_get_ntp_timestamp                    0x08057445   Thumb Code    48  common.o(.text)
    wpa_auth_for_each_sta                    0x08057501   Thumb Code    36  wpa_auth.o(.text)
    wpa_auth_logger                          0x08057525   Thumb Code     2  wpa_auth.o(.text)
    __wpa_send_eapol                         0x08057593   Thumb Code   714  wpa_auth.o(.text)
    wpa_remove_ptk                           0x08058033   Thumb Code    58  wpa_auth.o(.text)
    wpa_init                                 0x08058465   Thumb Code   170  wpa_auth.o(.text)
    wpa_init_keys                            0x0805850f   Thumb Code    28  wpa_auth.o(.text)
    wpa_deinit                               0x0805852b   Thumb Code    56  wpa_auth.o(.text)
    wpa_reconfig                             0x08058563   Thumb Code    70  wpa_auth.o(.text)
    wpa_auth_sta_init                        0x080585a9   Thumb Code    46  wpa_auth.o(.text)
    wpa_auth_sta_associated                  0x080585d7   Thumb Code    88  wpa_auth.o(.text)
    wpa_auth_sta_no_wpa                      0x0805862f   Thumb Code    12  wpa_auth.o(.text)
    wpa_auth_sta_deinit                      0x0805863b   Thumb Code   104  wpa_auth.o(.text)
    wpa_receive                              0x080586a3   Thumb Code   698  wpa_auth.o(.text)
    wpa_auth_sm_event                        0x0805895d   Thumb Code   128  wpa_auth.o(.text)
    wpa_gtk_rekey                            0x080589dd   Thumb Code    42  wpa_auth.o(.text)
    wpa_auth_countermeasures_start           0x08058a07   Thumb Code    12  wpa_auth.o(.text)
    wpa_auth_pairwise_set                    0x08058a13   Thumb Code    16  wpa_auth.o(.text)
    wpa_auth_get_pairwise                    0x08058a23   Thumb Code     6  wpa_auth.o(.text)
    wpa_auth_sta_key_mgmt                    0x08058a29   Thumb Code    14  wpa_auth.o(.text)
    wpa_auth_sta_wpa_version                 0x08058a37   Thumb Code    10  wpa_auth.o(.text)
    wpa_auth_sta_clear_pmksa                 0x08058a41   Thumb Code    26  wpa_auth.o(.text)
    wpa_auth_sta_get_pmksa                   0x08058a5b   Thumb Code    10  wpa_auth.o(.text)
    wpa_auth_sta_local_mic_failure_report    0x08058a65   Thumb Code    16  wpa_auth.o(.text)
    wpa_auth_get_wpa_ie                      0x08058a75   Thumb Code    14  wpa_auth.o(.text)
    hostapd_deinit_wpa                       0x08058ba1   Thumb Code    30  wpa_auth_glue.o(.text)
    hostapd_setup_wpa                        0x08058bbf   Thumb Code    98  wpa_auth_glue.o(.text)
    wpa_write_rsn_ie                         0x08058d49   Thumb Code   362  wpa_auth_ie.o(.text)
    wpa_auth_gen_wpa_ie                      0x08058eb3   Thumb Code   110  wpa_auth_ie.o(.text)
    wpa_add_kde                              0x08058f21   Thumb Code    72  wpa_auth_ie.o(.text)
    wpa_validate_wpa_ie                      0x08058f69   Thumb Code   536  wpa_auth_ie.o(.text)
    wpa_parse_kde_ies                        0x08059181   Thumb Code   114  wpa_auth_ie.o(.text)
    wpa_auth_uses_mfp                        0x080591f3   Thumb Code    14  wpa_auth_ie.o(.text)
    wpa_eapol_key_mic                        0x080592ad   Thumb Code    62  wpa_common.o(.text)
    rsn_pmkid                                0x080592eb   Thumb Code    54  wpa_common.o(.text)
    wpa_pmk_to_ptk                           0x08059321   Thumb Code   154  wpa_common.o(.text)
    wpa_cipher_txt                           0x080593bb   Thumb Code    56  wpa_common.o(.text)
    wpa_compare_rsn_ie                       0x080593f3   Thumb Code    32  wpa_common.o(.text)
    wpa_parse_wpa_ie_rsn                     0x0805947d   Thumb Code   334  wpa_common.o(.text)
    wpa_parse_wpa_ie_wpa                     0x08059635   Thumb Code   422  wpa_common.o(.text)
    hex2digit                                0x080597db   Thumb Code    42  wpa_common.o(.text)
    hostapd_drv_sta_remove                   0x08059809   Thumb Code     8  hostapd_wpa_driver.o(.text)
    hostapd_set_sta_flags                    0x08059811   Thumb Code     4  hostapd_wpa_driver.o(.text)
    hostapd_sta_flags_to_drv                 0x08059815   Thumb Code    36  hostapd_wpa_driver.o(.text)
    hostapd_drv_sta_add                      0x08059839   Thumb Code    76  hostapd_wpa_driver.o(.text)
    hostapd_drv_send_mlme                    0x08059885   Thumb Code     8  hostapd_wpa_driver.o(.text)
    hostapd_drv_set_ap                       0x0805988d   Thumb Code   194  hostapd_wpa_driver.o(.text)
    hostapd_drv_sta_set_flags                0x0805994f   Thumb Code     4  hostapd_wpa_driver.o(.text)
    hostapd_drv_set_key                      0x08059953   Thumb Code    38  hostapd_wpa_driver.o(.text)
    hostapd_get_seqnum                       0x08059979   Thumb Code     4  hostapd_wpa_driver.o(.text)
    hostapd_drv_set_countermeasures          0x0805997d   Thumb Code     4  hostapd_wpa_driver.o(.text)
    hostapd_drv_hapd_send_eapol              0x08059981   Thumb Code    24  hostapd_wpa_driver.o(.text)
    hostapd_set_freq                         0x08059999   Thumb Code    34  hostapd_wpa_driver.o(.text)
    hostapd_sta_set_flags                    0x080599bb   Thumb Code     4  hostapd_wpa_driver.o(.text)
    hostapd_drv_get_inact_sec                0x080599bf   Thumb Code     8  hostapd_wpa_driver.o(.text)
    hostapd_set_authorized                   0x080599c7   Thumb Code    14  hostapd_wpa_driver.o(.text)
    hostapd_drv_sta_flush                    0x080599d5   Thumb Code    10  hostapd_wpa_driver.o(.text)
    hostapd_drv_sta_deauth                   0x080599df   Thumb Code    22  hostapd_wpa_driver.o(.text)
    hostapd_drv_sta_disassoc                 0x080599f5   Thumb Code    22  hostapd_wpa_driver.o(.text)
    hostapd_if_add                           0x08059a0b   Thumb Code     4  hostapd_wpa_driver.o(.text)
    hostapd_set_tx_queue_params              0x08059a0f   Thumb Code    22  hostapd_wpa_driver.o(.text)
    fftr2_dit_new                            0x08059a4d   Thumb Code   190  tls_rf_fft.o(.text)
    ReverseBits                              0x08059b0b   Thumb Code    30  tls_rf_fft.o(.text)
    NumberOfBitsNeeded                       0x08059b29   Thumb Code    20  tls_rf_fft.o(.text)
    bit_rev                                  0x08059b3d   Thumb Code    86  tls_rf_fft.o(.text)
    fft                                      0x08059b93   Thumb Code    20  tls_rf_fft.o(.text)
    aes_wrap                                 0x08059bb5   Thumb Code   168  aes_wrap.o(.text)
    __aeabi_uldivmod                         0x08059c5d   Thumb Code   102  uldiv.o(.text)
    __aeabi_ldivmod                          0x08059cc3   Thumb Code    90  ldiv.o(.text)
    __rt_ctype_table                         0x08059d1d   Thumb Code     4  ctype_o.o(.text)
    isspace                                  0x08059d25   Thumb Code    18  isspace_o.o(.text)
    toupper                                  0x08059d37   Thumb Code    12  toupper.o(.text)
    tolower                                  0x08059d43   Thumb Code    12  tolower.o(.text)
    rand                                     0x08059d51   Thumb Code    20  rand.o(.text)
    srand                                    0x08059d65   Thumb Code     6  rand.o(.text)
    ____aeabi_memcpy8$ret$move               0x08059d75   Thumb Code     0  memmove.o(.text)
    ___aeabi_memmove4$ret                    0x08059d75   Thumb Code     0  memmove.o(.text)
    ___aeabi_memmove8$ret                    0x08059d75   Thumb Code     0  memmove.o(.text)
    __aeabi_memcpy                           0x08059d75   Thumb Code    66  memmove.o(.text)
    __aeabi_memcpy4                          0x08059d75   Thumb Code     0  memmove.o(.text)
    __aeabi_memmove                          0x08059d75   Thumb Code     0  memmove.o(.text)
    memcpy                                   0x08059d75   Thumb Code     0  memmove.o(.text)
    memmove                                  0x08059d75   Thumb Code     0  memmove.o(.text)
    __aeabi_memset                           0x08059db7   Thumb Code    14  memseta.o(.text)
    __aeabi_memset4                          0x08059db7   Thumb Code     0  memseta.o(.text)
    __aeabi_memset8                          0x08059db7   Thumb Code     0  memseta.o(.text)
    __aeabi_memclr                           0x08059dc5   Thumb Code     4  memseta.o(.text)
    __aeabi_memclr4                          0x08059dc5   Thumb Code     0  memseta.o(.text)
    __aeabi_memclr8                          0x08059dc5   Thumb Code     0  memseta.o(.text)
    memset                                   0x08059dc9   Thumb Code    20  memseta.o(.text)
    strcat                                   0x08059ddd   Thumb Code    28  strcat.o(.text)
    strstr                                   0x08059df9   Thumb Code    44  strstr.o(.text)
    strncpy                                  0x08059e25   Thumb Code    24  strncpy.o(.text)
    strchr                                   0x08059e3d   Thumb Code    18  strchr.o(.text)
    strlen                                   0x08059e4f   Thumb Code    16  strlen.o(.text)
    strcmp                                   0x08059e5f   Thumb Code    28  strcmp.o(.text)
    memchr                                   0x08059e7b   Thumb Code    20  memchr.o(.text)
    memcmp                                   0x08059e8f   Thumb Code    26  memcmp.o(.text)
    strcpy                                   0x08059ea9   Thumb Code    18  strcpy.o(.text)
    strncmp                                  0x08059ebb   Thumb Code    30  strncmp.o(.text)
    strcasecmp                               0x08059ed9   Thumb Code    42  strcasecmp.o(.text)
    __0sscanf                                0x08059f05   Thumb Code    48  __0sscanf.o(.text)
    _scanf_int                               0x08059f3d   Thumb Code   334  _scanf_int.o(.text)
    _scanf_string                            0x0805a08b   Thumb Code   216  _scanf_str.o(.text)
    atoi                                     0x0805a163   Thumb Code    26  atoi.o(.text)
    atol                                     0x0805a17d   Thumb Code    26  atol.o(.text)
    __aeabi_dadd                             0x0805a197   Thumb Code   318  dadd.o(.text)
    __aeabi_dsub                             0x0805a2d5   Thumb Code     6  dadd.o(.text)
    __aeabi_drsub                            0x0805a2db   Thumb Code     6  dadd.o(.text)
    __aeabi_dmul                             0x0805a2e1   Thumb Code   226  dmul.o(.text)
    __aeabi_ddiv                             0x0805a3c3   Thumb Code   222  ddiv.o(.text)
    __ARM_scalbn                             0x0805a4a1   Thumb Code    46  dscalb.o(.text)
    scalbn                                   0x0805a4a1   Thumb Code     0  dscalb.o(.text)
    __aeabi_i2d                              0x0805a4cf   Thumb Code    34  dflti.o(.text)
    __aeabi_ui2d                             0x0805a4f1   Thumb Code    26  dfltui.o(.text)
    __aeabi_d2iz                             0x0805a50b   Thumb Code    62  dfixi.o(.text)
    __aeabi_d2ulz                            0x0805a549   Thumb Code    48  dfixul.o(.text)
    __aeabi_cdrcmple                         0x0805a579   Thumb Code    38  cdrcmple.o(.text)
    __aeabi_uidiv                            0x0805a5a1   Thumb Code     0  uidiv.o(.text)
    __aeabi_uidivmod                         0x0805a5a1   Thumb Code    44  uidiv.o(.text)
    __aeabi_llsl                             0x0805a5cd   Thumb Code    30  llshl.o(.text)
    _ll_shift_l                              0x0805a5cd   Thumb Code     0  llshl.o(.text)
    __aeabi_llsr                             0x0805a5eb   Thumb Code    32  llushr.o(.text)
    _ll_ushift_r                             0x0805a5eb   Thumb Code     0  llushr.o(.text)
    __aeabi_lasr                             0x0805a60b   Thumb Code    36  llsshr.o(.text)
    _ll_sshift_r                             0x0805a60b   Thumb Code     0  llsshr.o(.text)
    _chval                                   0x0805a62f   Thumb Code    32  _chval.o(.text)
    __vfscanf_char                           0x0805a65d   Thumb Code    22  scanf_char.o(.text)
    _sgetc                                   0x0805a67d   Thumb Code    30  _sgetc.o(.text)
    _sbackspace                              0x0805a69b   Thumb Code    34  _sgetc.o(.text)
    strtol                                   0x0805a6bd   Thumb Code   112  strtol.o(.text)
    __I$use$fp                               0x0805a72d   Thumb Code     0  iusefp.o(.text)
    _double_round                            0x0805a72d   Thumb Code    26  depilogue.o(.text)
    _double_epilogue                         0x0805a747   Thumb Code   168  depilogue.o(.text)
    __scatterload                            0x0805a7f1   Thumb Code    28  init.o(.text)
    __scatterload_rt2                        0x0805a7f1   Thumb Code     0  init.o(.text)
    __vfscanf                                0x0805a815   Thumb Code   818  _scanf.o(.text)
    _strtoul                                 0x0805ab4d   Thumb Code   156  _strtoul.o(.text)
    __decompress                             0x0805abe9   Thumb Code     0  __dczerorl2.o(.text)
    __decompress1                            0x0805abe9   Thumb Code    92  __dczerorl2.o(.text)
    __0printf                                0x0805ac45   Thumb Code    22  printfa.o(i.__0printf)
    __1printf                                0x0805ac45   Thumb Code     0  printfa.o(i.__0printf)
    __2printf                                0x0805ac45   Thumb Code     0  printfa.o(i.__0printf)
    __c89printf                              0x0805ac45   Thumb Code     0  printfa.o(i.__0printf)
    printf                                   0x0805ac45   Thumb Code     0  printfa.o(i.__0printf)
    __0snprintf                              0x0805ac65   Thumb Code    36  printfa.o(i.__0snprintf)
    __1snprintf                              0x0805ac65   Thumb Code     0  printfa.o(i.__0snprintf)
    __2snprintf                              0x0805ac65   Thumb Code     0  printfa.o(i.__0snprintf)
    __c89snprintf                            0x0805ac65   Thumb Code     0  printfa.o(i.__0snprintf)
    snprintf                                 0x0805ac65   Thumb Code     0  printfa.o(i.__0snprintf)
    __0sprintf                               0x0805ac8d   Thumb Code    34  printfa.o(i.__0sprintf)
    __1sprintf                               0x0805ac8d   Thumb Code     0  printfa.o(i.__0sprintf)
    __2sprintf                               0x0805ac8d   Thumb Code     0  printfa.o(i.__0sprintf)
    __c89sprintf                             0x0805ac8d   Thumb Code     0  printfa.o(i.__0sprintf)
    sprintf                                  0x0805ac8d   Thumb Code     0  printfa.o(i.__0sprintf)
    __aeabi_errno_addr                       0x0805acb5   Thumb Code     4  errno.o(i.__aeabi_errno_addr)
    __rt_errno_addr                          0x0805acb5   Thumb Code     0  errno.o(i.__aeabi_errno_addr)
    free                                     0x0805acbd   Thumb Code    88  mallocr.o(i.__free$realloc)
    malloc                                   0x0805ad19   Thumb Code    64  mallocr.o(i.__malloc$realloc)
    __scatterload_copy                       0x0805ad69   Thumb Code    14  handlers.o(i.__scatterload_copy)
    __scatterload_null                       0x0805ad77   Thumb Code     2  handlers.o(i.__scatterload_null)
    __scatterload_zeroinit                   0x0805ad79   Thumb Code    14  handlers.o(i.__scatterload_zeroinit)
    realloc                                  0x0805b66d   Thumb Code   108  mallocr.o(i.realloc)
    FirmWareVer                              0x0805b6dc   Data           4  wm_main.o(.constdata)
    HwVer                                    0x0805b6e0   Data           6  wm_main.o(.constdata)
    baud_rates                               0x0805b6e8   Data          68  wm_driver.o(.constdata)
    lsd_dst_addr                             0x0805c26a   Data           3  wm_oneshot_lsd.o(.constdata)
    lsd_crc_table                            0x0805c26d   Data         256  wm_oneshot_lsd.o(.constdata)
    SysCreatedDate                           0x0805c370   Data          12  wm_cmd.o(.constdata)
    SysCreatedTime                           0x0805c37c   Data           9  wm_cmd.o(.constdata)
    HZ                                       0x0805c530   Data           4  wm_rtos.o(.constdata)
    memp_RAW_PCB                             0x0805c59c   Data           2  lwip2.0.3.o(.constdata)
    memp_UDP_PCB                             0x0805c59e   Data           2  lwip2.0.3.o(.constdata)
    memp_TCP_PCB                             0x0805c5a0   Data           2  lwip2.0.3.o(.constdata)
    memp_TCP_PCB_LISTEN                      0x0805c5a2   Data           2  lwip2.0.3.o(.constdata)
    memp_TCP_SEG                             0x0805c5a4   Data           2  lwip2.0.3.o(.constdata)
    memp_REASSDATA                           0x0805c5a6   Data           2  lwip2.0.3.o(.constdata)
    memp_FRAG_PBUF                           0x0805c5a8   Data           2  lwip2.0.3.o(.constdata)
    memp_NETBUF                              0x0805c5aa   Data           2  lwip2.0.3.o(.constdata)
    memp_NETCONN                             0x0805c5ac   Data           2  lwip2.0.3.o(.constdata)
    memp_TCPIP_MSG_API                       0x0805c5ae   Data           2  lwip2.0.3.o(.constdata)
    memp_TCPIP_MSG_INPKT                     0x0805c5b0   Data           2  lwip2.0.3.o(.constdata)
    memp_IGMP_GROUP                          0x0805c5b2   Data           2  lwip2.0.3.o(.constdata)
    memp_SYS_TIMEOUT                         0x0805c5b4   Data           2  lwip2.0.3.o(.constdata)
    memp_NETDB                               0x0805c5b6   Data           2  lwip2.0.3.o(.constdata)
    memp_PBUF                                0x0805c5b8   Data           2  lwip2.0.3.o(.constdata)
    memp_PBUF_POOL                           0x0805c5ba   Data           2  lwip2.0.3.o(.constdata)
    ip_addr_any                              0x0805c5bc   Data           4  lwip2.0.3.o(.constdata)
    ip_addr_broadcast                        0x0805c5c0   Data           4  lwip2.0.3.o(.constdata)
    ethbroadcast                             0x0805c5c4   Data           6  lwip2.0.3.o(.constdata)
    ethzero                                  0x0805c5ca   Data           6  lwip2.0.3.o(.constdata)
    memp_pools                               0x0805c5e0   Data          64  lwip2.0.3.o(.constdata)
    tcp_pcb_lists                            0x0805c65c   Data          16  lwip2.0.3.o(.constdata)
    lwip_cyclic_timers                       0x0805c66c   Data          56  lwip2.0.3.o(.constdata)
    file_404_html                            0x0805e378   Data          16  fs.o(.constdata)
    file_hedbasic_html                       0x0805e388   Data          16  fs.o(.constdata)
    file_hedfirmware_html                    0x0805e398   Data          16  fs.o(.constdata)
    file_index_html                          0x0805e3a8   Data          16  fs.o(.constdata)
    file_jump_html                           0x0805e3b8   Data          16  fs.o(.constdata)
    file_style_css                           0x0805e3c8   Data          16  fs.o(.constdata)
    g_psDefaultFilenames                     0x0805e3d8   Data          16  httpd.o(.constdata)
    web_id_tbl                               0x0805e458   Data         528  web.o(.constdata)
    hed_rf_txgainmap                         0x0805fa74   Data          64  tls_wl_rf.o(.constdata)
    central_freq                             0x0805fab4   Data         120  tls_wl_rf.o(.constdata)
    bbp_value                                0x0805fc44   Data          80  tls_wl_phy.o(.constdata)
    __ctype_table                            0x0806049a   Data         129  ctype_o.o(.constdata)
    Region$$Table$$Base                      0x08060ac8   Number         0  anon$$obj.o(Region$$Table)
    Region$$Table$$Limit                     0x08060ae8   Number         0  anon$$obj.o(Region$$Table)
    __stdout                                 0x20000000   Data           4  retarget.o(.data)
    libc_sem                                 0x20000004   Data           4  wm_main.o(.data)
    adc_irq_flag                             0x2000000d   Data           1  wm_driver.o(.data)
    tst_flag                                 0x2000000e   Data           1  wm_driver.o(.data)
    intr_counter                             0x2000000f   Data           1  wm_driver.o(.data)
    flashtotalsize                           0x20000024   Data           4  wm_driver.o(.data)
    crypto_complete                          0x200000c9   Data           1  wm_common.o(.data)
    memory_manager_initialized               0x200000ca   Data           1  wm_common.o(.data)
    updp_mode                                0x200000cb   Data           1  wm_common.o(.data)
    CODE_RUN_AREA_LEN                        0x200000d8   Data           4  wm_common.o(.data)
    USER_ADDR_START                          0x200000dc   Data           4  wm_common.o(.data)
    TLS_FLASH_PARAM_DEFAULT                  0x200000e0   Data           4  wm_common.o(.data)
    USER_AREA_LEN                            0x200000e4   Data           4  wm_common.o(.data)
    USER_ADDR_END                            0x200000e8   Data           4  wm_common.o(.data)
    CODE_UPD_HEADER_ADDR                     0x200000ec   Data           4  wm_common.o(.data)
    TLS_FLASH_PARAM1_ADDR                    0x200000f0   Data           4  wm_common.o(.data)
    TLS_FLASH_PARAM2_ADDR                    0x200000f4   Data           4  wm_common.o(.data)
    TLS_FLASH_PARAM_RESTORE_ADDR             0x200000f8   Data           4  wm_common.o(.data)
    CODE_UPD_START_ADDR                      0x200000fc   Data           4  wm_common.o(.data)
    CODE_UPD_AREA_LEN                        0x20000100   Data           4  wm_common.o(.data)
    EX_USER_ADDR_START                       0x20000104   Data           4  wm_common.o(.data)
    EX_USER_AREA_LEN                         0x20000108   Data           4  wm_common.o(.data)
    EX_USER_ADDR_END                         0x2000010c   Data           4  wm_common.o(.data)
    TLS_FLASH_END_ADDR                       0x20000110   Data           4  wm_common.o(.data)
    mem_sem                                  0x20000118   Data           4  wm_common.o(.data)
    guconeshotflag                           0x2000014c   Data           1  wm_wifi_oneshot.o(.data)
    gucssidokflag                            0x2000014d   Data           1  wm_wifi_oneshot.o(.data)
    gucbssidokflag                           0x2000014e   Data           1  wm_wifi_oneshot.o(.data)
    gucpwdokflag                             0x2000014f   Data           1  wm_wifi_oneshot.o(.data)
    guchandshakeflag                         0x20000151   Data           1  wm_wifi_oneshot.o(.data)
    oneshottime                              0x2000015c   Data           4  wm_wifi_oneshot.o(.data)
    oneshot_msg_q                            0x20000164   Data           4  wm_wifi_oneshot.o(.data)
    oneshotCpuClk                            0x20000168   Data           4  wm_wifi_oneshot.o(.data)
    skt_descp                                0x20000184   Data           4  wm_wifi_oneshot.o(.data)
    sock_rx                                  0x20000188   Data           4  wm_wifi_oneshot.o(.data)
    is_airkiss                               0x200001c4   Data           1  wm_oneshot_airkiss.o(.data)
    lsd_state                                0x200001d8   Data           1  wm_oneshot_lsd.o(.data)
    lsd_head_bw20                            0x200001d9   Data           1  wm_oneshot_lsd.o(.data)
    lsd_sync_cnt                             0x200001da   Data           1  wm_oneshot_lsd.o(.data)
    lsd_data_cnt                             0x200001db   Data           1  wm_oneshot_lsd.o(.data)
    lsd_temp_lock                            0x200001dc   Data           1  wm_oneshot_lsd.o(.data)
    lsd_crc_value                            0x200001dd   Data           1  wm_oneshot_lsd.o(.data)
    lsd_last_num                             0x200001de   Data           2  wm_oneshot_lsd.o(.data)
    lsd_data_datum                           0x200001e0   Data           2  wm_oneshot_lsd.o(.data)
    lsd_head_cnt                             0x200001e2   Data           2  wm_oneshot_lsd.o(.data)
    lsd_byte_cnt                             0x200001e4   Data           2  wm_oneshot_lsd.o(.data)
    lsd_printf                               0x200001e8   Data           4  wm_oneshot_lsd.o(.data)
    lsd_last_seq                             0x200001ec   Data           4  wm_oneshot_lsd.o(.data)
    lsd_src_mac                              0x200001f4   Data           6  wm_oneshot_lsd.o(.data)
    gfwupdatemode                            0x200001fc   Data           1  wm_cmd.o(.data)
    default_socket                           0x200001fd   Data           1  wm_cmd.o(.data)
    pSession_flag                            0x200001fe   Data           1  wm_cmd.o(.data)
    gulCalFlag                               0x200001ff   Data           1  wm_cmd.o(.data)
    RSTTIMER                                 0x20000204   Data           4  wm_cmd.o(.data)
    set_uart0_mode_callback                  0x20000214   Data           4  wm_cmd.o(.data)
    get_uart1_port_callback                  0x20000218   Data           4  wm_cmd.o(.data)
    set_uart1_mode_callback                  0x2000021c   Data           4  wm_cmd.o(.data)
    set_uart1_sock_param_callback            0x20000220   Data           4  wm_cmd.o(.data)
    g_hspi                                   0x20000224   Data           8  wm_cmd.o(.data)
    wl_task_param_hostif                     0x2000022c   Data          20  wm_cmd.o(.data)
    os_cnter                                 0x20000930   Data           4  wm_rtos.o(.data)
    pxCurrentTCB                             0x20000934   Data           4  wm_rtos.o(.data)
    pxCurrentCoRoutine                       0x2000097c   Data           4  wm_rtos.o(.data)
    pbuf_free_ooseq_pending                  0x200009d7   Data           1  lwip2.0.3.o(.data)
    tcp_active_pcbs_changed                  0x200009d8   Data           1  lwip2.0.3.o(.data)
    lwip_task_priopity_stack                 0x200009df   Data           1  lwip2.0.3.o(.data)
    netconn_aborted                          0x200009e0   Data           1  lwip2.0.3.o(.data)
    current_src_ip                           0x200009fc   Data           4  lwip2.0.3.o(.data)
    sndbuf_len                               0x20000a00   Data           4  lwip2.0.3.o(.data)
    netif_list                               0x20000a28   Data           4  lwip2.0.3.o(.data)
    netif_default                            0x20000a2c   Data           4  lwip2.0.3.o(.data)
    tcp_ticks                                0x20000a34   Data           4  lwip2.0.3.o(.data)
    tcp_bound_pcbs                           0x20000a38   Data           4  lwip2.0.3.o(.data)
    tcp_listen_pcbs                          0x20000a3c   Data           4  lwip2.0.3.o(.data)
    tcp_active_pcbs                          0x20000a40   Data           4  lwip2.0.3.o(.data)
    tcp_tw_pcbs                              0x20000a44   Data           4  lwip2.0.3.o(.data)
    tcp_input_pcb                            0x20000a5c   Data           4  lwip2.0.3.o(.data)
    udp_pcbs                                 0x20000a60   Data           4  lwip2.0.3.o(.data)
    h_errno                                  0x20000aa4   Data           4  lwip2.0.3.o(.data)
    g_pCGIs                                  0x20000be0   Data           4  httpd.o(.data)
    g_iNumCGIs                               0x20000be4   Data           4  httpd.o(.data)
    gwebcfgmode                              0x20000bf5   Data           1  web.o(.data)
    Res                                      0x20000bf8   Data          16  web.o(.data)
    Cgi                                      0x20000c08   Data          64  web.o(.data)
    ap_iface                                 0x20000c48   Data           4  ap.o(.data)
    wpa_s                                    0x20000c60   Data           4  wpa_supplicant.o(.data)
    supplicant_event_ops                     0x20000c6c   Data          68  wpa_supplicant.o(.data)
    pfunstandby                              0x20000cb4   Data           4  tls_wl_core.o(.data)
    SEC_TXBUF_NUM                            0x20000cb8   Data           4  tls_wl_core.o(.data)
    SEC_RXBUF_NUM                            0x20000cbc   Data           4  tls_wl_core.o(.data)
    SEC_TX_DESC_NUM                          0x20000cc0   Data           4  tls_wl_core.o(.data)
    wif                                      0x20000cc4   Data           4  tls_wl_core.o(.data)
    BEACON_BUF_ADDR                          0x20000cc8   Data           4  tls_wl_core.o(.data)
    BEACON_BUF_END_ADDR                      0x20000ccc   Data           4  tls_wl_core.o(.data)
    SEC_TXBUF_BASE_ADDR                      0x20000cd0   Data           4  tls_wl_core.o(.data)
    SEC_TXBUF_TOTAL_SIZE                     0x20000cd4   Data           4  tls_wl_core.o(.data)
    SEC_TX_DESC_BASE_ADDR                    0x20000cd8   Data           4  tls_wl_core.o(.data)
    SEC_TX_DESC_TOTAL_SIZE                   0x20000cdc   Data           4  tls_wl_core.o(.data)
    SEC_TX_FRM_HDR_BASE_ADDR                 0x20000ce0   Data           4  tls_wl_core.o(.data)
    SEC_TX_FRM_HDR_TOTAL_SIZE                0x20000ce4   Data           4  tls_wl_core.o(.data)
    MGMT_TX_FRM_HDR_BASE_ADDR                0x20000ce8   Data           4  tls_wl_core.o(.data)
    MGMT_TXBUF_TOTAL_SIZE                    0x20000cec   Data           4  tls_wl_core.o(.data)
    MGMT_TX_DESC_BASE_ADDR                   0x20000cf0   Data           4  tls_wl_core.o(.data)
    MGMT_TX_DESC_TOTAL_SIZE                  0x20000cf4   Data           4  tls_wl_core.o(.data)
    SEC_RXBUF_BASE_ADDR                      0x20000cf8   Data           4  tls_wl_core.o(.data)
    SEC_RXBUF_TOTAL_SIZE                     0x20000cfc   Data           4  tls_wl_core.o(.data)
    SEC_RX_DESC_BASE_ADDR                    0x20000d00   Data           4  tls_wl_core.o(.data)
    SEC_RX_DESC_TOTAL_SIZE                   0x20000d04   Data           4  tls_wl_core.o(.data)
    MAC_TXBUF_BASE_ADDR                      0x20000d08   Data           4  tls_wl_core.o(.data)
    MAC_MAX_BUF_SIZE                         0x20000d0c   Data           4  tls_wl_core.o(.data)
    MAC_MAX_TXBUF_CNT                        0x20000d10   Data           4  tls_wl_core.o(.data)
    MAC_MAX_RXBUF_CNT                        0x20000d14   Data           4  tls_wl_core.o(.data)
    MAC_RXBUF_BASE_ADDR                      0x20000d18   Data           4  tls_wl_core.o(.data)
    MAC_RXBUF_END_ADDR                       0x20000d1c   Data           4  tls_wl_core.o(.data)
    MAC_TX_WB_BD_BUFFER_ADDR                 0x20000d20   Data           4  tls_wl_core.o(.data)
    MAC_TX_WB_BD_BUFFER_END_ADDR             0x20000d24   Data           4  tls_wl_core.o(.data)
    wl_region                                0x20000d28   Data          24  tls_wl_hw.o(.data)
    band_2GHz                                0x20000d40   Data          44  tls_wl_hw.o(.data)
    sleepmode                                0x20000e74   Data           1  tls_wl_if.o(.data)
    hed_rf_current_channel                   0x20000e8c   Data           4  tls_wl_rf.o(.data)
    hed_rf_chan_type                         0x20000e90   Data           4  tls_wl_rf.o(.data)
    rf_set_chan_common_data_20m              0x20000e94   Data         120  tls_wl_rf.o(.data)
    rf_chan24g_20m                           0x20000f0c   Data         120  tls_wl_rf.o(.data)
    cos_1M                                   0x20000f84   Data         156  tls_wl_rf.o(.data)
    cos_2M                                   0x20001020   Data          80  tls_wl_rf.o(.data)
    cos_5M                                   0x20001070   Data          32  tls_wl_rf.o(.data)
    cos_10M                                  0x20001090   Data          16  tls_wl_rf.o(.data)
    litept_tx_flag                           0x200010a0   Data           4  tls_wl_tx.o(.data)
    g_wl_txbuf                               0x200010a4   Data           4  tls_wl_tx.o(.data)
    rfc1042_header                           0x200010a8   Data           6  tls_wl_tx.o(.data)
    bridge_tunnel_header                     0x200010ae   Data           6  tls_wl_tx.o(.data)
    g_wifi_data_recv_callback                0x200010b4   Data           4  wm_wifi_api.o(.data)
    g_wifi_data_ext_recv_callback            0x200010b8   Data           4  wm_wifi_api.o(.data)
    g_ltpt_testmode                          0x200010e0   Data           4  litepoint.o(.data)
    rndmem                                   0x200010e4   Data           4  litepoint.o(.data)
    g_ltpt_rxinfo                            0x200010ec   Data           4  litepoint.o(.data)
    g_ltpt_txinfo                            0x200010f0   Data           4  litepoint.o(.data)
    rateArray                                0x200010f4   Data         116  litepoint.o(.data)
    f_bss                                    0x20001168   Data           4  tls_wl_bss.o(.data)
    g_wl_rxbuf                               0x20001488   Data           4  tls_wl_rx.o(.data)
    angel                                    0x20001490   Data        2404  tls_rf_tx_iq.o(.data)
    _set_chan_common_iqmismatch_20mrf        0x20001df4   Data          88  tls_rf_tx_iq.o(.data)
    sample_num                               0x20001e4c   Data           4  tx_lo_cal.o(.data)
    tx_rx                                    0x20001e50   Data           4  tx_lo_cal.o(.data)
    _set_chan_common_data_20mrf              0x20001e54   Data          88  tx_lo_cal.o(.data)
    sin16                                    0x20001eac   Data          64  tx_lo_cal.o(.data)
    cos16                                    0x20001eec   Data          64  tx_lo_cal.o(.data)
    cos132                                   0x20001f2c   Data          64  tx_lo_cal.o(.data)
    sin132                                   0x20001f6c   Data          64  tx_lo_cal.o(.data)
    FFT_Data                                 0x20001fac   Data           4  tls_rf_fft.o(.data)
    tempRev                                  0x20001fb0   Data           4  tls_rf_fft.o(.data)
    __microlib_freelist                      0x20001fbc   Data           4  mvars.o(.data)
    __microlib_freelist_initialised          0x20001fc0   Data           4  mvars.o(.data)
    __initial_sp                             0x200023c8   Data           0  startup_venus.o(.bss)
    TaskStartStk                             0x20002548   Data        4800  wm_main.o(.bss)
    uart_port                                0x20003db0   Data         420  wm_driver.o(.bss)
    intr_handler_vect                        0x20004154   Data         164  wm_driver.o(.bss)
    g_slave_hspi                             0x2000420c   Data          24  wm_driver.o(.bss)
    gftParam                                 0x20004224   Data         128  wm_driver.o(.bss)
    gst_adc                                  0x20004344   Data          20  wm_driver.o(.bss)
    sc_io                                    0x2000438c   Data          20  wm_driver.o(.bss)
    imgheader                                0x200047a0   Data         112  wm_common.o(.bss)
    wl_msg                                   0x20004830   Data         180  wm_common.o(.bss)
    next_timeout                             0x200048e4   Data          36  wm_common.o(.bss)
    user_default_param                       0x20004f6c   Data         808  wm_common.o(.bss)
    gucssidData                              0x200055c4   Data          33  wm_wifi_oneshot.o(.bss)
    gucpwdData                               0x200055e5   Data          65  wm_wifi_oneshot.o(.bss)
    lsd_head                                 0x20007094   Data          16  wm_oneshot_lsd.o(.bss)
    lsd_byte                                 0x200070a4   Data          16  wm_oneshot_lsd.o(.bss)
    lsd_data                                 0x200070b4   Data         512  wm_oneshot_lsd.o(.bss)
    lsd_param                                0x200072b4   Data         236  wm_oneshot_lsd.o(.bss)
    socket_cfg                               0x200073a0   Data          48  wm_cmd.o(.bss)
    g_hostif                                 0x200073d0   Data          44  wm_cmd.o(.bss)
    sockrecvmit                              0x200073fc   Data          80  wm_cmd.o(.bss)
    skt_desc_def                             0x2000744c   Data          80  wm_cmd.o(.bss)
    skt_desc                                 0x2000749c   Data          80  wm_cmd.o(.bss)
    uart_st                                  0x200074ec   Data          96  wm_cmd.o(.bss)
    ricmd_buffer                             0x2000754c   Data         208  wm_cmd.o(.bss)
    hostif_stk                               0x2000761c   Data        2000  wm_cmd.o(.bss)
    conn_op_completed                        0x2000b404   Data          80  lwip2.0.3.o(.bss)
    p_net_conn                               0x2000b57c   Data          80  lwip2.0.3.o(.bss)
    lwip_stats                               0x2000baa0   Data         214  lwip2.0.3.o(.bss)
    ip_data                                  0x2000bb88   Data          24  lwip2.0.3.o(.bss)
    dhcp_rx_options_val                      0x2000bbb4   Data          40  lwip2.0.3.o(.bss)
    dhcp_rx_options_given                    0x2000bbdc   Data          10  lwip2.0.3.o(.bss)
    lwip_task_stk                            0x2000bcd8   Data        2048  lwip2.0.3.o(.bss)
    socket_ipv4_multicast_memberships        0x2000c4e4   Data          96  lwip2.0.3.o(.bss)
    fs_memory                                0x2000dbac   Data         240  fs.o(.bss)
    supplicant_task_stk                      0x2000dd30   Data        8192  wpa_supplicant.o(.bss)
    supplicant_timer_task_stk                0x2000fd30   Data         512  wpa_supplicant.o(.bss)
    tx_gain_group                            0x2000ff30   Data          84  tls_wl_core.o(.bss)
    scan_task_stk                            0x2000ff84   Data         800  tls_wl_core.o(.bss)
    mlme_task_stk                            0x200102a4   Data        1200  tls_wl_core.o(.bss)
    rx_task_stk                              0x20010754   Data        1600  tls_wl_core.o(.bss)
    bss_mgmt_task_stk                        0x20010d94   Data         512  tls_wl_core.o(.bss)
    g_wl_mgmt_txbuf                          0x20010f94   Data         216  tls_wl_tx.o(.bss)
    gauiqpwr                                 0x20011518   Data        2048  tls_rf_tx_iq.o(.bss)
    gauleakagepwrI                           0x20011d18   Data         512  tx_lo_cal.o(.bss)
    gauleakagepwrq                           0x20011f18   Data         512  tx_lo_cal.o(.bss)
    __heap_base                              0x20012140   Data           0  startup_venus.o(HEAP)
    __heap_limit                             0x2002c140   Data           0  startup_venus.o(HEAP)



==============================================================================

Memory Map of the image

  Image Entry point : 0x080101ed

  Load Region LR_IROM1 (Base: 0x08010100, Size: 0x000529ac, Max: 0x00080000, ABSOLUTE, COMPRESSED[0x0005197c])

    Execution Region ER_IROM1 (Base: 0x08010100, Size: 0x000509e8, Max: 0x00080000, ABSOLUTE)

    Base Addr    Size         Type   Attr      Idx    E Section Name        Object

    0x08010100   0x000000ec   Data   RO          132    RESET               startup_venus.o
    0x080101ec   0x00000000   Code   RO         7524  * .ARM.Collect$$$$00000000  mc_w.l(entry.o)(mc_w.l)
    0x080101ec   0x00000004   Code   RO         7985    .ARM.Collect$$$$00000001  mc_w.l(entry2.o)(mc_w.l)
    0x080101f0   0x00000004   Code   RO         7988    .ARM.Collect$$$$00000004  mc_w.l(entry5.o)(mc_w.l)
    0x080101f4   0x00000008   Code   RO         7989    .ARM.Collect$$$$00000007  mc_w.l(entry7.o)(mc_w.l)
    0x080101fc   0x00000004   Code   RO         7986    .ARM.Collect$$$$00002712  mc_w.l(entry2.o)(mc_w.l)
    0x08010200   0x00000096   Code   RO         1751    .emb_text           wm_rtos.o
    0x08010296   0x00000002   PAD
    0x08010298   0x00000018   Code   RO            1    .text               main.o
    0x080102b0   0x00000028   Code   RO          133    .text               startup_venus.o
    0x080102d8   0x0000053e   Code   RO          138    .text               retarget.o
    0x08010816   0x00000002   PAD
    0x08010818   0x000000d0   Code   RO          178    .text               misc.o
    0x080108e8   0x000001a8   Code   RO          197    .text               wm_main.o
    0x08010a90   0x000003ac   Code   RO          375    .text               tls_sys.o
    0x08010e3c   0x00005d60   Code   RO          410    .text               wm_driver.o
    0x08016b9c   0x00006820   Code   RO          671    .text               wm_common.o
    0x0801d3bc   0x000008e4   Code   RO         1309    .text               dhcp_server.o
    0x0801dca0   0x00000324   Code   RO         1460    .text               dns_server.o
    0x0801dfc4   0x0000137c   Code   RO         1484    .text               wm_wifi_oneshot.o
    0x0801f340   0x0000021c   Code   RO         1532    .text               wm_oneshot_airkiss.o
    0x0801f55c   0x0000083c   Code   RO         1565    .text               wm_oneshot_lsd.o
    0x0801fd98   0x00006dec   Code   RO         1600    .text               wm_cmd.o
    0x08026b84   0x00001d4c   Code   RO         1752    .text               wm_rtos.o
    0x080288d0   0x0000c424   Code   RO         1840    .text               lwip2.0.3.o
    0x08034cf4   0x000019e8   Code   RO         3054    .text               wm_http_compile.o
    0x080366dc   0x0000057c   Code   RO         3137    .text               ping.o
    0x08036c58   0x00006686   Code   RO         3177    .text               wm_matrixssl_compile.o
    0x0803d2de   0x00000002   PAD
    0x0803d2e0   0x000002f0   Code   RO         4306    .text               wm_http_fwup.o
    0x0803d5d0   0x00000174   Code   RO         4341    .text               wm_socket_fwup.o
    0x0803d744   0x00000228   Code   RO         4365    .text               fs.o
    0x0803d96c   0x000008ec   Code   RO         4415    .text               httpd.o
    0x0803e258   0x00000520   Code   RO         4452    .text               web.o
    0x0803e778   0x000009c0   Code   RO         4488    .text               libairkiss_log.lib(airkiss_log.o)(libairkiss_log.lib)
    0x0803f138   0x000008b4   Code   RO         4491    .text               wlan.lib(aesMatrix.o)(wlan.lib)
    0x0803f9ec   0x00000880   Code   RO         4517    .text               wlan.lib(ap.o)(wlan.lib)
    0x0804026c   0x0000095c   Code   RO         4663    .text               wlan.lib(md5.o)(wlan.lib)
    0x08040bc8   0x00000180   Code   RO         4743    .text               wlan.lib(random.o)(wlan.lib)
    0x08040d48   0x00000116   Code   RO         4781    .text               wlan.lib(rc4.o)(wlan.lib)
    0x08040e5e   0x0000017e   Code   RO         4822    .text               wlan.lib(sha1.o)(wlan.lib)
    0x08040fdc   0x000012b8   Code   RO         4844    .text               wlan.lib(sha1_internal.o)(wlan.lib)
    0x08042294   0x00000478   Code   RO         4887    .text               wlan.lib(sha256.o)(wlan.lib)
    0x0804270c   0x0000164c   Code   RO         4905    .text               wlan.lib(wpa_supplicant.o)(wlan.lib)
    0x08043d58   0x00000960   Code   RO         5054    .text               wlan.lib(tls_wl_core.o)(wlan.lib)
    0x080446b8   0x00000cd4   Code   RO         5161    .text               wlan.lib(tls_wl_hw.o)(wlan.lib)
    0x0804538c   0x00000be8   Code   RO         5221    .text               wlan.lib(tls_wl_if.o)(wlan.lib)
    0x08045f74   0x00000874   Code   RO         5275    .text               wlan.lib(tls_wl_rf.o)(wlan.lib)
    0x080467e8   0x000012f0   Code   RO         5317    .text               wlan.lib(tls_wl_tx.o)(wlan.lib)
    0x08047ad8   0x00001354   Code   RO         5391    .text               wlan.lib(wm_wifi_api.o)(wlan.lib)
    0x08048e2c   0x00000868   Code   RO         5595    .text               wlan.lib(wm_wifi_oneshot_api.o)(wlan.lib)
    0x08049694   0x00000540   Code   RO         5634    .text               wlan.lib(litepoint.o)(wlan.lib)
    0x08049bd4   0x0000154c   Code   RO         5726    .text               wlan.lib(libtommath.o)(wlan.lib)
    0x0804b120   0x00000272   Code   RO         5752    .text               wlan.lib(bss.o)(wlan.lib)
    0x0804b392   0x00000002   PAD
    0x0804b394   0x00000f84   Code   RO         5807    .text               wlan.lib(events.o)(wlan.lib)
    0x0804c318   0x00000324   Code   RO         5891    .text               wlan.lib(hostapd.o)(wlan.lib)
    0x0804c63c   0x00000094   Code   RO         5954    .text               wlan.lib(ieee802_1x.o)(wlan.lib)
    0x0804c6d0   0x00000a0e   Code   RO         6012    .text               wlan.lib(ieee802_11.o)(wlan.lib)
    0x0804d0de   0x000002a2   Code   RO         6070    .text               wlan.lib(ieee802_11_common.o)(wlan.lib)
    0x0804d380   0x0000006c   Code   RO         6110    .text               wlan.lib(os_internal.o)(wlan.lib)
    0x0804d3ec   0x000001ec   Code   RO         6126    .text               wlan.lib(scan.o)(wlan.lib)
    0x0804d5d8   0x000000f8   Code   RO         6179    .text               wlan.lib(sha1-pbkdf2.o)(wlan.lib)
    0x0804d6d0   0x000005ac   Code   RO         6198    .text               wlan.lib(hostapd_sta_info.o)(wlan.lib)
    0x0804dc7c   0x000000f0   Code   RO         6251    .text               wlan.lib(tkip_countermeasures.o)(wlan.lib)
    0x0804dd6c   0x0000104a   Code   RO         6303    .text               wlan.lib(wpa.o)(wlan.lib)
    0x0804edb6   0x0000047e   Code   RO         6371    .text               wlan.lib(wpa_driver.o)(wlan.lib)
    0x0804f234   0x000003f4   Code   RO         6421    .text               wlan.lib(wpa_ie.o)(wlan.lib)
    0x0804f628   0x00000142   Code   RO         6467    .text               wlan.lib(wpabuf.o)(wlan.lib)
    0x0804f76a   0x00000134   Code   RO         6487    .text               wlan.lib(wpas_glue.o)(wlan.lib)
    0x0804f89e   0x00000002   PAD
    0x0804f8a0   0x000006e8   Code   RO         6551    .text               wlan.lib(tls_wl_bss.o)(wlan.lib)
    0x0804ff88   0x0000033e   Code   RO         6608    .text               wlan.lib(tls_wl_key.o)(wlan.lib)
    0x080502c6   0x00000002   PAD
    0x080502c8   0x00000c84   Code   RO         6643    .text               wlan.lib(tls_wl_mgmt.o)(wlan.lib)
    0x08050f4c   0x000017b8   Code   RO         6680    .text               wlan.lib(tls_wl_mlme.o)(wlan.lib)
    0x08052704   0x00000088   Code   RO         6733    .text               wlan.lib(tls_wl_phy.o)(wlan.lib)
    0x0805278c   0x00000b18   Code   RO         6773    .text               wlan.lib(tls_wl_rc.o)(wlan.lib)
    0x080532a4   0x000013f0   Code   RO         6813    .text               wlan.lib(tls_wl_rx.o)(wlan.lib)
    0x08054694   0x00000310   Code   RO         6878    .text               wlan.lib(tls_wl_scan.o)(wlan.lib)
    0x080549a4   0x0000023c   Code   RO         6909    .text               wlan.lib(tls_wl_sta_info.o)(wlan.lib)
    0x08054be0   0x000004a4   Code   RO         6936    .text               wlan.lib(tls_wl_util.o)(wlan.lib)
    0x08055084   0x00000c0c   Code   RO         6972    .text               wlan.lib(tls_rf_tx_iq.o)(wlan.lib)
    0x08055c90   0x00001158   Code   RO         7004    .text               wlan.lib(tx_lo_cal.o)(wlan.lib)
    0x08056de8   0x000000ba   Code   RO         7035    .text               wlan.lib(aes_unwrap.o)(wlan.lib)
    0x08056ea2   0x00000036   Code   RO         7096    .text               wlan.lib(ap_mlme.o)(wlan.lib)
    0x08056ed8   0x000004c8   Code   RO         7131    .text               wlan.lib(beacon.o)(wlan.lib)
    0x080573a0   0x0000010c   Code   RO         7189    .text               wlan.lib(common.o)(wlan.lib)
    0x080574ac   0x000016f4   Code   RO         7210    .text               wlan.lib(wpa_auth.o)(wlan.lib)
    0x08058ba0   0x00000080   Code   RO         7276    .text               wlan.lib(wpa_auth_glue.o)(wlan.lib)
    0x08058c20   0x0000068c   Code   RO         7325    .text               wlan.lib(wpa_auth_ie.o)(wlan.lib)
    0x080592ac   0x0000055c   Code   RO         7365    .text               wlan.lib(wpa_common.o)(wlan.lib)
    0x08059808   0x00000244   Code   RO         7393    .text               wlan.lib(hostapd_wpa_driver.o)(wlan.lib)
    0x08059a4c   0x00000168   Code   RO         7448    .text               wlan.lib(tls_rf_fft.o)(wlan.lib)
    0x08059bb4   0x000000a8   Code   RO         7490    .text               wlan.lib(aes_wrap.o)(wlan.lib)
    0x08059c5c   0x00000066   Code   RO         7527    .text               mc_w.l(uldiv.o)(mc_w.l)
    0x08059cc2   0x0000005a   Code   RO         7529    .text               mc_w.l(ldiv.o)(mc_w.l)
    0x08059d1c   0x00000008   Code   RO         7531    .text               mc_w.l(ctype_o.o)(mc_w.l)
    0x08059d24   0x00000012   Code   RO         7553    .text               mc_w.l(isspace_o.o)(mc_w.l)
    0x08059d36   0x0000000c   Code   RO         7559    .text               mc_w.l(toupper.o)(mc_w.l)
    0x08059d42   0x0000000c   Code   RO         7561    .text               mc_w.l(tolower.o)(mc_w.l)
    0x08059d4e   0x00000002   PAD
    0x08059d50   0x00000024   Code   RO         7563    .text               mc_w.l(rand.o)(mc_w.l)
    0x08059d74   0x00000042   Code   RO         7576    .text               mc_w.l(memmove.o)(mc_w.l)
    0x08059db6   0x00000026   Code   RO         7582    .text               mc_w.l(memseta.o)(mc_w.l)
    0x08059ddc   0x0000001c   Code   RO         7584    .text               mc_w.l(strcat.o)(mc_w.l)
    0x08059df8   0x0000002c   Code   RO         7586    .text               mc_w.l(strstr.o)(mc_w.l)
    0x08059e24   0x00000018   Code   RO         7588    .text               mc_w.l(strncpy.o)(mc_w.l)
    0x08059e3c   0x00000012   Code   RO         7590    .text               mc_w.l(strchr.o)(mc_w.l)
    0x08059e4e   0x00000010   Code   RO         7592    .text               mc_w.l(strlen.o)(mc_w.l)
    0x08059e5e   0x0000001c   Code   RO         7594    .text               mc_w.l(strcmp.o)(mc_w.l)
    0x08059e7a   0x00000014   Code   RO         7596    .text               mc_w.l(memchr.o)(mc_w.l)
    0x08059e8e   0x0000001a   Code   RO         7598    .text               mc_w.l(memcmp.o)(mc_w.l)
    0x08059ea8   0x00000012   Code   RO         7602    .text               mc_w.l(strcpy.o)(mc_w.l)
    0x08059eba   0x0000001e   Code   RO         7604    .text               mc_w.l(strncmp.o)(mc_w.l)
    0x08059ed8   0x0000002a   Code   RO         7622    .text               mc_w.l(strcasecmp.o)(mc_w.l)
    0x08059f02   0x00000002   PAD
    0x08059f04   0x00000038   Code   RO         7920    .text               mc_w.l(__0sscanf.o)(mc_w.l)
    0x08059f3c   0x0000014e   Code   RO         7924    .text               mc_w.l(_scanf_int.o)(mc_w.l)
    0x0805a08a   0x000000d8   Code   RO         7926    .text               mc_w.l(_scanf_str.o)(mc_w.l)
    0x0805a162   0x0000001a   Code   RO         7930    .text               mc_w.l(atoi.o)(mc_w.l)
    0x0805a17c   0x0000001a   Code   RO         7932    .text               mc_w.l(atol.o)(mc_w.l)
    0x0805a196   0x0000014a   Code   RO         7944    .text               mf_w.l(dadd.o)(mf_w.l)
    0x0805a2e0   0x000000e2   Code   RO         7946    .text               mf_w.l(dmul.o)(mf_w.l)
    0x0805a3c2   0x000000de   Code   RO         7948    .text               mf_w.l(ddiv.o)(mf_w.l)
    0x0805a4a0   0x0000002e   Code   RO         7950    .text               mf_w.l(dscalb.o)(mf_w.l)
    0x0805a4ce   0x00000022   Code   RO         7954    .text               mf_w.l(dflti.o)(mf_w.l)
    0x0805a4f0   0x0000001a   Code   RO         7956    .text               mf_w.l(dfltui.o)(mf_w.l)
    0x0805a50a   0x0000003e   Code   RO         7960    .text               mf_w.l(dfixi.o)(mf_w.l)
    0x0805a548   0x00000030   Code   RO         7962    .text               mf_w.l(dfixul.o)(mf_w.l)
    0x0805a578   0x00000028   Code   RO         7968    .text               mf_w.l(cdrcmple.o)(mf_w.l)
    0x0805a5a0   0x0000002c   Code   RO         7990    .text               mc_w.l(uidiv.o)(mc_w.l)
    0x0805a5cc   0x0000001e   Code   RO         7992    .text               mc_w.l(llshl.o)(mc_w.l)
    0x0805a5ea   0x00000020   Code   RO         7994    .text               mc_w.l(llushr.o)(mc_w.l)
    0x0805a60a   0x00000024   Code   RO         7996    .text               mc_w.l(llsshr.o)(mc_w.l)
    0x0805a62e   0x00000020   Code   RO         8003    .text               mc_w.l(_chval.o)(mc_w.l)
    0x0805a64e   0x00000002   PAD
    0x0805a650   0x0000002c   Code   RO         8005    .text               mc_w.l(scanf_char.o)(mc_w.l)
    0x0805a67c   0x00000040   Code   RO         8007    .text               mc_w.l(_sgetc.o)(mc_w.l)
    0x0805a6bc   0x00000070   Code   RO         8011    .text               mc_w.l(strtol.o)(mc_w.l)
    0x0805a72c   0x00000000   Code   RO         8015    .text               mc_w.l(iusefp.o)(mc_w.l)
    0x0805a72c   0x000000c2   Code   RO         8018    .text               mf_w.l(depilogue.o)(mf_w.l)
    0x0805a7ee   0x00000002   PAD
    0x0805a7f0   0x00000024   Code   RO         8022    .text               mc_w.l(init.o)(mc_w.l)
    0x0805a814   0x00000338   Code   RO         8026    .text               mc_w.l(_scanf.o)(mc_w.l)
    0x0805ab4c   0x0000009c   Code   RO         8028    .text               mc_w.l(_strtoul.o)(mc_w.l)
    0x0805abe8   0x0000005c   Code   RO         8045    .text               mc_w.l(__dczerorl2.o)(mc_w.l)
    0x0805ac44   0x00000020   Code   RO         7857    i.__0printf         mc_w.l(printfa.o)(mc_w.l)
    0x0805ac64   0x00000028   Code   RO         7858    i.__0snprintf       mc_w.l(printfa.o)(mc_w.l)
    0x0805ac8c   0x00000028   Code   RO         7859    i.__0sprintf        mc_w.l(printfa.o)(mc_w.l)
    0x0805acb4   0x00000008   Code   RO         7913    i.__aeabi_errno_addr  mc_w.l(errno.o)(mc_w.l)
    0x0805acbc   0x0000005c   Code   RO         7889    i.__free$realloc    mc_w.l(mallocr.o)(mc_w.l)
    0x0805ad18   0x00000050   Code   RO         7890    i.__malloc$realloc  mc_w.l(mallocr.o)(mc_w.l)
    0x0805ad68   0x0000000e   Code   RO         8039    i.__scatterload_copy  mc_w.l(handlers.o)(mc_w.l)
    0x0805ad76   0x00000002   Code   RO         8040    i.__scatterload_null  mc_w.l(handlers.o)(mc_w.l)
    0x0805ad78   0x0000000e   Code   RO         8041    i.__scatterload_zeroinit  mc_w.l(handlers.o)(mc_w.l)
    0x0805ad86   0x00000002   PAD
    0x0805ad88   0x00000154   Code   RO         7864    i._fp_digits        mc_w.l(printfa.o)(mc_w.l)
    0x0805aedc   0x000006d4   Code   RO         7865    i._printf_core      mc_w.l(printfa.o)(mc_w.l)
    0x0805b5b0   0x00000026   Code   RO         7866    i._printf_post_padding  mc_w.l(printfa.o)(mc_w.l)
    0x0805b5d6   0x0000002e   Code   RO         7867    i._printf_pre_padding  mc_w.l(printfa.o)(mc_w.l)
    0x0805b604   0x00000016   Code   RO         7868    i._snputc           mc_w.l(printfa.o)(mc_w.l)
    0x0805b61a   0x0000000a   Code   RO         7869    i._sputc            mc_w.l(printfa.o)(mc_w.l)
    0x0805b624   0x00000048   Code   RO         7891    i.internal_alloc    mc_w.l(mallocr.o)(mc_w.l)
    0x0805b66c   0x00000070   Code   RO         7892    i.realloc           mc_w.l(mallocr.o)(mc_w.l)
    0x0805b6dc   0x00000004   Data   RO          199    .constdata          wm_main.o
    0x0805b6e0   0x00000006   Data   RO          200    .constdata          wm_main.o
    0x0805b6e6   0x00000002   PAD
    0x0805b6e8   0x00000044   Data   RO          413    .constdata          wm_driver.o
    0x0805b72c   0x00000ad8   Data   RO          674    .constdata          wm_common.o
    0x0805c204   0x00000066   Data   RO         1534    .constdata          wm_oneshot_airkiss.o
    0x0805c26a   0x00000103   Data   RO         1567    .constdata          wm_oneshot_lsd.o
    0x0805c36d   0x00000003   PAD
    0x0805c370   0x000001bd   Data   RO         1603    .constdata          wm_cmd.o
    0x0805c52d   0x00000003   PAD
    0x0805c530   0x00000004   Data   RO         1754    .constdata          wm_rtos.o
    0x0805c534   0x00000067   Data   RO         1755    .constdata          wm_rtos.o
    0x0805c59b   0x00000001   PAD
    0x0805c59c   0x00000002   Data   RO         1843    .constdata          lwip2.0.3.o
    0x0805c59e   0x00000002   Data   RO         1844    .constdata          lwip2.0.3.o
    0x0805c5a0   0x00000002   Data   RO         1845    .constdata          lwip2.0.3.o
    0x0805c5a2   0x00000002   Data   RO         1846    .constdata          lwip2.0.3.o
    0x0805c5a4   0x00000002   Data   RO         1847    .constdata          lwip2.0.3.o
    0x0805c5a6   0x00000002   Data   RO         1848    .constdata          lwip2.0.3.o
    0x0805c5a8   0x00000002   Data   RO         1849    .constdata          lwip2.0.3.o
    0x0805c5aa   0x00000002   Data   RO         1850    .constdata          lwip2.0.3.o
    0x0805c5ac   0x00000002   Data   RO         1851    .constdata          lwip2.0.3.o
    0x0805c5ae   0x00000002   Data   RO         1852    .constdata          lwip2.0.3.o
    0x0805c5b0   0x00000002   Data   RO         1853    .constdata          lwip2.0.3.o
    0x0805c5b2   0x00000002   Data   RO         1854    .constdata          lwip2.0.3.o
    0x0805c5b4   0x00000002   Data   RO         1855    .constdata          lwip2.0.3.o
    0x0805c5b6   0x00000002   Data   RO         1856    .constdata          lwip2.0.3.o
    0x0805c5b8   0x00000002   Data   RO         1857    .constdata          lwip2.0.3.o
    0x0805c5ba   0x00000002   Data   RO         1858    .constdata          lwip2.0.3.o
    0x0805c5bc   0x00000184   Data   RO         1859    .constdata          lwip2.0.3.o
    0x0805c740   0x00000010   Data   RO         3056    .constdata          wm_http_compile.o
    0x0805c750   0x0000006a   Data   RO         3180    .constdata          wm_matrixssl_compile.o
    0x0805c7ba   0x00000077   Data   RO         4367    .constdata          fs.o
    0x0805c831   0x00001062   Data   RO         4368    .constdata          fs.o
    0x0805d893   0x000006f4   Data   RO         4369    .constdata          fs.o
    0x0805df87   0x000001cd   Data   RO         4370    .constdata          fs.o
    0x0805e154   0x0000006c   Data   RO         4371    .constdata          fs.o
    0x0805e1c0   0x000001b6   Data   RO         4372    .constdata          fs.o
    0x0805e376   0x00000002   PAD
    0x0805e378   0x00000010   Data   RO         4373    .constdata          fs.o
    0x0805e388   0x00000010   Data   RO         4374    .constdata          fs.o
    0x0805e398   0x00000010   Data   RO         4375    .constdata          fs.o
    0x0805e3a8   0x00000010   Data   RO         4376    .constdata          fs.o
    0x0805e3b8   0x00000010   Data   RO         4377    .constdata          fs.o
    0x0805e3c8   0x00000010   Data   RO         4378    .constdata          fs.o
    0x0805e3d8   0x0000007f   Data   RO         4417    .constdata          httpd.o
    0x0805e457   0x00000001   PAD
    0x0805e458   0x00000210   Data   RO         4453    .constdata          web.o
    0x0805e668   0x00000222   Data   RO         4489    .constdata          libairkiss_log.lib(airkiss_log.o)(libairkiss_log.lib)
    0x0805e88a   0x00000002   PAD
    0x0805e88c   0x00001038   Data   RO         4492    .constdata          wlan.lib(aesMatrix.o)(wlan.lib)
    0x0805f8c4   0x00000090   Data   RO         4518    .constdata          wlan.lib(ap.o)(wlan.lib)
    0x0805f954   0x00000020   Data   RO         4745    .constdata          wlan.lib(random.o)(wlan.lib)
    0x0805f974   0x00000100   Data   RO         4888    .constdata          wlan.lib(sha256.o)(wlan.lib)
    0x0805fa74   0x00000040   Data   RO         5276    .constdata          wlan.lib(tls_wl_rf.o)(wlan.lib)
    0x0805fab4   0x00000078   Data   RO         5277    .constdata          wlan.lib(tls_wl_rf.o)(wlan.lib)
    0x0805fb2c   0x00000068   Data   RO         5892    .constdata          wlan.lib(hostapd.o)(wlan.lib)
    0x0805fb94   0x000000b0   Data   RO         6304    .constdata          wlan.lib(wpa.o)(wlan.lib)
    0x0805fc44   0x00000050   Data   RO         6734    .constdata          wlan.lib(tls_wl_phy.o)(wlan.lib)
    0x0805fc94   0x00000006   Data   RO         6814    .constdata          wlan.lib(tls_wl_rx.o)(wlan.lib)
    0x0805fc9a   0x00000800   Data   RO         7449    .constdata          wlan.lib(tls_rf_fft.o)(wlan.lib)
    0x0806049a   0x00000081   Data   RO         7532    .constdata          mc_w.l(ctype_o.o)(mc_w.l)
    0x0806051b   0x00000001   PAD
    0x0806051c   0x00000004   Data   RO         7533    .constdata          mc_w.l(ctype_o.o)(mc_w.l)
    0x08060520   0x0000026f   Data   RO         1604    .conststring        wm_cmd.o
    0x0806078f   0x00000068   Data   RO         1861    .conststring        lwip2.0.3.o
    0x080607f7   0x0000003f   Data   RO         3181    .conststring        wm_matrixssl_compile.o
    0x08060836   0x00000048   Data   RO         4419    .conststring        httpd.o
    0x0806087e   0x000001f1   Data   RO         4454    .conststring        web.o
    0x08060a6f   0x0000000f   Data   RO         4455    .conststring        web.o
    0x08060a7e   0x00000049   Data   RO         5222    .conststring        wlan.lib(tls_wl_if.o)(wlan.lib)
    0x08060ac7   0x00000001   PAD
    0x08060ac8   0x00000020   Data   RO         8037    Region$$Table       anon$$obj.o


    Execution Region RW_IRAM1 (Base: 0x20000000, Size: 0x0002c140, Max: 0x00038000, ABSOLUTE, COMPRESSED[0x00000f94])

    Base Addr    Size         Type   Attr      Idx    E Section Name        Object

    0x20000000   0x00000004   Data   RW          140    .data               retarget.o
    0x20000004   0x00000004   Data   RW          201    .data               wm_main.o
    0x20000008   0x00000004   Data   RW          377    .data               tls_sys.o
    0x2000000c   0x000000b8   Data   RW          416    .data               wm_driver.o
    0x200000c4   0x00000004   PAD
    0x200000c8   0x00000082   Data   RW          675    .data               wm_common.o
    0x2000014a   0x00000002   PAD
    0x2000014c   0x00000075   Data   RW         1486    .data               wm_wifi_oneshot.o
    0x200001c1   0x00000003   PAD
    0x200001c4   0x00000012   Data   RW         1535    .data               wm_oneshot_airkiss.o
    0x200001d6   0x00000002   PAD
    0x200001d8   0x00000022   Data   RW         1568    .data               wm_oneshot_lsd.o
    0x200001fa   0x00000002   PAD
    0x200001fc   0x00000734   Data   RW         1605    .data               wm_cmd.o
    0x20000930   0x000000a0   Data   RW         1756    .data               wm_rtos.o
    0x200009d0   0x000000f0   Data   RW         1862    .data               lwip2.0.3.o
    0x20000ac0   0x00000004   Data   RW         3057    .data               wm_http_compile.o
    0x20000ac4   0x00000018   Data   RW         3139    .data               ping.o
    0x20000adc   0x000000f4   Data   RW         3182    .data               wm_matrixssl_compile.o
    0x20000bd0   0x00000010   Data   RW         4342    .data               wm_socket_fwup.o
    0x20000be0   0x00000014   Data   RW         4420    .data               httpd.o
    0x20000bf4   0x00000014   Data   RW         4456    .data               web.o
    0x20000c08   0x00000040   Data   RW         4457    .data               web.o
    0x20000c48   0x00000004   Data   RW         4519    .data               wlan.lib(ap.o)(wlan.lib)
    0x20000c4c   0x00000014   Data   RW         4746    .data               wlan.lib(random.o)(wlan.lib)
    0x20000c60   0x00000050   Data   RW         4908    .data               wlan.lib(wpa_supplicant.o)(wlan.lib)
    0x20000cb0   0x00000078   Data   RW         5057    .data               wlan.lib(tls_wl_core.o)(wlan.lib)
    0x20000d28   0x00000044   Data   RW         5162    .data               wlan.lib(tls_wl_hw.o)(wlan.lib)
    0x20000d6c   0x00000060   Data   RW         5163    .data               wlan.lib(tls_wl_hw.o)(wlan.lib)
    0x20000dcc   0x000000a8   Data   RW         5164    .data               wlan.lib(tls_wl_hw.o)(wlan.lib)
    0x20000e74   0x00000018   Data   RW         5223    .data               wlan.lib(tls_wl_if.o)(wlan.lib)
    0x20000e8c   0x00000214   Data   RW         5278    .data               wlan.lib(tls_wl_rf.o)(wlan.lib)
    0x200010a0   0x00000014   Data   RW         5319    .data               wlan.lib(tls_wl_tx.o)(wlan.lib)
    0x200010b4   0x00000010   Data   RW         5392    .data               wlan.lib(wm_wifi_api.o)(wlan.lib)
    0x200010c4   0x0000001c   Data   RW         5597    .data               wlan.lib(wm_wifi_oneshot_api.o)(wlan.lib)
    0x200010e0   0x00000088   Data   RW         5635    .data               wlan.lib(litepoint.o)(wlan.lib)
    0x20001168   0x00000004   Data   RW         6552    .data               wlan.lib(tls_wl_bss.o)(wlan.lib)
    0x2000116c   0x0000031c   Data   RW         6774    .data               wlan.lib(tls_wl_rc.o)(wlan.lib)
    0x20001488   0x00000008   Data   RW         6815    .data               wlan.lib(tls_wl_rx.o)(wlan.lib)
    0x20001490   0x000009bc   Data   RW         6974    .data               wlan.lib(tls_rf_tx_iq.o)(wlan.lib)
    0x20001e4c   0x00000160   Data   RW         7006    .data               wlan.lib(tx_lo_cal.o)(wlan.lib)
    0x20001fac   0x00000004   Data   RW         7450    .data               wlan.lib(tls_rf_fft.o)(wlan.lib)
    0x20001fb0   0x00000004   Data   RW         7451    .data               wlan.lib(tls_rf_fft.o)(wlan.lib)
    0x20001fb4   0x00000004   Data   RW         7564    .data               mc_w.l(rand.o)(mc_w.l)
    0x20001fb8   0x00000004   Data   RW         7916    .data               mc_w.l(errno.o)(mc_w.l)
    0x20001fbc   0x00000004   Data   RW         8001    .data               mc_w.l(mvars.o)(mc_w.l)
    0x20001fc0   0x00000004   Data   RW         8002    .data               mc_w.l(mvars.o)(mc_w.l)
    0x20001fc4   0x00000004   PAD
    0x20001fc8   0x00000400   Zero   RW          130    .bss                startup_venus.o
    0x200023c8   0x00000180   Zero   RW          139    .bss                retarget.o
    0x20002548   0x000012c0   Zero   RW          198    .bss                wm_main.o
    0x20003808   0x00000400   Zero   RW          376    .bss                tls_sys.o
    0x20003c08   0x00000798   Zero   RW          411    .bss                wm_driver.o
    0x200043a0   0x00000ef4   Zero   RW          672    .bss                wm_common.o
    0x20005294   0x00000308   Zero   RW         1310    .bss                dhcp_server.o
    0x2000559c   0x00000028   Zero   RW         1461    .bss                dns_server.o
    0x200055c4   0x000019e8   Zero   RW         1485    .bss                wm_wifi_oneshot.o
    0x20006fac   0x000000e8   Zero   RW         1533    .bss                wm_oneshot_airkiss.o
    0x20007094   0x0000030c   Zero   RW         1566    .bss                wm_oneshot_lsd.o
    0x200073a0   0x0000027c   Zero   RW         1601    .bss                wm_cmd.o
    0x2000761c   0x000007d0   Zero   RW         1602    .bss                wm_cmd.o
    0x20007dec   0x00000004   PAD
    0x20007df0   0x00003614   Zero   RW         1753    .bss                wm_rtos.o
    0x2000b404   0x000011e0   Zero   RW         1841    .bss                lwip2.0.3.o
    0x2000c5e4   0x00000400   Zero   RW         3055    .bss                wm_http_compile.o
    0x2000c9e4   0x00000448   Zero   RW         3138    .bss                ping.o
    0x2000ce2c   0x00000d80   Zero   RW         3178    .bss                wm_matrixssl_compile.o
    0x2000dbac   0x000000f0   Zero   RW         4366    .bss                fs.o
    0x2000dc9c   0x00000094   Zero   RW         4744    .bss                wlan.lib(random.o)(wlan.lib)
    0x2000dd30   0x00002200   Zero   RW         4906    .bss                wlan.lib(wpa_supplicant.o)(wlan.lib)
    0x2000ff30   0x00001064   Zero   RW         5055    .bss                wlan.lib(tls_wl_core.o)(wlan.lib)
    0x20010f94   0x000000d8   Zero   RW         5318    .bss                wlan.lib(tls_wl_tx.o)(wlan.lib)
    0x2001106c   0x00000488   Zero   RW         5596    .bss                wlan.lib(wm_wifi_oneshot_api.o)(wlan.lib)
    0x200114f4   0x00000021   Zero   RW         6937    .bss                wlan.lib(tls_wl_util.o)(wlan.lib)
    0x20011515   0x00000003   PAD
    0x20011518   0x00000800   Zero   RW         6973    .bss                wlan.lib(tls_rf_tx_iq.o)(wlan.lib)
    0x20011d18   0x00000400   Zero   RW         7005    .bss                wlan.lib(tx_lo_cal.o)(wlan.lib)
    0x20012118   0x00000021   Zero   RW         7190    .bss                wlan.lib(common.o)(wlan.lib)
    0x20012139   0x00000007   PAD
    0x20012140   0x0001a000   Zero   RW          131    HEAP                startup_venus.o


==============================================================================

Image component sizes


      Code (inc. data)   RO Data    RW Data    ZI Data      Debug   Object Name

      2276         46          0          0        776          0   dhcp_server.o
       804         10          0          0         40          0   dns_server.o
       552         10       7196          0        240          0   fs.o
      2284        204        199         20          0          0   httpd.o
     50212        928        524        240       4576          0   lwip2.0.3.o
        24         18          0          0          0          0   main.o
       208         16          0          0          0          0   misc.o
      1404        424          0         24       1096          0   ping.o
      1342         10          0          4        384          0   retarget.o
        40          8        236          0     107520          0   startup_venus.o
       940         42          0          4       1024          0   tls_sys.o
      1312        220       1040         84          0          0   web.o
     28140       2138       1068       1844       2636          0   wm_cmd.o
     26656       2582       2776        130       3828          0   wm_common.o
     23904        954         68        184       1944          0   wm_driver.o
      6632        504         16          4       1024          0   wm_http_compile.o
       752        194          0          0          0          0   wm_http_fwup.o
       424         38         10          4       4800          0   wm_main.o
     26246       1224        169        244       3456          0   wm_matrixssl_compile.o
       540         80        102         18        232          0   wm_oneshot_airkiss.o
      2108        346        259         34        780          0   wm_oneshot_lsd.o
      7650        334        107        160      13844          0   wm_rtos.o
       372         38          0         16          0          0   wm_socket_fwup.o
         0          0          0          0          0          0   wm_uart_demo.o
      4988        362          0        117       6632          0   wm_wifi_oneshot.o

    ----------------------------------------------------------------------
    189816      10730      13814       3144     154836          0   Object Totals
         0          0         32          0          0          0   (incl. Generated)
         6          0         12         13          4          3   (incl. Padding)

    ----------------------------------------------------------------------

      Code (inc. data)   RO Data    RW Data    ZI Data      Debug   Library Member Name

      2496        528        546          0          0          0   airkiss_log.o
        56          8          0          0          0          0   __0sscanf.o
        92          0          0          0          0          0   __dczerorl2.o
        32          0          0          0          0          0   _chval.o
       824          6          0          0          0          0   _scanf.o
       334          0          0          0          0          0   _scanf_int.o
       216          0          0          0          0          0   _scanf_str.o
        64          0          0          0          0          0   _sgetc.o
       156          0          0          0          0          0   _strtoul.o
        26          0          0          0          0          0   atoi.o
        26          0          0          0          0          0   atol.o
         8          4        133          0          0          0   ctype_o.o
         0          0          0          0          0          0   entry.o
         8          4          0          0          0          0   entry2.o
         4          0          0          0          0          0   entry5.o
         8          4          0          0          0          0   entry7.o
         8          4          0          4          0          0   errno.o
        30          0          0          0          0          0   handlers.o
        36          8          0          0          0          0   init.o
        18          0          0          0          0          0   isspace_o.o
         0          0          0          0          0          0   iusefp.o
        90          0          0          0          0          0   ldiv.o
        30          0          0          0          0          0   llshl.o
        36          0          0          0          0          0   llsshr.o
        32          0          0          0          0          0   llushr.o
       356         28          0          0          0          0   mallocr.o
        20          0          0          0          0          0   memchr.o
        26          0          0          0          0          0   memcmp.o
        66          0          0          0          0          0   memmove.o
        38          0          0          0          0          0   memseta.o
         0          0          0          8          0          0   mvars.o
      2316        102          0          0          0          0   printfa.o
        36         10          0          4          0          0   rand.o
        44         10          0          0          0          0   scanf_char.o
        42          0          0          0          0          0   strcasecmp.o
        28          0          0          0          0          0   strcat.o
        18          0          0          0          0          0   strchr.o
        28          0          0          0          0          0   strcmp.o
        18          0          0          0          0          0   strcpy.o
        16          0          0          0          0          0   strlen.o
        30          0          0          0          0          0   strncmp.o
        24          0          0          0          0          0   strncpy.o
        44          0          0          0          0          0   strstr.o
       112          0          0          0          0          0   strtol.o
        12          0          0          0          0          0   tolower.o
        12          0          0          0          0          0   toupper.o
        44          0          0          0          0          0   uidiv.o
       102          0          0          0          0          0   uldiv.o
        40          2          0          0          0          0   cdrcmple.o
       330          0          0          0          0          0   dadd.o
       222          0          0          0          0          0   ddiv.o
       194          0          0          0          0          0   depilogue.o
        62          0          0          0          0          0   dfixi.o
        48          0          0          0          0          0   dfixul.o
        34          0          0          0          0          0   dflti.o
        26          0          0          0          0          0   dfltui.o
       226          0          0          0          0          0   dmul.o
        46          0          0          0          0          0   dscalb.o
      2228         28       4152          0          0          0   aesMatrix.o
       186          0          0          0          0          0   aes_unwrap.o
       168          0          0          0          0          0   aes_wrap.o
      2176         36        144          4          0          0   ap.o
        54          0          0          0          0          0   ap_mlme.o
      1224          0          0          0          0          0   beacon.o
       626          0          0          0          0          0   bss.o
       268         14          0          0         33          0   common.o
      3972         24          0          0          0          0   events.o
       804          4        104          0          0          0   hostapd.o
      1452         16          0          0          0          0   hostapd_sta_info.o
       580          0          0          0          0          0   hostapd_wpa_driver.o
      2574          0          0          0          0          0   ieee802_11.o
       674          0          0          0          0          0   ieee802_11_common.o
       148          0          0          0          0          0   ieee802_1x.o
      5452          0          0          0          0          0   libtommath.o
      1344         54          0        136          0          0   litepoint.o
      2396        262          0          0          0          0   md5.o
       108          0          0          0          0          0   os_internal.o
       384         14         32         20        148          0   random.o
       278          0          0          0          0          0   rc4.o
       492          4          0          0          0          0   scan.o
       248          0          0          0          0          0   sha1-pbkdf2.o
       382          0          0          0          0          0   sha1.o
      4792         42          0          0          0          0   sha1_internal.o
      1144         36        256          0          0          0   sha256.o
       240         10          0          0          0          0   tkip_countermeasures.o
       360         14       2048          8          0          0   tls_rf_fft.o
      3084        104          0       2492       2048          0   tls_rf_tx_iq.o
      1768         18          0          4          0          0   tls_wl_bss.o
      2400         94          0        120       4196          0   tls_wl_core.o
      3284        166          0        332          0          0   tls_wl_hw.o
      3048         48         73         24          0          0   tls_wl_if.o
       830          0          0          0          0          0   tls_wl_key.o
      3204         18          0          0          0          0   tls_wl_mgmt.o
      6072         82          0          0          0          0   tls_wl_mlme.o
       136         18         80          0          0          0   tls_wl_phy.o
      2840         38          0        796          0          0   tls_wl_rc.o
      2164        152        184        532          0          0   tls_wl_rf.o
      5104         72          6          8          0          0   tls_wl_rx.o
       784          4          0          0          0          0   tls_wl_scan.o
       572          6          0          0          0          0   tls_wl_sta_info.o
      4848        116          0         20        216          0   tls_wl_tx.o
      1188         26          0          0         33          0   tls_wl_util.o
      4440        154          0        352       1024          0   tx_lo_cal.o
      4948        104          0         16          0          0   wm_wifi_api.o
      2152         40          0         28       1160          0   wm_wifi_oneshot_api.o
      4170        110        176          0          0          0   wpa.o
      5876        160          0          0          0          0   wpa_auth.o
       128          0          0          0          0          0   wpa_auth_glue.o
      1676         12          0          0          0          0   wpa_auth_ie.o
      1372         86          0          0          0          0   wpa_common.o
      1150          0          0          0          0          0   wpa_driver.o
      1012         10          0          0          0          0   wpa_ie.o
      5708        230          0         80       8704          0   wpa_supplicant.o
       322          0          0          0          0          0   wpabuf.o
       308          0          0          0          0          0   wpas_glue.o

    ----------------------------------------------------------------------
    118648       3144       7938       4988      17576          0   Library Totals
        16          0          4          0         14          0   (incl. Padding)

    ----------------------------------------------------------------------

      Code (inc. data)   RO Data    RW Data    ZI Data      Debug   Library Name

      2496        528        546          0          0        416   libairkiss_log.lib
      5566        188        133         16          0       4084   mc_w.l
      1228          2          0          0          0        976   mf_w.l
    109342       2426       7255       4972      17562    2252292   wlan.lib

    ----------------------------------------------------------------------
    118648       3144       7938       4988      17576          0   Library Totals

    ----------------------------------------------------------------------

==============================================================================


      Code (inc. data)   RO Data    RW Data    ZI Data      Debug   

    308464      13874      21752       8132     172412    3835560   Grand Totals
    308464      13874      21752       3988     172412    3835560   ELF Image Totals (compressed)
    308464      13874      21752       3988          0          0   ROM Totals

==============================================================================

    Total RO  Size (Code + RO Data)               330216 ( 322.48kB)
    Total RW  Size (RW Data + ZI Data)            180544 ( 176.31kB)
    Total ROM Size (Code + RO Data + RW Data)     334204 ( 326.37kB)

==============================================================================

