<html>
<body>
<pre>
<h1>礦ision Build Log</h1>
<h2>Project:</h2>
C:\Users\lirui\Desktop\W600相关\SDK\WM_SDK_W60X_G3.02.00\WM_SDK\Tools\Keil\Project\WM_W600.uvproj
Project File Date:  03/06/2019

<h2>Output:</h2>
Build target 'Flash'
compiling main.c...
assembling startup_venus.s...
compiling retarget.c...
compiling misc.c...
compiling wm_main.c...
compiling tls_sys.c...
compiling wm_driver.c...
compiling wm_common.c...
compiling wm_uart_demo.c...
compiling wm_demo_console_task.c...
compiling wm_gpio_demo.c...
compiling wm_flash_demo.c...
compiling wm_pwm_demo.c...
compiling wm_master_spi_demo.c...
compiling wm_rtc_demo.c...
compiling wm_timer_demo.c...
compiling wm_pmu_demo.c...
compiling wm_crypt_hard_demo.c...
compiling wm_rsa_demo.c...
compiling wm_socket_client_demo.c...
compiling wm_connect_net_demo.c...
compiling wm_apsta_demo.c...
compiling wm_softap_demo.c...
compiling wm_ntp_demo.c...
compiling wm_udp_demo.c...
compiling wm_socket_server_demo.c...
compiling wm_wps_demo.c...
compiling wm_http_demo.c...
compiling wm_i2c_demo.c...
compiling wm_i2s_demo.c...
compiling wm_websockets_demo.c...
compiling wm_slave_spi_demo.c...
compiling wm_ssl_server_demo.c...
compiling wm_scan_demo.c...
compiling wm_adc_demo.c...
compiling wm_7816_demo.c...
compiling dhcp_server.c...
compiling dns_server.c...
compiling wm_wifi_oneshot.c...
compiling wm_oneshot_airkiss.c...
compiling wm_oneshot_lsd.c...
compiling wm_cmd.c...
compiling wm_rtos.c...
compiling lwip2.0.3.c...
compiling ntp_client.c...
compiling base64-decode.c...
compiling client.c...
compiling client-handshake.c...
compiling client-parser.c...
compiling context.c...
compiling handshake.c...
compiling header.c...
compiling libwebsockets.c...
compiling lws-plat-wm.c...
compiling output.c...
compiling parsers.c...
compiling pollfd.c...
compiling service.c...
compiling ssl.c...
compiling ssl-client.c...
compiling address.c...
compiling async.c...
compiling block.c...
compiling coap_time.c...
compiling debug.c...
compiling encode.c...
compiling hashkey.c...
compiling option.c...
compiling pdu.c...
compiling resource.c...
compiling str.c...
compiling subscribe.c...
compiling uri_libcoap.c...
compiling mem_libcoap.c...
compiling coap_io_lwip.c...
compiling net.c...
compiling cJSON.c...
compiling wm_http_compile.c...
compiling libemqtt.c...
compiling ping.c...
compiling wm_matrixssl_compile.c...
compiling iperf_api.c...
compiling iperf_client_api.c...
compiling iperf_error.c...
compiling iperf_locale.c...
compiling iperf_main.c...
compiling iperf_net.c...
compiling iperf_server_api.c...
compiling iperf_tcp.c...
compiling iperf_timer.c...
compiling iperf_udp.c...
compiling iperf_units.c...
compiling iperf_util.c...
compiling tcp_info.c...
compiling tcp_window_size.c...
compiling wm_perf.c...
compiling asn1parse.c...
compiling base64.c...
compiling cipher.c...
compiling cipher_wrap.c...
compiling error.c...
compiling md.c...
compiling md_wrap.c...
compiling pem.c...
compiling rsa.c...
compiling ssl_cli.c...
compiling ssl_tls.c...
compiling x509parse.c...
compiling polarssl_bignum.c...
compiling polarssl_debug.c...
compiling polarssl_md5.c...
compiling polarssl_sha1.c...
compiling arc4.c...
compiling mDNSPosix.c...
compiling mDNS.c...
compiling wm_http_fwup.c...
compiling wm_socket_fwup.c...
compiling wm_ssl_server.c...
compiling fs.c...
compiling httpd.c...
compiling web.c...
linking...
Program Size: Code=308464 RO-data=21752 RW-data=8132 ZI-data=172412  
FromELF: creating hex file...
User command #1: fromelf.exe --bin -o "C:\Users\lirui\Desktop\W600相关\SDK\WM_SDK_W60X_G3.02.00\WM_SDK\Tools\Keil\Project\objs\WM_W600.bin" "C:\Users\lirui\Desktop\W600相关\SDK\WM_SDK_W60X_G3.02.00\WM_SDK\Tools\Keil\Project\objs\WM_W600.axf"
User command #2: makeimg.bat
已复制         1 个文件。
已复制         1 个文件。
已复制         1 个文件。
secboot_len:4948, app_imglen:519b4, total:5f9b4
".\objs\WM_W600.axf" - 0 Error(s), 0 Warning(s).
